student@T14:~$ cd ajce
student@T14:~/ajce$ cd mca
student@T14:~/ajce/mca$ cd copy
student@T14:~/ajce/mca/copy$ find . -name file1.txt
./merge/file1.txt
./file1.txt
student@T14:~/ajce/mca/copy$ find / -name f1.txt
find: ‘/tmp/systemd-private-83b29986ea8d4e98a4ab38b42f634e58-bolt.service-nmXTwH’: Permission denied
find: ‘/tmp/systemd-private-83b29986ea8d4e98a4ab38b42f634e58-systemd-resolved.service-1CJ1oQ’: Permission denied
find: ‘/tmp/systemd-private-83b29986ea8d4e98a4ab38b42f634e58-systemd-timesyncd.service-C6VmhC’: Permission denied
find: ‘/tmp/systemd-private-83b29986ea8d4e98a4ab38b42f634e58-rtkit-daemon.service-yVHBoC’: Permission denied
find: ‘/tmp/systemd-private-83b29986ea8d4e98a4ab38b42f634e58-fwupd.service-pNmdqF’: Permission denied
find: ‘/tmp/systemd-private-83b29986ea8d4e98a4ab38b42f634e58-colord.service-9mPEtm’: Permission denied
find: ‘/media’: Permission denied
find: ‘/proc/tty/driver’: Permission denied
find: ‘/proc/1/task/1/fd’: Permission denied
find: ‘/proc/1/task/1/fdinfo’: Permission denied
find: ‘/proc/1/task/1/ns’: Permission denied
find: ‘/proc/1/fd’: Permission denied
find: ‘/proc/1/map_files’: Permission denied
find: ‘/proc/1/fdinfo’: Permission denied
find: ‘/proc/1/ns’: Permission denied
find: ‘/proc/2/task/2/fd’: Permission denied
find: ‘/proc/2/task/2/fdinfo’: Permission denied
find: ‘/proc/2/task/2/ns’: Permission denied
find: ‘/proc/2/fd’: Permission denied
find: ‘/proc/2/map_files’: Permission denied
find: ‘/proc/2/fdinfo’: Permission denied
find: ‘/proc/2/ns’: Permission denied
find: ‘/proc/4/task/4/fd’: Permission denied
find: ‘/proc/4/task/4/fdinfo’: Permission denied
find: ‘/proc/4/task/4/ns’: Permission denied
find: ‘/proc/4/fd’: Permission denied
find: ‘/proc/4/map_files’: Permission denied
find: ‘/proc/4/fdinfo’: Permission denied
find: ‘/proc/4/ns’: Permission denied
find: ‘/proc/6/task/6/fd’: Permission denied
find: ‘/proc/6/task/6/fdinfo’: Permission denied
find: ‘/proc/6/task/6/ns’: Permission denied
find: ‘/proc/6/fd’: Permission denied
find: ‘/proc/6/map_files’: Permission denied
find: ‘/proc/6/fdinfo’: Permission denied
find: ‘/proc/6/ns’: Permission denied
find: ‘/proc/7/task/7/fd’: Permission denied
find: ‘/proc/7/task/7/fdinfo’: Permission denied
find: ‘/proc/7/task/7/ns’: Permission denied
find: ‘/proc/7/fd’: Permission denied
find: ‘/proc/7/map_files’: Permission denied
find: ‘/proc/7/fdinfo’: Permission denied
find: ‘/proc/7/ns’: Permission denied
find: ‘/proc/8/task/8/fd’: Permission denied
find: ‘/proc/8/task/8/fdinfo’: Permission denied
find: ‘/proc/8/task/8/ns’: Permission denied
find: ‘/proc/8/fd’: Permission denied
find: ‘/proc/8/map_files’: Permission denied
find: ‘/proc/8/fdinfo’: Permission denied
find: ‘/proc/8/ns’: Permission denied
find: ‘/proc/9/task/9/fd’: Permission denied
find: ‘/proc/9/task/9/fdinfo’: Permission denied
find: ‘/proc/9/task/9/ns’: Permission denied
find: ‘/proc/9/fd’: Permission denied
find: ‘/proc/9/map_files’: Permission denied
find: ‘/proc/9/fdinfo’: Permission denied
find: ‘/proc/9/ns’: Permission denied
find: ‘/proc/10/task/10/fd’: Permission denied
find: ‘/proc/10/task/10/fdinfo’: Permission denied
find: ‘/proc/10/task/10/ns’: Permission denied
find: ‘/proc/10/fd’: Permission denied
find: ‘/proc/10/map_files’: Permission denied
find: ‘/proc/10/fdinfo’: Permission denied
find: ‘/proc/10/ns’: Permission denied
find: ‘/proc/11/task/11/fd’: Permission denied
find: ‘/proc/11/task/11/fdinfo’: Permission denied
find: ‘/proc/11/task/11/ns’: Permission denied
find: ‘/proc/11/fd’: Permission denied
find: ‘/proc/11/map_files’: Permission denied
find: ‘/proc/11/fdinfo’: Permission denied
find: ‘/proc/11/ns’: Permission denied
find: ‘/proc/12/task/12/fd’: Permission denied
find: ‘/proc/12/task/12/fdinfo’: Permission denied
find: ‘/proc/12/task/12/ns’: Permission denied
find: ‘/proc/12/fd’: Permission denied
find: ‘/proc/12/map_files’: Permission denied
find: ‘/proc/12/fdinfo’: Permission denied
find: ‘/proc/12/ns’: Permission denied
find: ‘/proc/13/task/13/fd’: Permission denied
find: ‘/proc/13/task/13/fdinfo’: Permission denied
find: ‘/proc/13/task/13/ns’: Permission denied
find: ‘/proc/13/fd’: Permission denied
find: ‘/proc/13/map_files’: Permission denied
find: ‘/proc/13/fdinfo’: Permission denied
find: ‘/proc/13/ns’: Permission denied
find: ‘/proc/14/task/14/fd’: Permission denied
find: ‘/proc/14/task/14/fdinfo’: Permission denied
find: ‘/proc/14/task/14/ns’: Permission denied
find: ‘/proc/14/fd’: Permission denied
find: ‘/proc/14/map_files’: Permission denied
find: ‘/proc/14/fdinfo’: Permission denied
find: ‘/proc/14/ns’: Permission denied
find: ‘/proc/15/task/15/fd’: Permission denied
find: ‘/proc/15/task/15/fdinfo’: Permission denied
find: ‘/proc/15/task/15/ns’: Permission denied
find: ‘/proc/15/fd’: Permission denied
find: ‘/proc/15/map_files’: Permission denied
find: ‘/proc/15/fdinfo’: Permission denied
find: ‘/proc/15/ns’: Permission denied
find: ‘/proc/16/task/16/fd’: Permission denied
find: ‘/proc/16/task/16/fdinfo’: Permission denied
find: ‘/proc/16/task/16/ns’: Permission denied
find: ‘/proc/16/fd’: Permission denied
find: ‘/proc/16/map_files’: Permission denied
find: ‘/proc/16/fdinfo’: Permission denied
find: ‘/proc/16/ns’: Permission denied
find: ‘/proc/18/task/18/fd’: Permission denied
find: ‘/proc/18/task/18/fdinfo’: Permission denied
find: ‘/proc/18/task/18/ns’: Permission denied
find: ‘/proc/18/fd’: Permission denied
find: ‘/proc/18/map_files’: Permission denied
find: ‘/proc/18/fdinfo’: Permission denied
find: ‘/proc/18/ns’: Permission denied
find: ‘/proc/19/task/19/fd’: Permission denied
find: ‘/proc/19/task/19/fdinfo’: Permission denied
find: ‘/proc/19/task/19/ns’: Permission denied
find: ‘/proc/19/fd’: Permission denied
find: ‘/proc/19/map_files’: Permission denied
find: ‘/proc/19/fdinfo’: Permission denied
find: ‘/proc/19/ns’: Permission denied
find: ‘/proc/20/task/20/fd’: Permission denied
find: ‘/proc/20/task/20/fdinfo’: Permission denied
find: ‘/proc/20/task/20/ns’: Permission denied
find: ‘/proc/20/fd’: Permission denied
find: ‘/proc/20/map_files’: Permission denied
find: ‘/proc/20/fdinfo’: Permission denied
find: ‘/proc/20/ns’: Permission denied
find: ‘/proc/21/task/21/fd’: Permission denied
find: ‘/proc/21/task/21/fdinfo’: Permission denied
find: ‘/proc/21/task/21/ns’: Permission denied
find: ‘/proc/21/fd’: Permission denied
find: ‘/proc/21/map_files’: Permission denied
find: ‘/proc/21/fdinfo’: Permission denied
find: ‘/proc/21/ns’: Permission denied
find: ‘/proc/22/task/22/fd’: Permission denied
find: ‘/proc/22/task/22/fdinfo’: Permission denied
find: ‘/proc/22/task/22/ns’: Permission denied
find: ‘/proc/22/fd’: Permission denied
find: ‘/proc/22/map_files’: Permission denied
find: ‘/proc/22/fdinfo’: Permission denied
find: ‘/proc/22/ns’: Permission denied
find: ‘/proc/24/task/24/fd’: Permission denied
find: ‘/proc/24/task/24/fdinfo’: Permission denied
find: ‘/proc/24/task/24/ns’: Permission denied
find: ‘/proc/24/fd’: Permission denied
find: ‘/proc/24/map_files’: Permission denied
find: ‘/proc/24/fdinfo’: Permission denied
find: ‘/proc/24/ns’: Permission denied
find: ‘/proc/25/task/25/fd’: Permission denied
find: ‘/proc/25/task/25/fdinfo’: Permission denied
find: ‘/proc/25/task/25/ns’: Permission denied
find: ‘/proc/25/fd’: Permission denied
find: ‘/proc/25/map_files’: Permission denied
find: ‘/proc/25/fdinfo’: Permission denied
find: ‘/proc/25/ns’: Permission denied
find: ‘/proc/26/task/26/fd’: Permission denied
find: ‘/proc/26/task/26/fdinfo’: Permission denied
find: ‘/proc/26/task/26/ns’: Permission denied
find: ‘/proc/26/fd’: Permission denied
find: ‘/proc/26/map_files’: Permission denied
find: ‘/proc/26/fdinfo’: Permission denied
find: ‘/proc/26/ns’: Permission denied
find: ‘/proc/27/task/27/fd’: Permission denied
find: ‘/proc/27/task/27/fdinfo’: Permission denied
find: ‘/proc/27/task/27/ns’: Permission denied
find: ‘/proc/27/fd’: Permission denied
find: ‘/proc/27/map_files’: Permission denied
find: ‘/proc/27/fdinfo’: Permission denied
find: ‘/proc/27/ns’: Permission denied
find: ‘/proc/28/task/28/fd’: Permission denied
find: ‘/proc/28/task/28/fdinfo’: Permission denied
find: ‘/proc/28/task/28/ns’: Permission denied
find: ‘/proc/28/fd’: Permission denied
find: ‘/proc/28/map_files’: Permission denied
find: ‘/proc/28/fdinfo’: Permission denied
find: ‘/proc/28/ns’: Permission denied
find: ‘/proc/30/task/30/fd’: Permission denied
find: ‘/proc/30/task/30/fdinfo’: Permission denied
find: ‘/proc/30/task/30/ns’: Permission denied
find: ‘/proc/30/fd’: Permission denied
find: ‘/proc/30/map_files’: Permission denied
find: ‘/proc/30/fdinfo’: Permission denied
find: ‘/proc/30/ns’: Permission denied
find: ‘/proc/31/task/31/fd’: Permission denied
find: ‘/proc/31/task/31/fdinfo’: Permission denied
find: ‘/proc/31/task/31/ns’: Permission denied
find: ‘/proc/31/fd’: Permission denied
find: ‘/proc/31/map_files’: Permission denied
find: ‘/proc/31/fdinfo’: Permission denied
find: ‘/proc/31/ns’: Permission denied
find: ‘/proc/32/task/32/fd’: Permission denied
find: ‘/proc/32/task/32/fdinfo’: Permission denied
find: ‘/proc/32/task/32/ns’: Permission denied
find: ‘/proc/32/fd’: Permission denied
find: ‘/proc/32/map_files’: Permission denied
find: ‘/proc/32/fdinfo’: Permission denied
find: ‘/proc/32/ns’: Permission denied
find: ‘/proc/33/task/33/fd’: Permission denied
find: ‘/proc/33/task/33/fdinfo’: Permission denied
find: ‘/proc/33/task/33/ns’: Permission denied
find: ‘/proc/33/fd’: Permission denied
find: ‘/proc/33/map_files’: Permission denied
find: ‘/proc/33/fdinfo’: Permission denied
find: ‘/proc/33/ns’: Permission denied
find: ‘/proc/34/task/34/fd’: Permission denied
find: ‘/proc/34/task/34/fdinfo’: Permission denied
find: ‘/proc/34/task/34/ns’: Permission denied
find: ‘/proc/34/fd’: Permission denied
find: ‘/proc/34/map_files’: Permission denied
find: ‘/proc/34/fdinfo’: Permission denied
find: ‘/proc/34/ns’: Permission denied
find: ‘/proc/35/task/35/fd’: Permission denied
find: ‘/proc/35/task/35/fdinfo’: Permission denied
find: ‘/proc/35/task/35/ns’: Permission denied
find: ‘/proc/35/fd’: Permission denied
find: ‘/proc/35/map_files’: Permission denied
find: ‘/proc/35/fdinfo’: Permission denied
find: ‘/proc/35/ns’: Permission denied
find: ‘/proc/37/task/37/fd’: Permission denied
find: ‘/proc/37/task/37/fdinfo’: Permission denied
find: ‘/proc/37/task/37/ns’: Permission denied
find: ‘/proc/37/fd’: Permission denied
find: ‘/proc/37/map_files’: Permission denied
find: ‘/proc/37/fdinfo’: Permission denied
find: ‘/proc/37/ns’: Permission denied
find: ‘/proc/38/task/38/fd’: Permission denied
find: ‘/proc/38/task/38/fdinfo’: Permission denied
find: ‘/proc/38/task/38/ns’: Permission denied
find: ‘/proc/38/fd’: Permission denied
find: ‘/proc/38/map_files’: Permission denied
find: ‘/proc/38/fdinfo’: Permission denied
find: ‘/proc/38/ns’: Permission denied
find: ‘/proc/39/task/39/fd’: Permission denied
find: ‘/proc/39/task/39/fdinfo’: Permission denied
find: ‘/proc/39/task/39/ns’: Permission denied
find: ‘/proc/39/fd’: Permission denied
find: ‘/proc/39/map_files’: Permission denied
find: ‘/proc/39/fdinfo’: Permission denied
find: ‘/proc/39/ns’: Permission denied
find: ‘/proc/40/task/40/fd’: Permission denied
find: ‘/proc/40/task/40/fdinfo’: Permission denied
find: ‘/proc/40/task/40/ns’: Permission denied
find: ‘/proc/40/fd’: Permission denied
find: ‘/proc/40/map_files’: Permission denied
find: ‘/proc/40/fdinfo’: Permission denied
find: ‘/proc/40/ns’: Permission denied
find: ‘/proc/41/task/41/fd’: Permission denied
find: ‘/proc/41/task/41/fdinfo’: Permission denied
find: ‘/proc/41/task/41/ns’: Permission denied
find: ‘/proc/41/fd’: Permission denied
find: ‘/proc/41/map_files’: Permission denied
find: ‘/proc/41/fdinfo’: Permission denied
find: ‘/proc/41/ns’: Permission denied
find: ‘/proc/42/task/42/fd’: Permission denied
find: ‘/proc/42/task/42/fdinfo’: Permission denied
find: ‘/proc/42/task/42/ns’: Permission denied
find: ‘/proc/42/fd’: Permission denied
find: ‘/proc/42/map_files’: Permission denied
find: ‘/proc/42/fdinfo’: Permission denied
find: ‘/proc/42/ns’: Permission denied
find: ‘/proc/43/task/43/fd’: Permission denied
find: ‘/proc/43/task/43/fdinfo’: Permission denied
find: ‘/proc/43/task/43/ns’: Permission denied
find: ‘/proc/43/fd’: Permission denied
find: ‘/proc/43/map_files’: Permission denied
find: ‘/proc/43/fdinfo’: Permission denied
find: ‘/proc/43/ns’: Permission denied
find: ‘/proc/44/task/44/fd’: Permission denied
find: ‘/proc/44/task/44/fdinfo’: Permission denied
find: ‘/proc/44/task/44/ns’: Permission denied
find: ‘/proc/44/fd’: Permission denied
find: ‘/proc/44/map_files’: Permission denied
find: ‘/proc/44/fdinfo’: Permission denied
find: ‘/proc/44/ns’: Permission denied
find: ‘/proc/45/task/45/fd’: Permission denied
find: ‘/proc/45/task/45/fdinfo’: Permission denied
find: ‘/proc/45/task/45/ns’: Permission denied
find: ‘/proc/45/fd’: Permission denied
find: ‘/proc/45/map_files’: Permission denied
find: ‘/proc/45/fdinfo’: Permission denied
find: ‘/proc/45/ns’: Permission denied
find: ‘/proc/46/task/46/fd’: Permission denied
find: ‘/proc/46/task/46/fdinfo’: Permission denied
find: ‘/proc/46/task/46/ns’: Permission denied
find: ‘/proc/46/fd’: Permission denied
find: ‘/proc/46/map_files’: Permission denied
find: ‘/proc/46/fdinfo’: Permission denied
find: ‘/proc/46/ns’: Permission denied
find: ‘/proc/47/task/47/fd’: Permission denied
find: ‘/proc/47/task/47/fdinfo’: Permission denied
find: ‘/proc/47/task/47/ns’: Permission denied
find: ‘/proc/47/fd’: Permission denied
find: ‘/proc/47/map_files’: Permission denied
find: ‘/proc/47/fdinfo’: Permission denied
find: ‘/proc/47/ns’: Permission denied
find: ‘/proc/48/task/48/fd’: Permission denied
find: ‘/proc/48/task/48/fdinfo’: Permission denied
find: ‘/proc/48/task/48/ns’: Permission denied
find: ‘/proc/48/fd’: Permission denied
find: ‘/proc/48/map_files’: Permission denied
find: ‘/proc/48/fdinfo’: Permission denied
find: ‘/proc/48/ns’: Permission denied
find: ‘/proc/49/task/49/fd’: Permission denied
find: ‘/proc/49/task/49/fdinfo’: Permission denied
find: ‘/proc/49/task/49/ns’: Permission denied
find: ‘/proc/49/fd’: Permission denied
find: ‘/proc/49/map_files’: Permission denied
find: ‘/proc/49/fdinfo’: Permission denied
find: ‘/proc/49/ns’: Permission denied
find: ‘/proc/50/task/50/fd’: Permission denied
find: ‘/proc/50/task/50/fdinfo’: Permission denied
find: ‘/proc/50/task/50/ns’: Permission denied
find: ‘/proc/50/fd’: Permission denied
find: ‘/proc/50/map_files’: Permission denied
find: ‘/proc/50/fdinfo’: Permission denied
find: ‘/proc/50/ns’: Permission denied
find: ‘/proc/51/task/51/fd’: Permission denied
find: ‘/proc/51/task/51/fdinfo’: Permission denied
find: ‘/proc/51/task/51/ns’: Permission denied
find: ‘/proc/51/fd’: Permission denied
find: ‘/proc/51/map_files’: Permission denied
find: ‘/proc/51/fdinfo’: Permission denied
find: ‘/proc/51/ns’: Permission denied
find: ‘/proc/52/task/52/fd’: Permission denied
find: ‘/proc/52/task/52/fdinfo’: Permission denied
find: ‘/proc/52/task/52/ns’: Permission denied
find: ‘/proc/52/fd’: Permission denied
find: ‘/proc/52/map_files’: Permission denied
find: ‘/proc/52/fdinfo’: Permission denied
find: ‘/proc/52/ns’: Permission denied
find: ‘/proc/55/task/55/fd’: Permission denied
find: ‘/proc/55/task/55/fdinfo’: Permission denied
find: ‘/proc/55/task/55/ns’: Permission denied
find: ‘/proc/55/fd’: Permission denied
find: ‘/proc/55/map_files’: Permission denied
find: ‘/proc/55/fdinfo’: Permission denied
find: ‘/proc/55/ns’: Permission denied
find: ‘/proc/56/task/56/fd’: Permission denied
find: ‘/proc/56/task/56/fdinfo’: Permission denied
find: ‘/proc/56/task/56/ns’: Permission denied
find: ‘/proc/56/fd’: Permission denied
find: ‘/proc/56/map_files’: Permission denied
find: ‘/proc/56/fdinfo’: Permission denied
find: ‘/proc/56/ns’: Permission denied
find: ‘/proc/98/task/98/fd’: Permission denied
find: ‘/proc/98/task/98/fdinfo’: Permission denied
find: ‘/proc/98/task/98/ns’: Permission denied
find: ‘/proc/98/fd’: Permission denied
find: ‘/proc/98/map_files’: Permission denied
find: ‘/proc/98/fdinfo’: Permission denied
find: ‘/proc/98/ns’: Permission denied
find: ‘/proc/99/task/99/fd’: Permission denied
find: ‘/proc/99/task/99/fdinfo’: Permission denied
find: ‘/proc/99/task/99/ns’: Permission denied
find: ‘/proc/99/fd’: Permission denied
find: ‘/proc/99/map_files’: Permission denied
find: ‘/proc/99/fdinfo’: Permission denied
find: ‘/proc/99/ns’: Permission denied
find: ‘/proc/103/task/103/fd’: Permission denied
find: ‘/proc/103/task/103/fdinfo’: Permission denied
find: ‘/proc/103/task/103/ns’: Permission denied
find: ‘/proc/103/fd’: Permission denied
find: ‘/proc/103/map_files’: Permission denied
find: ‘/proc/103/fdinfo’: Permission denied
find: ‘/proc/103/ns’: Permission denied
find: ‘/proc/112/task/112/fd’: Permission denied
find: ‘/proc/112/task/112/fdinfo’: Permission denied
find: ‘/proc/112/task/112/ns’: Permission denied
find: ‘/proc/112/fd’: Permission denied
find: ‘/proc/112/map_files’: Permission denied
find: ‘/proc/112/fdinfo’: Permission denied
find: ‘/proc/112/ns’: Permission denied
find: ‘/proc/129/task/129/fd’: Permission denied
find: ‘/proc/129/task/129/fdinfo’: Permission denied
find: ‘/proc/129/task/129/ns’: Permission denied
find: ‘/proc/129/fd’: Permission denied
find: ‘/proc/129/map_files’: Permission denied
find: ‘/proc/129/fdinfo’: Permission denied
find: ‘/proc/129/ns’: Permission denied
find: ‘/proc/181/task/181/fd’: Permission denied
find: ‘/proc/181/task/181/fdinfo’: Permission denied
find: ‘/proc/181/task/181/ns’: Permission denied
find: ‘/proc/181/fd’: Permission denied
find: ‘/proc/181/map_files’: Permission denied
find: ‘/proc/181/fdinfo’: Permission denied
find: ‘/proc/181/ns’: Permission denied
find: ‘/proc/182/task/182/fd’: Permission denied
find: ‘/proc/182/task/182/fdinfo’: Permission denied
find: ‘/proc/182/task/182/ns’: Permission denied
find: ‘/proc/182/fd’: Permission denied
find: ‘/proc/182/map_files’: Permission denied
find: ‘/proc/182/fdinfo’: Permission denied
find: ‘/proc/182/ns’: Permission denied
find: ‘/proc/183/task/183/fd’: Permission denied
find: ‘/proc/183/task/183/fdinfo’: Permission denied
find: ‘/proc/183/task/183/ns’: Permission denied
find: ‘/proc/183/fd’: Permission denied
find: ‘/proc/183/map_files’: Permission denied
find: ‘/proc/183/fdinfo’: Permission denied
find: ‘/proc/183/ns’: Permission denied
find: ‘/proc/184/task/184/fd’: Permission denied
find: ‘/proc/184/task/184/fdinfo’: Permission denied
find: ‘/proc/184/task/184/ns’: Permission denied
find: ‘/proc/184/fd’: Permission denied
find: ‘/proc/184/map_files’: Permission denied
find: ‘/proc/184/fdinfo’: Permission denied
find: ‘/proc/184/ns’: Permission denied
find: ‘/proc/185/task/185/fd’: Permission denied
find: ‘/proc/185/task/185/fdinfo’: Permission denied
find: ‘/proc/185/task/185/ns’: Permission denied
find: ‘/proc/185/fd’: Permission denied
find: ‘/proc/185/map_files’: Permission denied
find: ‘/proc/185/fdinfo’: Permission denied
find: ‘/proc/185/ns’: Permission denied
find: ‘/proc/186/task/186/fd’: Permission denied
find: ‘/proc/186/task/186/fdinfo’: Permission denied
find: ‘/proc/186/task/186/ns’: Permission denied
find: ‘/proc/186/fd’: Permission denied
find: ‘/proc/186/map_files’: Permission denied
find: ‘/proc/186/fdinfo’: Permission denied
find: ‘/proc/186/ns’: Permission denied
find: ‘/proc/187/task/187/fd’: Permission denied
find: ‘/proc/187/task/187/fdinfo’: Permission denied
find: ‘/proc/187/task/187/ns’: Permission denied
find: ‘/proc/187/fd’: Permission denied
find: ‘/proc/187/map_files’: Permission denied
find: ‘/proc/187/fdinfo’: Permission denied
find: ‘/proc/187/ns’: Permission denied
find: ‘/proc/188/task/188/fd’: Permission denied
find: ‘/proc/188/task/188/fdinfo’: Permission denied
find: ‘/proc/188/task/188/ns’: Permission denied
find: ‘/proc/188/fd’: Permission denied
find: ‘/proc/188/map_files’: Permission denied
find: ‘/proc/188/fdinfo’: Permission denied
find: ‘/proc/188/ns’: Permission denied
find: ‘/proc/189/task/189/fd’: Permission denied
find: ‘/proc/189/task/189/fdinfo’: Permission denied
find: ‘/proc/189/task/189/ns’: Permission denied
find: ‘/proc/189/fd’: Permission denied
find: ‘/proc/189/map_files’: Permission denied
find: ‘/proc/189/fdinfo’: Permission denied
find: ‘/proc/189/ns’: Permission denied
find: ‘/proc/190/task/190/fd’: Permission denied
find: ‘/proc/190/task/190/fdinfo’: Permission denied
find: ‘/proc/190/task/190/ns’: Permission denied
find: ‘/proc/190/fd’: Permission denied
find: ‘/proc/190/map_files’: Permission denied
find: ‘/proc/190/fdinfo’: Permission denied
find: ‘/proc/190/ns’: Permission denied
find: ‘/proc/191/task/191/fd’: Permission denied
find: ‘/proc/191/task/191/fdinfo’: Permission denied
find: ‘/proc/191/task/191/ns’: Permission denied
find: ‘/proc/191/fd’: Permission denied
find: ‘/proc/191/map_files’: Permission denied
find: ‘/proc/191/fdinfo’: Permission denied
find: ‘/proc/191/ns’: Permission denied
find: ‘/proc/192/task/192/fd’: Permission denied
find: ‘/proc/192/task/192/fdinfo’: Permission denied
find: ‘/proc/192/task/192/ns’: Permission denied
find: ‘/proc/192/fd’: Permission denied
find: ‘/proc/192/map_files’: Permission denied
find: ‘/proc/192/fdinfo’: Permission denied
find: ‘/proc/192/ns’: Permission denied
find: ‘/proc/194/task/194/fd’: Permission denied
find: ‘/proc/194/task/194/fdinfo’: Permission denied
find: ‘/proc/194/task/194/ns’: Permission denied
find: ‘/proc/194/fd’: Permission denied
find: ‘/proc/194/map_files’: Permission denied
find: ‘/proc/194/fdinfo’: Permission denied
find: ‘/proc/194/ns’: Permission denied
find: ‘/proc/195/task/195/fd’: Permission denied
find: ‘/proc/195/task/195/fdinfo’: Permission denied
find: ‘/proc/195/task/195/ns’: Permission denied
find: ‘/proc/195/fd’: Permission denied
find: ‘/proc/195/map_files’: Permission denied
find: ‘/proc/195/fdinfo’: Permission denied
find: ‘/proc/195/ns’: Permission denied
find: ‘/proc/197/task/197/fd’: Permission denied
find: ‘/proc/197/task/197/fdinfo’: Permission denied
find: ‘/proc/197/task/197/ns’: Permission denied
find: ‘/proc/197/fd’: Permission denied
find: ‘/proc/197/map_files’: Permission denied
find: ‘/proc/197/fdinfo’: Permission denied
find: ‘/proc/197/ns’: Permission denied
find: ‘/proc/198/task/198/fd’: Permission denied
find: ‘/proc/198/task/198/fdinfo’: Permission denied
find: ‘/proc/198/task/198/ns’: Permission denied
find: ‘/proc/198/fd’: Permission denied
find: ‘/proc/198/map_files’: Permission denied
find: ‘/proc/198/fdinfo’: Permission denied
find: ‘/proc/198/ns’: Permission denied
find: ‘/proc/199/task/199/fd’: Permission denied
find: ‘/proc/199/task/199/fdinfo’: Permission denied
find: ‘/proc/199/task/199/ns’: Permission denied
find: ‘/proc/199/fd’: Permission denied
find: ‘/proc/199/map_files’: Permission denied
find: ‘/proc/199/fdinfo’: Permission denied
find: ‘/proc/199/ns’: Permission denied
find: ‘/proc/200/task/200/fd’: Permission denied
find: ‘/proc/200/task/200/fdinfo’: Permission denied
find: ‘/proc/200/task/200/ns’: Permission denied
find: ‘/proc/200/fd’: Permission denied
find: ‘/proc/200/map_files’: Permission denied
find: ‘/proc/200/fdinfo’: Permission denied
find: ‘/proc/200/ns’: Permission denied
find: ‘/proc/201/task/201/fd’: Permission denied
find: ‘/proc/201/task/201/fdinfo’: Permission denied
find: ‘/proc/201/task/201/ns’: Permission denied
find: ‘/proc/201/fd’: Permission denied
find: ‘/proc/201/map_files’: Permission denied
find: ‘/proc/201/fdinfo’: Permission denied
find: ‘/proc/201/ns’: Permission denied
find: ‘/proc/202/task/202/fd’: Permission denied
find: ‘/proc/202/task/202/fdinfo’: Permission denied
find: ‘/proc/202/task/202/ns’: Permission denied
find: ‘/proc/202/fd’: Permission denied
find: ‘/proc/202/map_files’: Permission denied
find: ‘/proc/202/fdinfo’: Permission denied
find: ‘/proc/202/ns’: Permission denied
find: ‘/proc/206/task/206/fd’: Permission denied
find: ‘/proc/206/task/206/fdinfo’: Permission denied
find: ‘/proc/206/task/206/ns’: Permission denied
find: ‘/proc/206/fd’: Permission denied
find: ‘/proc/206/map_files’: Permission denied
find: ‘/proc/206/fdinfo’: Permission denied
find: ‘/proc/206/ns’: Permission denied
find: ‘/proc/216/task/216/fd’: Permission denied
find: ‘/proc/216/task/216/fdinfo’: Permission denied
find: ‘/proc/216/task/216/ns’: Permission denied
find: ‘/proc/216/fd’: Permission denied
find: ‘/proc/216/map_files’: Permission denied
find: ‘/proc/216/fdinfo’: Permission denied
find: ‘/proc/216/ns’: Permission denied
find: ‘/proc/217/task/217/fd’: Permission denied
find: ‘/proc/217/task/217/fdinfo’: Permission denied
find: ‘/proc/217/task/217/ns’: Permission denied
find: ‘/proc/217/fd’: Permission denied
find: ‘/proc/217/map_files’: Permission denied
find: ‘/proc/217/fdinfo’: Permission denied
find: ‘/proc/217/ns’: Permission denied
find: ‘/proc/245/task/245/fd’: Permission denied
find: ‘/proc/245/task/245/fdinfo’: Permission denied
find: ‘/proc/245/task/245/ns’: Permission denied
find: ‘/proc/245/fd’: Permission denied
find: ‘/proc/245/map_files’: Permission denied
find: ‘/proc/245/fdinfo’: Permission denied
find: ‘/proc/245/ns’: Permission denied
find: ‘/proc/246/task/246/fd’: Permission denied
find: ‘/proc/246/task/246/fdinfo’: Permission denied
find: ‘/proc/246/task/246/ns’: Permission denied
find: ‘/proc/246/fd’: Permission denied
find: ‘/proc/246/map_files’: Permission denied
find: ‘/proc/246/fdinfo’: Permission denied
find: ‘/proc/246/ns’: Permission denied
find: ‘/proc/248/task/248/fd’: Permission denied
find: ‘/proc/248/task/248/fdinfo’: Permission denied
find: ‘/proc/248/task/248/ns’: Permission denied
find: ‘/proc/248/fd’: Permission denied
find: ‘/proc/248/map_files’: Permission denied
find: ‘/proc/248/fdinfo’: Permission denied
find: ‘/proc/248/ns’: Permission denied
find: ‘/proc/282/task/282/fd’: Permission denied
find: ‘/proc/282/task/282/fdinfo’: Permission denied
find: ‘/proc/282/task/282/ns’: Permission denied
find: ‘/proc/282/fd’: Permission denied
find: ‘/proc/282/map_files’: Permission denied
find: ‘/proc/282/fdinfo’: Permission denied
find: ‘/proc/282/ns’: Permission denied
find: ‘/proc/294/task/294/fd’: Permission denied
find: ‘/proc/294/task/294/fdinfo’: Permission denied
find: ‘/proc/294/task/294/ns’: Permission denied
find: ‘/proc/294/fd’: Permission denied
find: ‘/proc/294/map_files’: Permission denied
find: ‘/proc/294/fdinfo’: Permission denied
find: ‘/proc/294/ns’: Permission denied
find: ‘/proc/299/task/299/fd’: Permission denied
find: ‘/proc/299/task/299/fdinfo’: Permission denied
find: ‘/proc/299/task/299/ns’: Permission denied
find: ‘/proc/299/fd’: Permission denied
find: ‘/proc/299/map_files’: Permission denied
find: ‘/proc/299/fdinfo’: Permission denied
find: ‘/proc/299/ns’: Permission denied
find: ‘/proc/306/task/306/fd’: Permission denied
find: ‘/proc/306/task/306/fdinfo’: Permission denied
find: ‘/proc/306/task/306/ns’: Permission denied
find: ‘/proc/306/fd’: Permission denied
find: ‘/proc/306/map_files’: Permission denied
find: ‘/proc/306/fdinfo’: Permission denied
find: ‘/proc/306/ns’: Permission denied
find: ‘/proc/307/task/307/fd’: Permission denied
find: ‘/proc/307/task/307/fdinfo’: Permission denied
find: ‘/proc/307/task/307/ns’: Permission denied
find: ‘/proc/307/fd’: Permission denied
find: ‘/proc/307/map_files’: Permission denied
find: ‘/proc/307/fdinfo’: Permission denied
find: ‘/proc/307/ns’: Permission denied
find: ‘/proc/308/task/308/fd’: Permission denied
find: ‘/proc/308/task/308/fdinfo’: Permission denied
find: ‘/proc/308/task/308/ns’: Permission denied
find: ‘/proc/308/fd’: Permission denied
find: ‘/proc/308/map_files’: Permission denied
find: ‘/proc/308/fdinfo’: Permission denied
find: ‘/proc/308/ns’: Permission denied
find: ‘/proc/312/task/312/fd’: Permission denied
find: ‘/proc/312/task/312/fdinfo’: Permission denied
find: ‘/proc/312/task/312/ns’: Permission denied
find: ‘/proc/312/fd’: Permission denied
find: ‘/proc/312/map_files’: Permission denied
find: ‘/proc/312/fdinfo’: Permission denied
find: ‘/proc/312/ns’: Permission denied
find: ‘/proc/314/task/314/fd’: Permission denied
find: ‘/proc/314/task/314/fdinfo’: Permission denied
find: ‘/proc/314/task/314/ns’: Permission denied
find: ‘/proc/314/fd’: Permission denied
find: ‘/proc/314/map_files’: Permission denied
find: ‘/proc/314/fdinfo’: Permission denied
find: ‘/proc/314/ns’: Permission denied
find: ‘/proc/319/task/319/fd’: Permission denied
find: ‘/proc/319/task/319/fdinfo’: Permission denied
find: ‘/proc/319/task/319/ns’: Permission denied
find: ‘/proc/319/fd’: Permission denied
find: ‘/proc/319/map_files’: Permission denied
find: ‘/proc/319/fdinfo’: Permission denied
find: ‘/proc/319/ns’: Permission denied
find: ‘/proc/320/task/320/fd’: Permission denied
find: ‘/proc/320/task/320/fdinfo’: Permission denied
find: ‘/proc/320/task/320/ns’: Permission denied
find: ‘/proc/320/fd’: Permission denied
find: ‘/proc/320/map_files’: Permission denied
find: ‘/proc/320/fdinfo’: Permission denied
find: ‘/proc/320/ns’: Permission denied
find: ‘/proc/322/task/322/fd’: Permission denied
find: ‘/proc/322/task/322/fdinfo’: Permission denied
find: ‘/proc/322/task/322/ns’: Permission denied
find: ‘/proc/322/fd’: Permission denied
find: ‘/proc/322/map_files’: Permission denied
find: ‘/proc/322/fdinfo’: Permission denied
find: ‘/proc/322/ns’: Permission denied
find: ‘/proc/324/task/324/fd’: Permission denied
find: ‘/proc/324/task/324/fdinfo’: Permission denied
find: ‘/proc/324/task/324/ns’: Permission denied
find: ‘/proc/324/fd’: Permission denied
find: ‘/proc/324/map_files’: Permission denied
find: ‘/proc/324/fdinfo’: Permission denied
find: ‘/proc/324/ns’: Permission denied
find: ‘/proc/325/task/325/fd’: Permission denied
find: ‘/proc/325/task/325/fdinfo’: Permission denied
find: ‘/proc/325/task/325/ns’: Permission denied
find: ‘/proc/325/fd’: Permission denied
find: ‘/proc/325/map_files’: Permission denied
find: ‘/proc/325/fdinfo’: Permission denied
find: ‘/proc/325/ns’: Permission denied
find: ‘/proc/328/task/328/fd’: Permission denied
find: ‘/proc/328/task/328/fdinfo’: Permission denied
find: ‘/proc/328/task/328/ns’: Permission denied
find: ‘/proc/328/fd’: Permission denied
find: ‘/proc/328/map_files’: Permission denied
find: ‘/proc/328/fdinfo’: Permission denied
find: ‘/proc/328/ns’: Permission denied
find: ‘/proc/330/task/330/fd’: Permission denied
find: ‘/proc/330/task/330/fdinfo’: Permission denied
find: ‘/proc/330/task/330/ns’: Permission denied
find: ‘/proc/330/fd’: Permission denied
find: ‘/proc/330/map_files’: Permission denied
find: ‘/proc/330/fdinfo’: Permission denied
find: ‘/proc/330/ns’: Permission denied
find: ‘/proc/331/task/331/fd’: Permission denied
find: ‘/proc/331/task/331/fdinfo’: Permission denied
find: ‘/proc/331/task/331/ns’: Permission denied
find: ‘/proc/331/fd’: Permission denied
find: ‘/proc/331/map_files’: Permission denied
find: ‘/proc/331/fdinfo’: Permission denied
find: ‘/proc/331/ns’: Permission denied
find: ‘/proc/333/task/333/fd’: Permission denied
find: ‘/proc/333/task/333/fdinfo’: Permission denied
find: ‘/proc/333/task/333/ns’: Permission denied
find: ‘/proc/333/fd’: Permission denied
find: ‘/proc/333/map_files’: Permission denied
find: ‘/proc/333/fdinfo’: Permission denied
find: ‘/proc/333/ns’: Permission denied
find: ‘/proc/337/task/337/fd’: Permission denied
find: ‘/proc/337/task/337/fdinfo’: Permission denied
find: ‘/proc/337/task/337/ns’: Permission denied
find: ‘/proc/337/fd’: Permission denied
find: ‘/proc/337/map_files’: Permission denied
find: ‘/proc/337/fdinfo’: Permission denied
find: ‘/proc/337/ns’: Permission denied
find: ‘/proc/339/task/339/fd’: Permission denied
find: ‘/proc/339/task/339/fdinfo’: Permission denied
find: ‘/proc/339/task/339/ns’: Permission denied
find: ‘/proc/339/fd’: Permission denied
find: ‘/proc/339/map_files’: Permission denied
find: ‘/proc/339/fdinfo’: Permission denied
find: ‘/proc/339/ns’: Permission denied
find: ‘/proc/342/task/342/fd’: Permission denied
find: ‘/proc/342/task/342/fdinfo’: Permission denied
find: ‘/proc/342/task/342/ns’: Permission denied
find: ‘/proc/342/fd’: Permission denied
find: ‘/proc/342/map_files’: Permission denied
find: ‘/proc/342/fdinfo’: Permission denied
find: ‘/proc/342/ns’: Permission denied
find: ‘/proc/349/task/349/fd’: Permission denied
find: ‘/proc/349/task/349/fdinfo’: Permission denied
find: ‘/proc/349/task/349/ns’: Permission denied
find: ‘/proc/349/fd’: Permission denied
find: ‘/proc/349/map_files’: Permission denied
find: ‘/proc/349/fdinfo’: Permission denied
find: ‘/proc/349/ns’: Permission denied
find: ‘/proc/360/task/360/fd’: Permission denied
find: ‘/proc/360/task/360/fdinfo’: Permission denied
find: ‘/proc/360/task/360/ns’: Permission denied
find: ‘/proc/360/fd’: Permission denied
find: ‘/proc/360/map_files’: Permission denied
find: ‘/proc/360/fdinfo’: Permission denied
find: ‘/proc/360/ns’: Permission denied
find: ‘/proc/361/task/361/fd’: Permission denied
find: ‘/proc/361/task/361/fdinfo’: Permission denied
find: ‘/proc/361/task/361/ns’: Permission denied
find: ‘/proc/361/fd’: Permission denied
find: ‘/proc/361/map_files’: Permission denied
find: ‘/proc/361/fdinfo’: Permission denied
find: ‘/proc/361/ns’: Permission denied
find: ‘/proc/362/task/362/fd’: Permission denied
find: ‘/proc/362/task/362/fdinfo’: Permission denied
find: ‘/proc/362/task/362/ns’: Permission denied
find: ‘/proc/362/fd’: Permission denied
find: ‘/proc/362/map_files’: Permission denied
find: ‘/proc/362/fdinfo’: Permission denied
find: ‘/proc/362/ns’: Permission denied
find: ‘/proc/363/task/363/fd’: Permission denied
find: ‘/proc/363/task/363/fdinfo’: Permission denied
find: ‘/proc/363/task/363/ns’: Permission denied
find: ‘/proc/363/fd’: Permission denied
find: ‘/proc/363/map_files’: Permission denied
find: ‘/proc/363/fdinfo’: Permission denied
find: ‘/proc/363/ns’: Permission denied
find: ‘/proc/364/task/364/fd’: Permission denied
find: ‘/proc/364/task/364/fdinfo’: Permission denied
find: ‘/proc/364/task/364/ns’: Permission denied
find: ‘/proc/364/fd’: Permission denied
find: ‘/proc/364/map_files’: Permission denied
find: ‘/proc/364/fdinfo’: Permission denied
find: ‘/proc/364/ns’: Permission denied
find: ‘/proc/365/task/365/fd’: Permission denied
find: ‘/proc/365/task/365/fdinfo’: Permission denied
find: ‘/proc/365/task/365/ns’: Permission denied
find: ‘/proc/365/fd’: Permission denied
find: ‘/proc/365/map_files’: Permission denied
find: ‘/proc/365/fdinfo’: Permission denied
find: ‘/proc/365/ns’: Permission denied
find: ‘/proc/366/task/366/fd’: Permission denied
find: ‘/proc/366/task/366/fdinfo’: Permission denied
find: ‘/proc/366/task/366/ns’: Permission denied
find: ‘/proc/366/fd’: Permission denied
find: ‘/proc/366/map_files’: Permission denied
find: ‘/proc/366/fdinfo’: Permission denied
find: ‘/proc/366/ns’: Permission denied
find: ‘/proc/367/task/367/fd’: Permission denied
find: ‘/proc/367/task/367/fdinfo’: Permission denied
find: ‘/proc/367/task/367/ns’: Permission denied
find: ‘/proc/367/fd’: Permission denied
find: ‘/proc/367/map_files’: Permission denied
find: ‘/proc/367/fdinfo’: Permission denied
find: ‘/proc/367/ns’: Permission denied
find: ‘/proc/368/task/368/fd’: Permission denied
find: ‘/proc/368/task/368/fdinfo’: Permission denied
find: ‘/proc/368/task/368/ns’: Permission denied
find: ‘/proc/368/fd’: Permission denied
find: ‘/proc/368/map_files’: Permission denied
find: ‘/proc/368/fdinfo’: Permission denied
find: ‘/proc/368/ns’: Permission denied
find: ‘/proc/372/task/372/fd’: Permission denied
find: ‘/proc/372/task/372/fdinfo’: Permission denied
find: ‘/proc/372/task/372/ns’: Permission denied
find: ‘/proc/372/fd’: Permission denied
find: ‘/proc/372/map_files’: Permission denied
find: ‘/proc/372/fdinfo’: Permission denied
find: ‘/proc/372/ns’: Permission denied
find: ‘/proc/498/task/498/fd’: Permission denied
find: ‘/proc/498/task/498/fdinfo’: Permission denied
find: ‘/proc/498/task/498/ns’: Permission denied
find: ‘/proc/498/fd’: Permission denied
find: ‘/proc/498/map_files’: Permission denied
find: ‘/proc/498/fdinfo’: Permission denied
find: ‘/proc/498/ns’: Permission denied
find: ‘/proc/589/task/589/fd’: Permission denied
find: ‘/proc/589/task/589/fdinfo’: Permission denied
find: ‘/proc/589/task/589/ns’: Permission denied
find: ‘/proc/589/fd’: Permission denied
find: ‘/proc/589/map_files’: Permission denied
find: ‘/proc/589/fdinfo’: Permission denied
find: ‘/proc/589/ns’: Permission denied
find: ‘/proc/641/task/641/fd’: Permission denied
find: ‘/proc/641/task/641/fdinfo’: Permission denied
find: ‘/proc/641/task/641/ns’: Permission denied
find: ‘/proc/641/fd’: Permission denied
find: ‘/proc/641/map_files’: Permission denied
find: ‘/proc/641/fdinfo’: Permission denied
find: ‘/proc/641/ns’: Permission denied
find: ‘/proc/643/task/643/fd’: Permission denied
find: ‘/proc/643/task/643/fdinfo’: Permission denied
find: ‘/proc/643/task/643/ns’: Permission denied
find: ‘/proc/643/task/718/fd’: Permission denied
find: ‘/proc/643/task/718/fdinfo’: Permission denied
find: ‘/proc/643/task/718/ns’: Permission denied
find: ‘/proc/643/fd’: Permission denied
find: ‘/proc/643/map_files’: Permission denied
find: ‘/proc/643/fdinfo’: Permission denied
find: ‘/proc/643/ns’: Permission denied
find: ‘/proc/1036/task/1036/fd’: Permission denied
find: ‘/proc/1036/task/1036/fdinfo’: Permission denied
find: ‘/proc/1036/task/1036/ns’: Permission denied
find: ‘/proc/1036/task/1133/fd’: Permission denied
find: ‘/proc/1036/task/1133/fdinfo’: Permission denied
find: ‘/proc/1036/task/1133/ns’: Permission denied
find: ‘/proc/1036/fd’: Permission denied
find: ‘/proc/1036/map_files’: Permission denied
find: ‘/proc/1036/fdinfo’: Permission denied
find: ‘/proc/1036/ns’: Permission denied
find: ‘/proc/1038/task/1038/fd’: Permission denied
find: ‘/proc/1038/task/1038/fdinfo’: Permission denied
find: ‘/proc/1038/task/1038/ns’: Permission denied
find: ‘/proc/1038/fd’: Permission denied
find: ‘/proc/1038/map_files’: Permission denied
find: ‘/proc/1038/fdinfo’: Permission denied
find: ‘/proc/1038/ns’: Permission denied
find: ‘/proc/1039/task/1039/fd’: Permission denied
find: ‘/proc/1039/task/1039/fdinfo’: Permission denied
find: ‘/proc/1039/task/1039/ns’: Permission denied
find: ‘/proc/1039/task/1072/fd’: Permission denied
find: ‘/proc/1039/task/1072/fdinfo’: Permission denied
find: ‘/proc/1039/task/1072/ns’: Permission denied
find: ‘/proc/1039/task/1104/fd’: Permission denied
find: ‘/proc/1039/task/1104/fdinfo’: Permission denied
find: ‘/proc/1039/task/1104/ns’: Permission denied
find: ‘/proc/1039/fd’: Permission denied
find: ‘/proc/1039/map_files’: Permission denied
find: ‘/proc/1039/fdinfo’: Permission denied
find: ‘/proc/1039/ns’: Permission denied
find: ‘/proc/1044/task/1044/fd’: Permission denied
find: ‘/proc/1044/task/1044/fdinfo’: Permission denied
find: ‘/proc/1044/task/1044/ns’: Permission denied
find: ‘/proc/1044/task/1099/fd’: Permission denied
find: ‘/proc/1044/task/1099/fdinfo’: Permission denied
find: ‘/proc/1044/task/1099/ns’: Permission denied
find: ‘/proc/1044/task/1100/fd’: Permission denied
find: ‘/proc/1044/task/1100/fdinfo’: Permission denied
find: ‘/proc/1044/task/1100/ns’: Permission denied
find: ‘/proc/1044/task/1101/fd’: Permission denied
find: ‘/proc/1044/task/1101/fdinfo’: Permission denied
find: ‘/proc/1044/task/1101/ns’: Permission denied
find: ‘/proc/1044/fd’: Permission denied
find: ‘/proc/1044/map_files’: Permission denied
find: ‘/proc/1044/fdinfo’: Permission denied
find: ‘/proc/1044/ns’: Permission denied
find: ‘/proc/1045/task/1045/fd’: Permission denied
find: ‘/proc/1045/task/1045/fdinfo’: Permission denied
find: ‘/proc/1045/task/1045/ns’: Permission denied
find: ‘/proc/1045/task/1097/fd’: Permission denied
find: ‘/proc/1045/task/1097/fdinfo’: Permission denied
find: ‘/proc/1045/task/1097/ns’: Permission denied
find: ‘/proc/1045/task/1103/fd’: Permission denied
find: ‘/proc/1045/task/1103/fdinfo’: Permission denied
find: ‘/proc/1045/task/1103/ns’: Permission denied
find: ‘/proc/1045/task/1163/fd’: Permission denied
find: ‘/proc/1045/task/1163/fdinfo’: Permission denied
find: ‘/proc/1045/task/1163/ns’: Permission denied
find: ‘/proc/1045/task/1170/fd’: Permission denied
find: ‘/proc/1045/task/1170/fdinfo’: Permission denied
find: ‘/proc/1045/task/1170/ns’: Permission denied
find: ‘/proc/1045/fd’: Permission denied
find: ‘/proc/1045/map_files’: Permission denied
find: ‘/proc/1045/fdinfo’: Permission denied
find: ‘/proc/1045/ns’: Permission denied
find: ‘/proc/1065/task/1065/fd’: Permission denied
find: ‘/proc/1065/task/1065/fdinfo’: Permission denied
find: ‘/proc/1065/task/1065/ns’: Permission denied
find: ‘/proc/1065/fd’: Permission denied
find: ‘/proc/1065/map_files’: Permission denied
find: ‘/proc/1065/fdinfo’: Permission denied
find: ‘/proc/1065/ns’: Permission denied
find: ‘/proc/1066/task/1066/fd’: Permission denied
find: ‘/proc/1066/task/1066/fdinfo’: Permission denied
find: ‘/proc/1066/task/1066/ns’: Permission denied
find: ‘/proc/1066/task/1082/fd’: Permission denied
find: ‘/proc/1066/task/1082/fdinfo’: Permission denied
find: ‘/proc/1066/task/1082/ns’: Permission denied
find: ‘/proc/1066/task/1102/fd’: Permission denied
find: ‘/proc/1066/task/1102/fdinfo’: Permission denied
find: ‘/proc/1066/task/1102/ns’: Permission denied
find: ‘/proc/1066/fd’: Permission denied
find: ‘/proc/1066/map_files’: Permission denied
find: ‘/proc/1066/fdinfo’: Permission denied
find: ‘/proc/1066/ns’: Permission denied
find: ‘/proc/1071/task/1071/fd’: Permission denied
find: ‘/proc/1071/task/1071/fdinfo’: Permission denied
find: ‘/proc/1071/task/1071/ns’: Permission denied
find: ‘/proc/1071/fd’: Permission denied
find: ‘/proc/1071/map_files’: Permission denied
find: ‘/proc/1071/fdinfo’: Permission denied
find: ‘/proc/1071/ns’: Permission denied
find: ‘/proc/1105/task/1105/fd’: Permission denied
find: ‘/proc/1105/task/1105/fdinfo’: Permission denied
find: ‘/proc/1105/task/1105/ns’: Permission denied
find: ‘/proc/1105/fd’: Permission denied
find: ‘/proc/1105/map_files’: Permission denied
find: ‘/proc/1105/fdinfo’: Permission denied
find: ‘/proc/1105/ns’: Permission denied
find: ‘/proc/1109/task/1109/fd’: Permission denied
find: ‘/proc/1109/task/1109/fdinfo’: Permission denied
find: ‘/proc/1109/task/1109/ns’: Permission denied
find: ‘/proc/1109/task/1140/fd’: Permission denied
find: ‘/proc/1109/task/1140/fdinfo’: Permission denied
find: ‘/proc/1109/task/1140/ns’: Permission denied
find: ‘/proc/1109/fd’: Permission denied
find: ‘/proc/1109/map_files’: Permission denied
find: ‘/proc/1109/fdinfo’: Permission denied
find: ‘/proc/1109/ns’: Permission denied
find: ‘/proc/1110/task/1110/fd’: Permission denied
find: ‘/proc/1110/task/1110/fdinfo’: Permission denied
find: ‘/proc/1110/task/1110/ns’: Permission denied
find: ‘/proc/1110/task/1134/fd’: Permission denied
find: ‘/proc/1110/task/1134/fdinfo’: Permission denied
find: ‘/proc/1110/task/1134/ns’: Permission denied
find: ‘/proc/1110/fd’: Permission denied
find: ‘/proc/1110/map_files’: Permission denied
find: ‘/proc/1110/fdinfo’: Permission denied
find: ‘/proc/1110/ns’: Permission denied
find: ‘/proc/1111/task/1111/fd’: Permission denied
find: ‘/proc/1111/task/1111/fdinfo’: Permission denied
find: ‘/proc/1111/task/1111/ns’: Permission denied
find: ‘/proc/1111/fd’: Permission denied
find: ‘/proc/1111/map_files’: Permission denied
find: ‘/proc/1111/fdinfo’: Permission denied
find: ‘/proc/1111/ns’: Permission denied
find: ‘/proc/1112/task/1112/fd’: Permission denied
find: ‘/proc/1112/task/1112/fdinfo’: Permission denied
find: ‘/proc/1112/task/1112/ns’: Permission denied
find: ‘/proc/1112/fd’: Permission denied
find: ‘/proc/1112/map_files’: Permission denied
find: ‘/proc/1112/fdinfo’: Permission denied
find: ‘/proc/1112/ns’: Permission denied
find: ‘/proc/1113/task/1113/fd’: Permission denied
find: ‘/proc/1113/task/1113/fdinfo’: Permission denied
find: ‘/proc/1113/task/1113/ns’: Permission denied
find: ‘/proc/1113/task/1171/fd’: Permission denied
find: ‘/proc/1113/task/1171/fdinfo’: Permission denied
find: ‘/proc/1113/task/1171/ns’: Permission denied
find: ‘/proc/1113/task/1175/fd’: Permission denied
find: ‘/proc/1113/task/1175/fdinfo’: Permission denied
find: ‘/proc/1113/task/1175/ns’: Permission denied
find: ‘/proc/1113/fd’: Permission denied
find: ‘/proc/1113/map_files’: Permission denied
find: ‘/proc/1113/fdinfo’: Permission denied
find: ‘/proc/1113/ns’: Permission denied
find: ‘/proc/1114/task/1114/fd’: Permission denied
find: ‘/proc/1114/task/1114/fdinfo’: Permission denied
find: ‘/proc/1114/task/1114/ns’: Permission denied
find: ‘/proc/1114/task/1159/fd’: Permission denied
find: ‘/proc/1114/task/1159/fdinfo’: Permission denied
find: ‘/proc/1114/task/1159/ns’: Permission denied
find: ‘/proc/1114/task/1160/fd’: Permission denied
find: ‘/proc/1114/task/1160/fdinfo’: Permission denied
find: ‘/proc/1114/task/1160/ns’: Permission denied
find: ‘/proc/1114/task/1161/fd’: Permission denied
find: ‘/proc/1114/task/1161/fdinfo’: Permission denied
find: ‘/proc/1114/task/1161/ns’: Permission denied
find: ‘/proc/1114/task/1162/fd’: Permission denied
find: ‘/proc/1114/task/1162/fdinfo’: Permission denied
find: ‘/proc/1114/task/1162/ns’: Permission denied
find: ‘/proc/1114/task/1178/fd’: Permission denied
find: ‘/proc/1114/task/1178/fdinfo’: Permission denied
find: ‘/proc/1114/task/1178/ns’: Permission denied
find: ‘/proc/1114/task/1180/fd’: Permission denied
find: ‘/proc/1114/task/1180/fdinfo’: Permission denied
find: ‘/proc/1114/task/1180/ns’: Permission denied
find: ‘/proc/1114/task/1181/fd’: Permission denied
find: ‘/proc/1114/task/1181/fdinfo’: Permission denied
find: ‘/proc/1114/task/1181/ns’: Permission denied
find: ‘/proc/1114/task/1182/fd’: Permission denied
find: ‘/proc/1114/task/1182/fdinfo’: Permission denied
find: ‘/proc/1114/task/1182/ns’: Permission denied
find: ‘/proc/1114/task/1871/fd’: Permission denied
find: ‘/proc/1114/task/1871/fdinfo’: Permission denied
find: ‘/proc/1114/task/1871/ns’: Permission denied
find: ‘/proc/1114/task/1872/fd’: Permission denied
find: ‘/proc/1114/task/1872/fdinfo’: Permission denied
find: ‘/proc/1114/task/1872/ns’: Permission denied
find: ‘/proc/1114/fd’: Permission denied
find: ‘/proc/1114/map_files’: Permission denied
find: ‘/proc/1114/fdinfo’: Permission denied
find: ‘/proc/1114/ns’: Permission denied
find: ‘/proc/1131/task/1131/fd’: Permission denied
find: ‘/proc/1131/task/1131/fdinfo’: Permission denied
find: ‘/proc/1131/task/1131/ns’: Permission denied
find: ‘/proc/1131/task/1135/fd’: Permission denied
find: ‘/proc/1131/task/1135/fdinfo’: Permission denied
find: ‘/proc/1131/task/1135/ns’: Permission denied
find: ‘/proc/1131/task/1137/fd’: Permission denied
find: ‘/proc/1131/task/1137/fdinfo’: Permission denied
find: ‘/proc/1131/task/1137/ns’: Permission denied
find: ‘/proc/1131/fd’: Permission denied
find: ‘/proc/1131/map_files’: Permission denied
find: ‘/proc/1131/fdinfo’: Permission denied
find: ‘/proc/1131/ns’: Permission denied
find: ‘/proc/1138/task/1138/fd’: Permission denied
find: ‘/proc/1138/task/1138/fdinfo’: Permission denied
find: ‘/proc/1138/task/1138/ns’: Permission denied
find: ‘/proc/1138/fd’: Permission denied
find: ‘/proc/1138/map_files’: Permission denied
find: ‘/proc/1138/fdinfo’: Permission denied
find: ‘/proc/1138/ns’: Permission denied
find: ‘/proc/1235/task/1235/fd’: Permission denied
find: ‘/proc/1235/task/1235/fdinfo’: Permission denied
find: ‘/proc/1235/task/1235/ns’: Permission denied
find: ‘/proc/1235/task/1263/fd’: Permission denied
find: ‘/proc/1235/task/1263/fdinfo’: Permission denied
find: ‘/proc/1235/task/1263/ns’: Permission denied
find: ‘/proc/1235/task/1264/fd’: Permission denied
find: ‘/proc/1235/task/1264/fdinfo’: Permission denied
find: ‘/proc/1235/task/1264/ns’: Permission denied
find: ‘/proc/1235/fd’: Permission denied
find: ‘/proc/1235/map_files’: Permission denied
find: ‘/proc/1235/fdinfo’: Permission denied
find: ‘/proc/1235/ns’: Permission denied
find: ‘/proc/1240/task/1240/fd’: Permission denied
find: ‘/proc/1240/task/1240/fdinfo’: Permission denied
find: ‘/proc/1240/task/1240/ns’: Permission denied
find: ‘/proc/1240/fd’: Permission denied
find: ‘/proc/1240/map_files’: Permission denied
find: ‘/proc/1240/fdinfo’: Permission denied
find: ‘/proc/1240/ns’: Permission denied
find: ‘/proc/1244/task/1244/fd’: Permission denied
find: ‘/proc/1244/task/1244/fdinfo’: Permission denied
find: ‘/proc/1244/task/1244/ns’: Permission denied
find: ‘/proc/1244/fd’: Permission denied
find: ‘/proc/1244/map_files’: Permission denied
find: ‘/proc/1244/fdinfo’: Permission denied
find: ‘/proc/1244/ns’: Permission denied
find: ‘/proc/1342/task/1342/fd’: Permission denied
find: ‘/proc/1342/task/1342/fdinfo’: Permission denied
find: ‘/proc/1342/task/1342/ns’: Permission denied
find: ‘/proc/1342/fd’: Permission denied
find: ‘/proc/1342/map_files’: Permission denied
find: ‘/proc/1342/fdinfo’: Permission denied
find: ‘/proc/1342/ns’: Permission denied
find: ‘/proc/1351/task/1351/fd’: Permission denied
find: ‘/proc/1351/task/1351/fdinfo’: Permission denied
find: ‘/proc/1351/task/1351/ns’: Permission denied
find: ‘/proc/1351/fd’: Permission denied
find: ‘/proc/1351/map_files’: Permission denied
find: ‘/proc/1351/fdinfo’: Permission denied
find: ‘/proc/1351/ns’: Permission denied
find: ‘/proc/1355/task/1355/fd’: Permission denied
find: ‘/proc/1355/task/1355/fdinfo’: Permission denied
find: ‘/proc/1355/task/1355/ns’: Permission denied
find: ‘/proc/1355/fd’: Permission denied
find: ‘/proc/1355/map_files’: Permission denied
find: ‘/proc/1355/fdinfo’: Permission denied
find: ‘/proc/1355/ns’: Permission denied
find: ‘/proc/1356/task/1356/fd’: Permission denied
find: ‘/proc/1356/task/1356/fdinfo’: Permission denied
find: ‘/proc/1356/task/1356/ns’: Permission denied
find: ‘/proc/1356/fd’: Permission denied
find: ‘/proc/1356/map_files’: Permission denied
find: ‘/proc/1356/fdinfo’: Permission denied
find: ‘/proc/1356/ns’: Permission denied
find: ‘/proc/1357/task/1357/fd’: Permission denied
find: ‘/proc/1357/task/1357/fdinfo’: Permission denied
find: ‘/proc/1357/task/1357/ns’: Permission denied
find: ‘/proc/1357/fd’: Permission denied
find: ‘/proc/1357/map_files’: Permission denied
find: ‘/proc/1357/fdinfo’: Permission denied
find: ‘/proc/1357/ns’: Permission denied
find: ‘/proc/1358/task/1358/fd’: Permission denied
find: ‘/proc/1358/task/1358/fdinfo’: Permission denied
find: ‘/proc/1358/task/1358/ns’: Permission denied
find: ‘/proc/1358/fd’: Permission denied
find: ‘/proc/1358/map_files’: Permission denied
find: ‘/proc/1358/fdinfo’: Permission denied
find: ‘/proc/1358/ns’: Permission denied
find: ‘/proc/1359/task/1359/fd’: Permission denied
find: ‘/proc/1359/task/1359/fdinfo’: Permission denied
find: ‘/proc/1359/task/1359/ns’: Permission denied
find: ‘/proc/1359/fd’: Permission denied
find: ‘/proc/1359/map_files’: Permission denied
find: ‘/proc/1359/fdinfo’: Permission denied
find: ‘/proc/1359/ns’: Permission denied
find: ‘/proc/1368/task/1368/fd’: Permission denied
find: ‘/proc/1368/task/1368/fdinfo’: Permission denied
find: ‘/proc/1368/task/1368/ns’: Permission denied
find: ‘/proc/1368/fd’: Permission denied
find: ‘/proc/1368/map_files’: Permission denied
find: ‘/proc/1368/fdinfo’: Permission denied
find: ‘/proc/1368/ns’: Permission denied
find: ‘/proc/1476/task/1476/fd’: Permission denied
find: ‘/proc/1476/task/1476/fdinfo’: Permission denied
find: ‘/proc/1476/task/1476/ns’: Permission denied
find: ‘/proc/1476/fd’: Permission denied
find: ‘/proc/1476/map_files’: Permission denied
find: ‘/proc/1476/fdinfo’: Permission denied
find: ‘/proc/1476/ns’: Permission denied
find: ‘/proc/1511/task/1511/fd’: Permission denied
find: ‘/proc/1511/task/1511/fdinfo’: Permission denied
find: ‘/proc/1511/task/1511/ns’: Permission denied
find: ‘/proc/1511/task/1523/fd’: Permission denied
find: ‘/proc/1511/task/1523/fdinfo’: Permission denied
find: ‘/proc/1511/task/1523/ns’: Permission denied
find: ‘/proc/1511/task/1524/fd’: Permission denied
find: ‘/proc/1511/task/1524/fdinfo’: Permission denied
find: ‘/proc/1511/task/1524/ns’: Permission denied
find: ‘/proc/1511/fd’: Permission denied
find: ‘/proc/1511/map_files’: Permission denied
find: ‘/proc/1511/fdinfo’: Permission denied
find: ‘/proc/1511/ns’: Permission denied
find: ‘/proc/1521/task/1521/fd’: Permission denied
find: ‘/proc/1521/task/1521/fdinfo’: Permission denied
find: ‘/proc/1521/task/1521/ns’: Permission denied
find: ‘/proc/1521/task/1570/fd’: Permission denied
find: ‘/proc/1521/task/1570/fdinfo’: Permission denied
find: ‘/proc/1521/task/1570/ns’: Permission denied
find: ‘/proc/1521/task/1592/fd’: Permission denied
find: ‘/proc/1521/task/1592/fdinfo’: Permission denied
find: ‘/proc/1521/task/1592/ns’: Permission denied
find: ‘/proc/1521/task/1593/fd’: Permission denied
find: ‘/proc/1521/task/1593/fdinfo’: Permission denied
find: ‘/proc/1521/task/1593/ns’: Permission denied
find: ‘/proc/1521/task/1594/fd’: Permission denied
find: ‘/proc/1521/task/1594/fdinfo’: Permission denied
find: ‘/proc/1521/task/1594/ns’: Permission denied
find: ‘/proc/1521/task/1595/fd’: Permission denied
find: ‘/proc/1521/task/1595/fdinfo’: Permission denied
find: ‘/proc/1521/task/1595/ns’: Permission denied
find: ‘/proc/1521/task/1596/fd’: Permission denied
find: ‘/proc/1521/task/1596/fdinfo’: Permission denied
find: ‘/proc/1521/task/1596/ns’: Permission denied
find: ‘/proc/1521/task/1597/fd’: Permission denied
find: ‘/proc/1521/task/1597/fdinfo’: Permission denied
find: ‘/proc/1521/task/1597/ns’: Permission denied
find: ‘/proc/1521/task/1598/fd’: Permission denied
find: ‘/proc/1521/task/1598/fdinfo’: Permission denied
find: ‘/proc/1521/task/1598/ns’: Permission denied
find: ‘/proc/1521/task/1599/fd’: Permission denied
find: ‘/proc/1521/task/1599/fdinfo’: Permission denied
find: ‘/proc/1521/task/1599/ns’: Permission denied
find: ‘/proc/1521/task/1600/fd’: Permission denied
find: ‘/proc/1521/task/1600/fdinfo’: Permission denied
find: ‘/proc/1521/task/1600/ns’: Permission denied
find: ‘/proc/1521/task/1601/fd’: Permission denied
find: ‘/proc/1521/task/1601/fdinfo’: Permission denied
find: ‘/proc/1521/task/1601/ns’: Permission denied
find: ‘/proc/1521/task/1606/fd’: Permission denied
find: ‘/proc/1521/task/1606/fdinfo’: Permission denied
find: ‘/proc/1521/task/1606/ns’: Permission denied
find: ‘/proc/1521/task/1649/fd’: Permission denied
find: ‘/proc/1521/task/1649/fdinfo’: Permission denied
find: ‘/proc/1521/task/1649/ns’: Permission denied
find: ‘/proc/1521/task/1650/fd’: Permission denied
find: ‘/proc/1521/task/1650/fdinfo’: Permission denied
find: ‘/proc/1521/task/1650/ns’: Permission denied
find: ‘/proc/1521/task/1651/fd’: Permission denied
find: ‘/proc/1521/task/1651/fdinfo’: Permission denied
find: ‘/proc/1521/task/1651/ns’: Permission denied
find: ‘/proc/1521/task/1652/fd’: Permission denied
find: ‘/proc/1521/task/1652/fdinfo’: Permission denied
find: ‘/proc/1521/task/1652/ns’: Permission denied
find: ‘/proc/1521/task/1653/fd’: Permission denied
find: ‘/proc/1521/task/1653/fdinfo’: Permission denied
find: ‘/proc/1521/task/1653/ns’: Permission denied
find: ‘/proc/1521/task/1654/fd’: Permission denied
find: ‘/proc/1521/task/1654/fdinfo’: Permission denied
find: ‘/proc/1521/task/1654/ns’: Permission denied
find: ‘/proc/1521/task/1662/fd’: Permission denied
find: ‘/proc/1521/task/1662/fdinfo’: Permission denied
find: ‘/proc/1521/task/1662/ns’: Permission denied
find: ‘/proc/1521/task/1663/fd’: Permission denied
find: ‘/proc/1521/task/1663/fdinfo’: Permission denied
find: ‘/proc/1521/task/1663/ns’: Permission denied
find: ‘/proc/1521/task/1667/fd’: Permission denied
find: ‘/proc/1521/task/1667/fdinfo’: Permission denied
find: ‘/proc/1521/task/1667/ns’: Permission denied
find: ‘/proc/1521/task/1668/fd’: Permission denied
find: ‘/proc/1521/task/1668/fdinfo’: Permission denied
find: ‘/proc/1521/task/1668/ns’: Permission denied
find: ‘/proc/1521/task/1669/fd’: Permission denied
find: ‘/proc/1521/task/1669/fdinfo’: Permission denied
find: ‘/proc/1521/task/1669/ns’: Permission denied
find: ‘/proc/1521/task/1670/fd’: Permission denied
find: ‘/proc/1521/task/1670/fdinfo’: Permission denied
find: ‘/proc/1521/task/1670/ns’: Permission denied
find: ‘/proc/1521/task/1671/fd’: Permission denied
find: ‘/proc/1521/task/1671/fdinfo’: Permission denied
find: ‘/proc/1521/task/1671/ns’: Permission denied
find: ‘/proc/1521/fd’: Permission denied
find: ‘/proc/1521/map_files’: Permission denied
find: ‘/proc/1521/fdinfo’: Permission denied
find: ‘/proc/1521/ns’: Permission denied
find: ‘/proc/1540/task/1540/fd’: Permission denied
find: ‘/proc/1540/task/1540/fdinfo’: Permission denied
find: ‘/proc/1540/task/1540/ns’: Permission denied
find: ‘/proc/1540/task/1542/fd’: Permission denied
find: ‘/proc/1540/task/1542/fdinfo’: Permission denied
find: ‘/proc/1540/task/1542/ns’: Permission denied
find: ‘/proc/1540/task/1544/fd’: Permission denied
find: ‘/proc/1540/task/1544/fdinfo’: Permission denied
find: ‘/proc/1540/task/1544/ns’: Permission denied
find: ‘/proc/1540/fd’: Permission denied
find: ‘/proc/1540/map_files’: Permission denied
find: ‘/proc/1540/fdinfo’: Permission denied
find: ‘/proc/1540/ns’: Permission denied
find: ‘/proc/1590/task/1590/fd’: Permission denied
find: ‘/proc/1590/task/1590/fdinfo’: Permission denied
find: ‘/proc/1590/task/1590/ns’: Permission denied
find: ‘/proc/1590/fd’: Permission denied
find: ‘/proc/1590/map_files’: Permission denied
find: ‘/proc/1590/fdinfo’: Permission denied
find: ‘/proc/1590/ns’: Permission denied
find: ‘/proc/1591/task/1591/fd’: Permission denied
find: ‘/proc/1591/task/1591/fdinfo’: Permission denied
find: ‘/proc/1591/task/1591/ns’: Permission denied
find: ‘/proc/1591/fd’: Permission denied
find: ‘/proc/1591/map_files’: Permission denied
find: ‘/proc/1591/fdinfo’: Permission denied
find: ‘/proc/1591/ns’: Permission denied
find: ‘/proc/1657/task/1657/fd’: Permission denied
find: ‘/proc/1657/task/1657/fdinfo’: Permission denied
find: ‘/proc/1657/task/1657/ns’: Permission denied
find: ‘/proc/1657/task/1658/fd’: Permission denied
find: ‘/proc/1657/task/1658/fdinfo’: Permission denied
find: ‘/proc/1657/task/1658/ns’: Permission denied
find: ‘/proc/1657/task/1660/fd’: Permission denied
find: ‘/proc/1657/task/1660/fdinfo’: Permission denied
find: ‘/proc/1657/task/1660/ns’: Permission denied
find: ‘/proc/1657/fd’: Permission denied
find: ‘/proc/1657/map_files’: Permission denied
find: ‘/proc/1657/fdinfo’: Permission denied
find: ‘/proc/1657/ns’: Permission denied
find: ‘/proc/1659/task/1659/fd’: Permission denied
find: ‘/proc/1659/task/1659/fdinfo’: Permission denied
find: ‘/proc/1659/task/1659/ns’: Permission denied
find: ‘/proc/1659/fd’: Permission denied
find: ‘/proc/1659/map_files’: Permission denied
find: ‘/proc/1659/fdinfo’: Permission denied
find: ‘/proc/1659/ns’: Permission denied
find: ‘/proc/1661/task/1661/fd’: Permission denied
find: ‘/proc/1661/task/1661/fdinfo’: Permission denied
find: ‘/proc/1661/task/1661/ns’: Permission denied
find: ‘/proc/1661/task/1673/fd’: Permission denied
find: ‘/proc/1661/task/1673/fdinfo’: Permission denied
find: ‘/proc/1661/task/1673/ns’: Permission denied
find: ‘/proc/1661/task/1674/fd’: Permission denied
find: ‘/proc/1661/task/1674/fdinfo’: Permission denied
find: ‘/proc/1661/task/1674/ns’: Permission denied
find: ‘/proc/1661/task/1676/fd’: Permission denied
find: ‘/proc/1661/task/1676/fdinfo’: Permission denied
find: ‘/proc/1661/task/1676/ns’: Permission denied
find: ‘/proc/1661/fd’: Permission denied
find: ‘/proc/1661/map_files’: Permission denied
find: ‘/proc/1661/fdinfo’: Permission denied
find: ‘/proc/1661/ns’: Permission denied
find: ‘/proc/1680/task/1680/fd’: Permission denied
find: ‘/proc/1680/task/1680/fdinfo’: Permission denied
find: ‘/proc/1680/task/1680/ns’: Permission denied
find: ‘/proc/1680/task/1683/fd’: Permission denied
find: ‘/proc/1680/task/1683/fdinfo’: Permission denied
find: ‘/proc/1680/task/1683/ns’: Permission denied
find: ‘/proc/1680/task/1684/fd’: Permission denied
find: ‘/proc/1680/task/1684/fdinfo’: Permission denied
find: ‘/proc/1680/task/1684/ns’: Permission denied
find: ‘/proc/1680/task/1707/fd’: Permission denied
find: ‘/proc/1680/task/1707/fdinfo’: Permission denied
find: ‘/proc/1680/task/1707/ns’: Permission denied
find: ‘/proc/1680/task/1725/fd’: Permission denied
find: ‘/proc/1680/task/1725/fdinfo’: Permission denied
find: ‘/proc/1680/task/1725/ns’: Permission denied
find: ‘/proc/1680/task/1732/fd’: Permission denied
find: ‘/proc/1680/task/1732/fdinfo’: Permission denied
find: ‘/proc/1680/task/1732/ns’: Permission denied
find: ‘/proc/1680/task/1733/fd’: Permission denied
find: ‘/proc/1680/task/1733/fdinfo’: Permission denied
find: ‘/proc/1680/task/1733/ns’: Permission denied
find: ‘/proc/1680/task/1734/fd’: Permission denied
find: ‘/proc/1680/task/1734/fdinfo’: Permission denied
find: ‘/proc/1680/task/1734/ns’: Permission denied
find: ‘/proc/1680/task/1735/fd’: Permission denied
find: ‘/proc/1680/task/1735/fdinfo’: Permission denied
find: ‘/proc/1680/task/1735/ns’: Permission denied
find: ‘/proc/1680/task/1736/fd’: Permission denied
find: ‘/proc/1680/task/1736/fdinfo’: Permission denied
find: ‘/proc/1680/task/1736/ns’: Permission denied
find: ‘/proc/1680/task/1737/fd’: Permission denied
find: ‘/proc/1680/task/1737/fdinfo’: Permission denied
find: ‘/proc/1680/task/1737/ns’: Permission denied
find: ‘/proc/1680/task/1738/fd’: Permission denied
find: ‘/proc/1680/task/1738/fdinfo’: Permission denied
find: ‘/proc/1680/task/1738/ns’: Permission denied
find: ‘/proc/1680/task/1739/fd’: Permission denied
find: ‘/proc/1680/task/1739/fdinfo’: Permission denied
find: ‘/proc/1680/task/1739/ns’: Permission denied
find: ‘/proc/1680/fd’: Permission denied
find: ‘/proc/1680/map_files’: Permission denied
find: ‘/proc/1680/fdinfo’: Permission denied
find: ‘/proc/1680/ns’: Permission denied
find: ‘/proc/1685/task/1685/fd’: Permission denied
find: ‘/proc/1685/task/1685/fdinfo’: Permission denied
find: ‘/proc/1685/task/1685/ns’: Permission denied
find: ‘/proc/1685/task/1686/fd’: Permission denied
find: ‘/proc/1685/task/1686/fdinfo’: Permission denied
find: ‘/proc/1685/task/1686/ns’: Permission denied
find: ‘/proc/1685/task/1687/fd’: Permission denied
find: ‘/proc/1685/task/1687/fdinfo’: Permission denied
find: ‘/proc/1685/task/1687/ns’: Permission denied
find: ‘/proc/1685/fd’: Permission denied
find: ‘/proc/1685/map_files’: Permission denied
find: ‘/proc/1685/fdinfo’: Permission denied
find: ‘/proc/1685/ns’: Permission denied
find: ‘/proc/1708/task/1708/fd’: Permission denied
find: ‘/proc/1708/task/1708/fdinfo’: Permission denied
find: ‘/proc/1708/task/1708/ns’: Permission denied
find: ‘/proc/1708/task/1709/fd’: Permission denied
find: ‘/proc/1708/task/1709/fdinfo’: Permission denied
find: ‘/proc/1708/task/1709/ns’: Permission denied
find: ‘/proc/1708/task/1710/fd’: Permission denied
find: ‘/proc/1708/task/1710/fdinfo’: Permission denied
find: ‘/proc/1708/task/1710/ns’: Permission denied
find: ‘/proc/1708/task/1711/fd’: Permission denied
find: ‘/proc/1708/task/1711/fdinfo’: Permission denied
find: ‘/proc/1708/task/1711/ns’: Permission denied
find: ‘/proc/1708/task/1712/fd’: Permission denied
find: ‘/proc/1708/task/1712/fdinfo’: Permission denied
find: ‘/proc/1708/task/1712/ns’: Permission denied
find: ‘/proc/1708/fd’: Permission denied
find: ‘/proc/1708/map_files’: Permission denied
find: ‘/proc/1708/fdinfo’: Permission denied
find: ‘/proc/1708/ns’: Permission denied
find: ‘/proc/1715/task/1715/fd’: Permission denied
find: ‘/proc/1715/task/1715/fdinfo’: Permission denied
find: ‘/proc/1715/task/1715/ns’: Permission denied
find: ‘/proc/1715/task/1716/fd’: Permission denied
find: ‘/proc/1715/task/1716/fdinfo’: Permission denied
find: ‘/proc/1715/task/1716/ns’: Permission denied
find: ‘/proc/1715/task/1717/fd’: Permission denied
find: ‘/proc/1715/task/1717/fdinfo’: Permission denied
find: ‘/proc/1715/task/1717/ns’: Permission denied
find: ‘/proc/1715/task/1719/fd’: Permission denied
find: ‘/proc/1715/task/1719/fdinfo’: Permission denied
find: ‘/proc/1715/task/1719/ns’: Permission denied
find: ‘/proc/1715/fd’: Permission denied
find: ‘/proc/1715/map_files’: Permission denied
find: ‘/proc/1715/fdinfo’: Permission denied
find: ‘/proc/1715/ns’: Permission denied
find: ‘/proc/1720/task/1720/fd’: Permission denied
find: ‘/proc/1720/task/1720/fdinfo’: Permission denied
find: ‘/proc/1720/task/1720/ns’: Permission denied
find: ‘/proc/1720/fd’: Permission denied
find: ‘/proc/1720/map_files’: Permission denied
find: ‘/proc/1720/fdinfo’: Permission denied
find: ‘/proc/1720/ns’: Permission denied
find: ‘/proc/1722/task/1722/fd’: Permission denied
find: ‘/proc/1722/task/1722/fdinfo’: Permission denied
find: ‘/proc/1722/task/1722/ns’: Permission denied
find: ‘/proc/1722/task/1723/fd’: Permission denied
find: ‘/proc/1722/task/1723/fdinfo’: Permission denied
find: ‘/proc/1722/task/1723/ns’: Permission denied
find: ‘/proc/1722/task/1724/fd’: Permission denied
find: ‘/proc/1722/task/1724/fdinfo’: Permission denied
find: ‘/proc/1722/task/1724/ns’: Permission denied
find: ‘/proc/1722/fd’: Permission denied
find: ‘/proc/1722/map_files’: Permission denied
find: ‘/proc/1722/fdinfo’: Permission denied
find: ‘/proc/1722/ns’: Permission denied
find: ‘/proc/1726/task/1726/fd’: Permission denied
find: ‘/proc/1726/task/1726/fdinfo’: Permission denied
find: ‘/proc/1726/task/1726/ns’: Permission denied
find: ‘/proc/1726/task/1730/fd’: Permission denied
find: ‘/proc/1726/task/1730/fdinfo’: Permission denied
find: ‘/proc/1726/task/1730/ns’: Permission denied
find: ‘/proc/1726/task/1731/fd’: Permission denied
find: ‘/proc/1726/task/1731/fdinfo’: Permission denied
find: ‘/proc/1726/task/1731/ns’: Permission denied
find: ‘/proc/1726/fd’: Permission denied
find: ‘/proc/1726/map_files’: Permission denied
find: ‘/proc/1726/fdinfo’: Permission denied
find: ‘/proc/1726/ns’: Permission denied
find: ‘/proc/1727/task/1727/fd’: Permission denied
find: ‘/proc/1727/task/1727/fdinfo’: Permission denied
find: ‘/proc/1727/task/1727/ns’: Permission denied
find: ‘/proc/1727/task/1728/fd’: Permission denied
find: ‘/proc/1727/task/1728/fdinfo’: Permission denied
find: ‘/proc/1727/task/1728/ns’: Permission denied
find: ‘/proc/1727/task/1729/fd’: Permission denied
find: ‘/proc/1727/task/1729/fdinfo’: Permission denied
find: ‘/proc/1727/task/1729/ns’: Permission denied
find: ‘/proc/1727/fd’: Permission denied
find: ‘/proc/1727/map_files’: Permission denied
find: ‘/proc/1727/fdinfo’: Permission denied
find: ‘/proc/1727/ns’: Permission denied
find: ‘/proc/1741/task/1741/fd’: Permission denied
find: ‘/proc/1741/task/1741/fdinfo’: Permission denied
find: ‘/proc/1741/task/1741/ns’: Permission denied
find: ‘/proc/1741/task/1742/fd’: Permission denied
find: ‘/proc/1741/task/1742/fdinfo’: Permission denied
find: ‘/proc/1741/task/1742/ns’: Permission denied
find: ‘/proc/1741/task/1747/fd’: Permission denied
find: ‘/proc/1741/task/1747/fdinfo’: Permission denied
find: ‘/proc/1741/task/1747/ns’: Permission denied
find: ‘/proc/1741/fd’: Permission denied
find: ‘/proc/1741/map_files’: Permission denied
find: ‘/proc/1741/fdinfo’: Permission denied
find: ‘/proc/1741/ns’: Permission denied
find: ‘/proc/1744/task/1744/fd’: Permission denied
find: ‘/proc/1744/task/1744/fdinfo’: Permission denied
find: ‘/proc/1744/task/1744/ns’: Permission denied
find: ‘/proc/1744/task/1754/fd’: Permission denied
find: ‘/proc/1744/task/1754/fdinfo’: Permission denied
find: ‘/proc/1744/task/1754/ns’: Permission denied
find: ‘/proc/1744/task/1755/fd’: Permission denied
find: ‘/proc/1744/task/1755/fdinfo’: Permission denied
find: ‘/proc/1744/task/1755/ns’: Permission denied
find: ‘/proc/1744/task/1756/fd’: Permission denied
find: ‘/proc/1744/task/1756/fdinfo’: Permission denied
find: ‘/proc/1744/task/1756/ns’: Permission denied
find: ‘/proc/1744/fd’: Permission denied
find: ‘/proc/1744/map_files’: Permission denied
find: ‘/proc/1744/fdinfo’: Permission denied
find: ‘/proc/1744/ns’: Permission denied
find: ‘/proc/1746/task/1746/fd’: Permission denied
find: ‘/proc/1746/task/1746/fdinfo’: Permission denied
find: ‘/proc/1746/task/1746/ns’: Permission denied
find: ‘/proc/1746/task/1829/fd’: Permission denied
find: ‘/proc/1746/task/1829/fdinfo’: Permission denied
find: ‘/proc/1746/task/1829/ns’: Permission denied
find: ‘/proc/1746/task/1830/fd’: Permission denied
find: ‘/proc/1746/task/1830/fdinfo’: Permission denied
find: ‘/proc/1746/task/1830/ns’: Permission denied
find: ‘/proc/1746/fd’: Permission denied
find: ‘/proc/1746/map_files’: Permission denied
find: ‘/proc/1746/fdinfo’: Permission denied
find: ‘/proc/1746/ns’: Permission denied
find: ‘/proc/1749/task/1749/fd’: Permission denied
find: ‘/proc/1749/task/1749/fdinfo’: Permission denied
find: ‘/proc/1749/task/1749/ns’: Permission denied
find: ‘/proc/1749/task/1750/fd’: Permission denied
find: ‘/proc/1749/task/1750/fdinfo’: Permission denied
find: ‘/proc/1749/task/1750/ns’: Permission denied
find: ‘/proc/1749/task/1752/fd’: Permission denied
find: ‘/proc/1749/task/1752/fdinfo’: Permission denied
find: ‘/proc/1749/task/1752/ns’: Permission denied
find: ‘/proc/1749/fd’: Permission denied
find: ‘/proc/1749/map_files’: Permission denied
find: ‘/proc/1749/fdinfo’: Permission denied
find: ‘/proc/1749/ns’: Permission denied
find: ‘/proc/1761/task/1761/fd’: Permission denied
find: ‘/proc/1761/task/1761/fdinfo’: Permission denied
find: ‘/proc/1761/task/1761/ns’: Permission denied
find: ‘/proc/1761/task/1766/fd’: Permission denied
find: ‘/proc/1761/task/1766/fdinfo’: Permission denied
find: ‘/proc/1761/task/1766/ns’: Permission denied
find: ‘/proc/1761/task/1768/fd’: Permission denied
find: ‘/proc/1761/task/1768/fdinfo’: Permission denied
find: ‘/proc/1761/task/1768/ns’: Permission denied
find: ‘/proc/1761/fd’: Permission denied
find: ‘/proc/1761/map_files’: Permission denied
find: ‘/proc/1761/fdinfo’: Permission denied
find: ‘/proc/1761/ns’: Permission denied
find: ‘/proc/1762/task/1762/fd’: Permission denied
find: ‘/proc/1762/task/1762/fdinfo’: Permission denied
find: ‘/proc/1762/task/1762/ns’: Permission denied
find: ‘/proc/1762/task/1786/fd’: Permission denied
find: ‘/proc/1762/task/1786/fdinfo’: Permission denied
find: ‘/proc/1762/task/1786/ns’: Permission denied
find: ‘/proc/1762/task/1788/fd’: Permission denied
find: ‘/proc/1762/task/1788/fdinfo’: Permission denied
find: ‘/proc/1762/task/1788/ns’: Permission denied
find: ‘/proc/1762/fd’: Permission denied
find: ‘/proc/1762/map_files’: Permission denied
find: ‘/proc/1762/fdinfo’: Permission denied
find: ‘/proc/1762/ns’: Permission denied
find: ‘/proc/1763/task/1763/fd’: Permission denied
find: ‘/proc/1763/task/1763/fdinfo’: Permission denied
find: ‘/proc/1763/task/1763/ns’: Permission denied
find: ‘/proc/1763/task/1831/fd’: Permission denied
find: ‘/proc/1763/task/1831/fdinfo’: Permission denied
find: ‘/proc/1763/task/1831/ns’: Permission denied
find: ‘/proc/1763/task/1832/fd’: Permission denied
find: ‘/proc/1763/task/1832/fdinfo’: Permission denied
find: ‘/proc/1763/task/1832/ns’: Permission denied
find: ‘/proc/1763/task/1837/fd’: Permission denied
find: ‘/proc/1763/task/1837/fdinfo’: Permission denied
find: ‘/proc/1763/task/1837/ns’: Permission denied
find: ‘/proc/1763/fd’: Permission denied
find: ‘/proc/1763/map_files’: Permission denied
find: ‘/proc/1763/fdinfo’: Permission denied
find: ‘/proc/1763/ns’: Permission denied
find: ‘/proc/1764/task/1764/fd’: Permission denied
find: ‘/proc/1764/task/1764/fdinfo’: Permission denied
find: ‘/proc/1764/task/1764/ns’: Permission denied
find: ‘/proc/1764/task/1770/fd’: Permission denied
find: ‘/proc/1764/task/1770/fdinfo’: Permission denied
find: ‘/proc/1764/task/1770/ns’: Permission denied
find: ‘/proc/1764/task/1771/fd’: Permission denied
find: ‘/proc/1764/task/1771/fdinfo’: Permission denied
find: ‘/proc/1764/task/1771/ns’: Permission denied
find: ‘/proc/1764/task/1809/fd’: Permission denied
find: ‘/proc/1764/task/1809/fdinfo’: Permission denied
find: ‘/proc/1764/task/1809/ns’: Permission denied
find: ‘/proc/1764/fd’: Permission denied
find: ‘/proc/1764/map_files’: Permission denied
find: ‘/proc/1764/fdinfo’: Permission denied
find: ‘/proc/1764/ns’: Permission denied
find: ‘/proc/1769/task/1769/fd’: Permission denied
find: ‘/proc/1769/task/1769/fdinfo’: Permission denied
find: ‘/proc/1769/task/1769/ns’: Permission denied
find: ‘/proc/1769/task/1840/fd’: Permission denied
find: ‘/proc/1769/task/1840/fdinfo’: Permission denied
find: ‘/proc/1769/task/1840/ns’: Permission denied
find: ‘/proc/1769/task/1844/fd’: Permission denied
find: ‘/proc/1769/task/1844/fdinfo’: Permission denied
find: ‘/proc/1769/task/1844/ns’: Permission denied
find: ‘/proc/1769/fd’: Permission denied
find: ‘/proc/1769/map_files’: Permission denied
find: ‘/proc/1769/fdinfo’: Permission denied
find: ‘/proc/1769/ns’: Permission denied
find: ‘/proc/1772/task/1772/fd’: Permission denied
find: ‘/proc/1772/task/1772/fdinfo’: Permission denied
find: ‘/proc/1772/task/1772/ns’: Permission denied
find: ‘/proc/1772/task/1841/fd’: Permission denied
find: ‘/proc/1772/task/1841/fdinfo’: Permission denied
find: ‘/proc/1772/task/1841/ns’: Permission denied
find: ‘/proc/1772/task/1842/fd’: Permission denied
find: ‘/proc/1772/task/1842/fdinfo’: Permission denied
find: ‘/proc/1772/task/1842/ns’: Permission denied
find: ‘/proc/1772/task/1845/fd’: Permission denied
find: ‘/proc/1772/task/1845/fdinfo’: Permission denied
find: ‘/proc/1772/task/1845/ns’: Permission denied
find: ‘/proc/1772/fd’: Permission denied
find: ‘/proc/1772/map_files’: Permission denied
find: ‘/proc/1772/fdinfo’: Permission denied
find: ‘/proc/1772/ns’: Permission denied
find: ‘/proc/1773/task/1773/fd’: Permission denied
find: ‘/proc/1773/task/1773/fdinfo’: Permission denied
find: ‘/proc/1773/task/1773/ns’: Permission denied
find: ‘/proc/1773/task/1814/fd’: Permission denied
find: ‘/proc/1773/task/1814/fdinfo’: Permission denied
find: ‘/proc/1773/task/1814/ns’: Permission denied
find: ‘/proc/1773/task/1815/fd’: Permission denied
find: ‘/proc/1773/task/1815/fdinfo’: Permission denied
find: ‘/proc/1773/task/1815/ns’: Permission denied
find: ‘/proc/1773/fd’: Permission denied
find: ‘/proc/1773/map_files’: Permission denied
find: ‘/proc/1773/fdinfo’: Permission denied
find: ‘/proc/1773/ns’: Permission denied
find: ‘/proc/1774/task/1774/fd’: Permission denied
find: ‘/proc/1774/task/1774/fdinfo’: Permission denied
find: ‘/proc/1774/task/1774/ns’: Permission denied
find: ‘/proc/1774/task/1776/fd’: Permission denied
find: ‘/proc/1774/task/1776/fdinfo’: Permission denied
find: ‘/proc/1774/task/1776/ns’: Permission denied
find: ‘/proc/1774/task/1779/fd’: Permission denied
find: ‘/proc/1774/task/1779/fdinfo’: Permission denied
find: ‘/proc/1774/task/1779/ns’: Permission denied
find: ‘/proc/1774/fd’: Permission denied
find: ‘/proc/1774/map_files’: Permission denied
find: ‘/proc/1774/fdinfo’: Permission denied
find: ‘/proc/1774/ns’: Permission denied
find: ‘/proc/1775/task/1775/fd’: Permission denied
find: ‘/proc/1775/task/1775/fdinfo’: Permission denied
find: ‘/proc/1775/task/1775/ns’: Permission denied
find: ‘/proc/1775/task/1838/fd’: Permission denied
find: ‘/proc/1775/task/1838/fdinfo’: Permission denied
find: ‘/proc/1775/task/1838/ns’: Permission denied
find: ‘/proc/1775/task/1839/fd’: Permission denied
find: ‘/proc/1775/task/1839/fdinfo’: Permission denied
find: ‘/proc/1775/task/1839/ns’: Permission denied
find: ‘/proc/1775/task/1843/fd’: Permission denied
find: ‘/proc/1775/task/1843/fdinfo’: Permission denied
find: ‘/proc/1775/task/1843/ns’: Permission denied
find: ‘/proc/1775/fd’: Permission denied
find: ‘/proc/1775/map_files’: Permission denied
find: ‘/proc/1775/fdinfo’: Permission denied
find: ‘/proc/1775/ns’: Permission denied
find: ‘/proc/1777/task/1777/fd’: Permission denied
find: ‘/proc/1777/task/1777/fdinfo’: Permission denied
find: ‘/proc/1777/task/1777/ns’: Permission denied
find: ‘/proc/1777/task/1823/fd’: Permission denied
find: ‘/proc/1777/task/1823/fdinfo’: Permission denied
find: ‘/proc/1777/task/1823/ns’: Permission denied
find: ‘/proc/1777/task/1824/fd’: Permission denied
find: ‘/proc/1777/task/1824/fdinfo’: Permission denied
find: ‘/proc/1777/task/1824/ns’: Permission denied
find: ‘/proc/1777/task/1854/fd’: Permission denied
find: ‘/proc/1777/task/1854/fdinfo’: Permission denied
find: ‘/proc/1777/task/1854/ns’: Permission denied
find: ‘/proc/1777/fd’: Permission denied
find: ‘/proc/1777/map_files’: Permission denied
find: ‘/proc/1777/fdinfo’: Permission denied
find: ‘/proc/1777/ns’: Permission denied
find: ‘/proc/1780/task/1780/fd’: Permission denied
find: ‘/proc/1780/task/1780/fdinfo’: Permission denied
find: ‘/proc/1780/task/1780/ns’: Permission denied
find: ‘/proc/1780/task/1782/fd’: Permission denied
find: ‘/proc/1780/task/1782/fdinfo’: Permission denied
find: ‘/proc/1780/task/1782/ns’: Permission denied
find: ‘/proc/1780/task/1783/fd’: Permission denied
find: ‘/proc/1780/task/1783/fdinfo’: Permission denied
find: ‘/proc/1780/task/1783/ns’: Permission denied
find: ‘/proc/1780/fd’: Permission denied
find: ‘/proc/1780/map_files’: Permission denied
find: ‘/proc/1780/fdinfo’: Permission denied
find: ‘/proc/1780/ns’: Permission denied
find: ‘/proc/1781/task/1781/fd’: Permission denied
find: ‘/proc/1781/task/1781/fdinfo’: Permission denied
find: ‘/proc/1781/task/1781/ns’: Permission denied
find: ‘/proc/1781/task/1833/fd’: Permission denied
find: ‘/proc/1781/task/1833/fdinfo’: Permission denied
find: ‘/proc/1781/task/1833/ns’: Permission denied
find: ‘/proc/1781/task/1835/fd’: Permission denied
find: ‘/proc/1781/task/1835/fdinfo’: Permission denied
find: ‘/proc/1781/task/1835/ns’: Permission denied
find: ‘/proc/1781/task/1853/fd’: Permission denied
find: ‘/proc/1781/task/1853/fdinfo’: Permission denied
find: ‘/proc/1781/task/1853/ns’: Permission denied
find: ‘/proc/1781/fd’: Permission denied
find: ‘/proc/1781/map_files’: Permission denied
find: ‘/proc/1781/fdinfo’: Permission denied
find: ‘/proc/1781/ns’: Permission denied
find: ‘/proc/1784/task/1784/fd’: Permission denied
find: ‘/proc/1784/task/1784/fdinfo’: Permission denied
find: ‘/proc/1784/task/1784/ns’: Permission denied
find: ‘/proc/1784/task/1792/fd’: Permission denied
find: ‘/proc/1784/task/1792/fdinfo’: Permission denied
find: ‘/proc/1784/task/1792/ns’: Permission denied
find: ‘/proc/1784/task/1793/fd’: Permission denied
find: ‘/proc/1784/task/1793/fdinfo’: Permission denied
find: ‘/proc/1784/task/1793/ns’: Permission denied
find: ‘/proc/1784/fd’: Permission denied
find: ‘/proc/1784/map_files’: Permission denied
find: ‘/proc/1784/fdinfo’: Permission denied
find: ‘/proc/1784/ns’: Permission denied
find: ‘/proc/1785/task/1785/fd’: Permission denied
find: ‘/proc/1785/task/1785/fdinfo’: Permission denied
find: ‘/proc/1785/task/1785/ns’: Permission denied
find: ‘/proc/1785/task/1789/fd’: Permission denied
find: ‘/proc/1785/task/1789/fdinfo’: Permission denied
find: ‘/proc/1785/task/1789/ns’: Permission denied
find: ‘/proc/1785/task/1790/fd’: Permission denied
find: ‘/proc/1785/task/1790/fdinfo’: Permission denied
find: ‘/proc/1785/task/1790/ns’: Permission denied
find: ‘/proc/1785/fd’: Permission denied
find: ‘/proc/1785/map_files’: Permission denied
find: ‘/proc/1785/fdinfo’: Permission denied
find: ‘/proc/1785/ns’: Permission denied
find: ‘/proc/1787/task/1787/fd’: Permission denied
find: ‘/proc/1787/task/1787/fdinfo’: Permission denied
find: ‘/proc/1787/task/1787/ns’: Permission denied
find: ‘/proc/1787/task/1795/fd’: Permission denied
find: ‘/proc/1787/task/1795/fdinfo’: Permission denied
find: ‘/proc/1787/task/1795/ns’: Permission denied
find: ‘/proc/1787/task/1797/fd’: Permission denied
find: ‘/proc/1787/task/1797/fdinfo’: Permission denied
find: ‘/proc/1787/task/1797/ns’: Permission denied
find: ‘/proc/1787/fd’: Permission denied
find: ‘/proc/1787/map_files’: Permission denied
find: ‘/proc/1787/fdinfo’: Permission denied
find: ‘/proc/1787/ns’: Permission denied
find: ‘/proc/1794/task/1794/fd’: Permission denied
find: ‘/proc/1794/task/1794/fdinfo’: Permission denied
find: ‘/proc/1794/task/1794/ns’: Permission denied
find: ‘/proc/1794/task/1802/fd’: Permission denied
find: ‘/proc/1794/task/1802/fdinfo’: Permission denied
find: ‘/proc/1794/task/1802/ns’: Permission denied
find: ‘/proc/1794/task/1803/fd’: Permission denied
find: ‘/proc/1794/task/1803/fdinfo’: Permission denied
find: ‘/proc/1794/task/1803/ns’: Permission denied
find: ‘/proc/1794/task/1804/fd’: Permission denied
find: ‘/proc/1794/task/1804/fdinfo’: Permission denied
find: ‘/proc/1794/task/1804/ns’: Permission denied
find: ‘/proc/1794/fd’: Permission denied
find: ‘/proc/1794/map_files’: Permission denied
find: ‘/proc/1794/fdinfo’: Permission denied
find: ‘/proc/1794/ns’: Permission denied
find: ‘/proc/1798/task/1798/fd’: Permission denied
find: ‘/proc/1798/task/1798/fdinfo’: Permission denied
find: ‘/proc/1798/task/1798/ns’: Permission denied
find: ‘/proc/1798/task/1800/fd’: Permission denied
find: ‘/proc/1798/task/1800/fdinfo’: Permission denied
find: ‘/proc/1798/task/1800/ns’: Permission denied
find: ‘/proc/1798/task/1801/fd’: Permission denied
find: ‘/proc/1798/task/1801/fdinfo’: Permission denied
find: ‘/proc/1798/task/1801/ns’: Permission denied
find: ‘/proc/1798/task/1810/fd’: Permission denied
find: ‘/proc/1798/task/1810/fdinfo’: Permission denied
find: ‘/proc/1798/task/1810/ns’: Permission denied
find: ‘/proc/1798/task/1811/fd’: Permission denied
find: ‘/proc/1798/task/1811/fdinfo’: Permission denied
find: ‘/proc/1798/task/1811/ns’: Permission denied
find: ‘/proc/1798/fd’: Permission denied
find: ‘/proc/1798/map_files’: Permission denied
find: ‘/proc/1798/fdinfo’: Permission denied
find: ‘/proc/1798/ns’: Permission denied
find: ‘/proc/1799/task/1799/fd’: Permission denied
find: ‘/proc/1799/task/1799/fdinfo’: Permission denied
find: ‘/proc/1799/task/1799/ns’: Permission denied
find: ‘/proc/1799/task/1807/fd’: Permission denied
find: ‘/proc/1799/task/1807/fdinfo’: Permission denied
find: ‘/proc/1799/task/1807/ns’: Permission denied
find: ‘/proc/1799/task/1808/fd’: Permission denied
find: ‘/proc/1799/task/1808/fdinfo’: Permission denied
find: ‘/proc/1799/task/1808/ns’: Permission denied
find: ‘/proc/1799/task/1812/fd’: Permission denied
find: ‘/proc/1799/task/1812/fdinfo’: Permission denied
find: ‘/proc/1799/task/1812/ns’: Permission denied
find: ‘/proc/1799/fd’: Permission denied
find: ‘/proc/1799/map_files’: Permission denied
find: ‘/proc/1799/fdinfo’: Permission denied
find: ‘/proc/1799/ns’: Permission denied
find: ‘/proc/1805/task/1805/fd’: Permission denied
find: ‘/proc/1805/task/1805/fdinfo’: Permission denied
find: ‘/proc/1805/task/1805/ns’: Permission denied
find: ‘/proc/1805/task/1825/fd’: Permission denied
find: ‘/proc/1805/task/1825/fdinfo’: Permission denied
find: ‘/proc/1805/task/1825/ns’: Permission denied
find: ‘/proc/1805/task/1826/fd’: Permission denied
find: ‘/proc/1805/task/1826/fdinfo’: Permission denied
find: ‘/proc/1805/task/1826/ns’: Permission denied
find: ‘/proc/1805/fd’: Permission denied
find: ‘/proc/1805/map_files’: Permission denied
find: ‘/proc/1805/fdinfo’: Permission denied
find: ‘/proc/1805/ns’: Permission denied
find: ‘/proc/1818/task/1818/fd’: Permission denied
find: ‘/proc/1818/task/1818/fdinfo’: Permission denied
find: ‘/proc/1818/task/1818/ns’: Permission denied
find: ‘/proc/1818/task/1819/fd’: Permission denied
find: ‘/proc/1818/task/1819/fdinfo’: Permission denied
find: ‘/proc/1818/task/1819/ns’: Permission denied
find: ‘/proc/1818/task/1820/fd’: Permission denied
find: ‘/proc/1818/task/1820/fdinfo’: Permission denied
find: ‘/proc/1818/task/1820/ns’: Permission denied
find: ‘/proc/1818/fd’: Permission denied
find: ‘/proc/1818/map_files’: Permission denied
find: ‘/proc/1818/fdinfo’: Permission denied
find: ‘/proc/1818/ns’: Permission denied
find: ‘/proc/1851/task/1851/fd’: Permission denied
find: ‘/proc/1851/task/1851/fdinfo’: Permission denied
find: ‘/proc/1851/task/1851/ns’: Permission denied
find: ‘/proc/1851/task/1858/fd’: Permission denied
find: ‘/proc/1851/task/1858/fdinfo’: Permission denied
find: ‘/proc/1851/task/1858/ns’: Permission denied
find: ‘/proc/1851/task/1860/fd’: Permission denied
find: ‘/proc/1851/task/1860/fdinfo’: Permission denied
find: ‘/proc/1851/task/1860/ns’: Permission denied
find: ‘/proc/1851/fd’: Permission denied
find: ‘/proc/1851/map_files’: Permission denied
find: ‘/proc/1851/fdinfo’: Permission denied
find: ‘/proc/1851/ns’: Permission denied
find: ‘/proc/1877/task/1877/fd’: Permission denied
find: ‘/proc/1877/task/1877/fdinfo’: Permission denied
find: ‘/proc/1877/task/1877/ns’: Permission denied
find: ‘/proc/1877/task/1878/fd’: Permission denied
find: ‘/proc/1877/task/1878/fdinfo’: Permission denied
find: ‘/proc/1877/task/1878/ns’: Permission denied
find: ‘/proc/1877/task/1879/fd’: Permission denied
find: ‘/proc/1877/task/1879/fdinfo’: Permission denied
find: ‘/proc/1877/task/1879/ns’: Permission denied
find: ‘/proc/1877/fd’: Permission denied
find: ‘/proc/1877/map_files’: Permission denied
find: ‘/proc/1877/fdinfo’: Permission denied
find: ‘/proc/1877/ns’: Permission denied
find: ‘/proc/1888/task/1888/fd’: Permission denied
find: ‘/proc/1888/task/1888/fdinfo’: Permission denied
find: ‘/proc/1888/task/1888/ns’: Permission denied
find: ‘/proc/1888/fd’: Permission denied
find: ‘/proc/1888/map_files’: Permission denied
find: ‘/proc/1888/fdinfo’: Permission denied
find: ‘/proc/1888/ns’: Permission denied
find: ‘/proc/1901/task/1901/fd’: Permission denied
find: ‘/proc/1901/task/1901/fdinfo’: Permission denied
find: ‘/proc/1901/task/1901/ns’: Permission denied
find: ‘/proc/1901/task/1902/fd’: Permission denied
find: ‘/proc/1901/task/1902/fdinfo’: Permission denied
find: ‘/proc/1901/task/1902/ns’: Permission denied
find: ‘/proc/1901/task/1903/fd’: Permission denied
find: ‘/proc/1901/task/1903/fdinfo’: Permission denied
find: ‘/proc/1901/task/1903/ns’: Permission denied
find: ‘/proc/1901/task/2044/fd’: Permission denied
find: ‘/proc/1901/task/2044/fdinfo’: Permission denied
find: ‘/proc/1901/task/2044/ns’: Permission denied
find: ‘/proc/1901/fd’: Permission denied
find: ‘/proc/1901/map_files’: Permission denied
find: ‘/proc/1901/fdinfo’: Permission denied
find: ‘/proc/1901/ns’: Permission denied
find: ‘/proc/2007/task/2007/fd’: Permission denied
find: ‘/proc/2007/task/2007/fdinfo’: Permission denied
find: ‘/proc/2007/task/2007/ns’: Permission denied
find: ‘/proc/2007/fd’: Permission denied
find: ‘/proc/2007/map_files’: Permission denied
find: ‘/proc/2007/fdinfo’: Permission denied
find: ‘/proc/2007/ns’: Permission denied
find: ‘/proc/2342/task/2342/fd’: Permission denied
find: ‘/proc/2342/task/2342/fdinfo’: Permission denied
find: ‘/proc/2342/task/2342/ns’: Permission denied
find: ‘/proc/2342/task/2344/fd’: Permission denied
find: ‘/proc/2342/task/2344/fdinfo’: Permission denied
find: ‘/proc/2342/task/2344/ns’: Permission denied
find: ‘/proc/2342/task/2345/fd’: Permission denied
find: ‘/proc/2342/task/2345/fdinfo’: Permission denied
find: ‘/proc/2342/task/2345/ns’: Permission denied
find: ‘/proc/2342/task/2346/fd’: Permission denied
find: ‘/proc/2342/task/2346/fdinfo’: Permission denied
find: ‘/proc/2342/task/2346/ns’: Permission denied
find: ‘/proc/2342/task/2347/fd’: Permission denied
find: ‘/proc/2342/task/2347/fdinfo’: Permission denied
find: ‘/proc/2342/task/2347/ns’: Permission denied
find: ‘/proc/2342/fd’: Permission denied
find: ‘/proc/2342/map_files’: Permission denied
find: ‘/proc/2342/fdinfo’: Permission denied
find: ‘/proc/2342/ns’: Permission denied
find: ‘/proc/2772/task/2772/fd’: Permission denied
find: ‘/proc/2772/task/2772/fdinfo’: Permission denied
find: ‘/proc/2772/task/2772/ns’: Permission denied
find: ‘/proc/2772/fd’: Permission denied
find: ‘/proc/2772/map_files’: Permission denied
find: ‘/proc/2772/fdinfo’: Permission denied
find: ‘/proc/2772/ns’: Permission denied
find: ‘/proc/2773/task/2773/fd’: Permission denied
find: ‘/proc/2773/task/2773/fdinfo’: Permission denied
find: ‘/proc/2773/task/2773/ns’: Permission denied
find: ‘/proc/2773/task/2775/fd’: Permission denied
find: ‘/proc/2773/task/2775/fdinfo’: Permission denied
find: ‘/proc/2773/task/2775/ns’: Permission denied
find: ‘/proc/2773/task/2776/fd’: Permission denied
find: ‘/proc/2773/task/2776/fdinfo’: Permission denied
find: ‘/proc/2773/task/2776/ns’: Permission denied
find: ‘/proc/2773/fd’: Permission denied
find: ‘/proc/2773/map_files’: Permission denied
find: ‘/proc/2773/fdinfo’: Permission denied
find: ‘/proc/2773/ns’: Permission denied
find: ‘/proc/2862/task/2862/fd’: Permission denied
find: ‘/proc/2862/task/2862/fdinfo’: Permission denied
find: ‘/proc/2862/task/2862/ns’: Permission denied
find: ‘/proc/2862/fd’: Permission denied
find: ‘/proc/2862/map_files’: Permission denied
find: ‘/proc/2862/fdinfo’: Permission denied
find: ‘/proc/2862/ns’: Permission denied
find: ‘/proc/2883/task/2883/fd’: Permission denied
find: ‘/proc/2883/task/2883/fdinfo’: Permission denied
find: ‘/proc/2883/task/2883/ns’: Permission denied
find: ‘/proc/2883/fd’: Permission denied
find: ‘/proc/2883/map_files’: Permission denied
find: ‘/proc/2883/fdinfo’: Permission denied
find: ‘/proc/2883/ns’: Permission denied
find: ‘/proc/2938/task/2938/fd’: Permission denied
find: ‘/proc/2938/task/2938/fdinfo’: Permission denied
find: ‘/proc/2938/task/2938/ns’: Permission denied
find: ‘/proc/2938/fd’: Permission denied
find: ‘/proc/2938/map_files’: Permission denied
find: ‘/proc/2938/fdinfo’: Permission denied
find: ‘/proc/2938/ns’: Permission denied
find: ‘/proc/2944/task/2944/fd’: Permission denied
find: ‘/proc/2944/task/2944/fdinfo’: Permission denied
find: ‘/proc/2944/task/2944/ns’: Permission denied
find: ‘/proc/2944/fd’: Permission denied
find: ‘/proc/2944/map_files’: Permission denied
find: ‘/proc/2944/fdinfo’: Permission denied
find: ‘/proc/2944/ns’: Permission denied
find: ‘/proc/2966/task/2966/fd’: Permission denied
find: ‘/proc/2966/task/2966/fdinfo’: Permission denied
find: ‘/proc/2966/task/2966/ns’: Permission denied
find: ‘/proc/2966/fd’: Permission denied
find: ‘/proc/2966/map_files’: Permission denied
find: ‘/proc/2966/fdinfo’: Permission denied
find: ‘/proc/2966/ns’: Permission denied
find: ‘/proc/2967/task/2967/fd’: Permission denied
find: ‘/proc/2967/task/2967/fdinfo’: Permission denied
find: ‘/proc/2967/task/2967/ns’: Permission denied
find: ‘/proc/2967/fd’: Permission denied
find: ‘/proc/2967/map_files’: Permission denied
find: ‘/proc/2967/fdinfo’: Permission denied
find: ‘/proc/2967/ns’: Permission denied
find: ‘/run/gdm3’: Permission denied
find: ‘/run/udisks2’: Permission denied
find: ‘/run/cups/certs’: Permission denied
find: ‘/run/user/120’: Permission denied
find: ‘/run/sudo’: Permission denied
find: ‘/run/systemd/unit-root’: Permission denied
find: ‘/run/systemd/resolve/netif’: Permission denied
find: ‘/run/systemd/inaccessible’: Permission denied
find: ‘/opt/lampp/var/mysql/my_db’: Permission denied
find: ‘/opt/lampp/var/mysql/performance_schema’: Permission denied
find: ‘/opt/lampp/var/mysql/myuser’: Permission denied
find: ‘/opt/lampp/var/mysql/mysql’: Permission denied
find: ‘/opt/lampp/var/mysql/reg’: Permission denied
find: ‘/opt/lampp/var/mysql/student’: Permission denied
find: ‘/opt/lampp/var/mysql/stud’: Permission denied
find: ‘/opt/lampp/var/mysql/erect’: Permission denied
find: ‘/opt/lampp/var/mysql/test’: Permission denied
find: ‘/opt/lampp/var/mysql/books’: Permission denied
find: ‘/opt/lampp/var/mysql/Arya’: Permission denied
find: ‘/opt/lampp/var/mysql/phpmyadmin’: Permission denied
find: ‘/opt/lampp/var/mysql/user’: Permission denied
find: ‘/opt/lampp/phpmyadmin/tmp/twig’: Permission denied
find: ‘/sys/kernel/debug’: Permission denied
find: ‘/sys/fs/pstore’: Permission denied
find: ‘/home/mca/.ssh’: Permission denied
find: ‘/home/mca/.java/.userPrefs’: Permission denied
find: ‘/home/mca/.cache’: Permission denied
find: ‘/home/mca/.dbus’: Permission denied
find: ‘/home/mca/.config’: Permission denied
find: ‘/home/mca/.mozilla’: Permission denied
find: ‘/home/mca/.gnupg’: Permission denied
find: ‘/home/mca/.local’: Permission denied
/home/student/ajce/mca/copy/fake/n1/f1.txt
/home/student/ajce/mca/copy/fake/f1.txt
/home/student/ajce/mca/p/f1.txt
/home/student/mcale/f1.txt
/home/student/.local/share/Trash/files/f1.txt
find: ‘/home/android/.ssh’: Permission denied
find: ‘/home/android/AndroidStudioProjects/mark/app/build/generated/source/r/debug/com’: Permission denied
find: ‘/home/android/AndroidStudioProjects/calculator/app/build/generated/source/r/debug/com’: Permission denied
find: ‘/home/android/AndroidStudioProjects/MyApplication4/app/build/generated/source/r/release/com’: Permission denied
find: ‘/home/android/AndroidStudioProjects/MyApplication4/app/build/generated/source/r/debug/com’: Permission denied
find: ‘/home/android/AndroidStudioProjects/AddNumbers/app/build/generated/source/r/debug/com’: Permission denied
find: ‘/home/android/AndroidStudioProjects/buttonclick/app/build/generated/source/r/debug/com’: Permission denied
find: ‘/home/android/AndroidStudioProjects/Sample/app/build/generated/source/r/debug/com’: Permission denied
find: ‘/home/android/AndroidStudioProjects/alert/app/build/generated/source/r/debug/com’: Permission denied
find: ‘/home/android/AndroidStudioProjects/Dani/app/build/generated/source/r/debug/com’: Permission denied
find: ‘/home/android/AndroidStudioProjects/MyApplication32/app/build/generated/source/r/debug/com’: Permission denied
find: ‘/home/android/AndroidStudioProjects/Listview/app/build/generated/source/r/debug/com’: Permission denied
find: ‘/home/android/AndroidStudioProjects/Listview2/app/build/generated/source/r/debug/com’: Permission denied
find: ‘/home/android/AndroidStudioProjects/SQL/app/build/generated/source/r/debug/com’: Permission denied
find: ‘/home/android/AndroidStudioProjects/MyApplication5/app/build/generated/source/r/debug/com’: Permission denied
find: ‘/home/android/AndroidStudioProjects/justcal/app/build/generated/source/r/debug/com’: Permission denied
find: ‘/home/android/AndroidStudioProjects/MyFirstApp/app/build/generated/source/r/debug/com’: Permission denied
find: ‘/home/android/AndroidStudioProjects/implcitmap/app/build/generated/source/r/debug/com’: Permission denied
find: ‘/home/android/AndroidStudioProjects/Dynamic/app/build/generated/source/r/debug/com’: Permission denied
find: ‘/home/android/AndroidStudioProjects/ListView/app/build/generated/source/r/debug/com’: Permission denied
find: ‘/home/android/AndroidStudioProjects/MyApplication2/app/build/generated/source/r/debug/com’: Permission denied
find: ‘/home/android/AndroidStudioProjects/MyApplication6/app/build/generated/source/r/debug/com’: Permission denied
find: ‘/home/android/AndroidStudioProjects/MyApplication22/app/build/generated/source/r/debug/com’: Permission denied
find: ‘/home/android/AndroidStudioProjects/MyApplication/app/build/generated/source/r/debug/com’: Permission denied
find: ‘/home/android/AndroidStudioProjects/Implicit/app/build/generated/source/r/debug/com’: Permission denied
find: ‘/home/android/AndroidStudioProjects/SQL1/app/build/generated/source/r/debug/com’: Permission denied
find: ‘/home/android/AndroidStudioProjects/Calculator/app/build/generated/source/r/debug/com’: Permission denied
find: ‘/home/android/AndroidStudioProjects/Mark2/app/build/generated/source/r/debug/com’: Permission denied
find: ‘/home/android/AndroidStudioProjects/Details/app/build/generated/source/r/debug/com’: Permission denied
find: ‘/home/android/.java/.userPrefs’: Permission denied
find: ‘/home/android/.cache’: Permission denied
find: ‘/home/android/.config’: Permission denied
find: ‘/home/android/.mozilla’: Permission denied
find: ‘/home/android/.gnupg’: Permission denied
find: ‘/home/android/.local’: Permission denied
find: ‘/home/android/.gradle/daemon/4.4’: Permission denied
find: ‘/home/android/.gnome’: Permission denied
find: ‘/etc/chatscripts’: Permission denied
find: ‘/etc/ppp/peers’: Permission denied
find: ‘/etc/cups/ssl’: Permission denied
find: ‘/etc/ssl/private’: Permission denied
find: ‘/etc/polkit-1/localauthority’: Permission denied
find: ‘/root’: Permission denied
find: ‘/snap/core/6350/etc/chatscripts’: Permission denied
find: ‘/snap/core/6350/etc/ppp/peers’: Permission denied
find: ‘/snap/core/6350/etc/ssl/private’: Permission denied
find: ‘/snap/core/6350/root’: Permission denied
find: ‘/snap/core/6350/var/cache/ldconfig’: Permission denied
find: ‘/snap/core/6350/var/lib/machines’: Permission denied
find: ‘/snap/core/6350/var/lib/waagent’: Permission denied
find: ‘/snap/core/6350/var/spool/cron/crontabs’: Permission denied
find: ‘/snap/core/6350/var/spool/rsyslog’: Permission denied
find: ‘/snap/core/6405/etc/chatscripts’: Permission denied
find: ‘/snap/core/6405/etc/ppp/peers’: Permission denied
find: ‘/snap/core/6405/etc/ssl/private’: Permission denied
find: ‘/snap/core/6405/root’: Permission denied
find: ‘/snap/core/6405/var/cache/ldconfig’: Permission denied
find: ‘/snap/core/6405/var/lib/machines’: Permission denied
find: ‘/snap/core/6405/var/lib/waagent’: Permission denied
find: ‘/snap/core/6405/var/spool/cron/crontabs’: Permission denied
find: ‘/snap/core/6405/var/spool/rsyslog’: Permission denied
find: ‘/snap/core/6259/etc/chatscripts’: Permission denied
find: ‘/snap/core/6259/etc/ppp/peers’: Permission denied
find: ‘/snap/core/6259/etc/ssl/private’: Permission denied
find: ‘/snap/core/6259/root’: Permission denied
find: ‘/snap/core/6259/var/cache/ldconfig’: Permission denied
find: ‘/snap/core/6259/var/lib/machines’: Permission denied
find: ‘/snap/core/6259/var/lib/waagent’: Permission denied
find: ‘/snap/core/6259/var/spool/cron/crontabs’: Permission denied
find: ‘/snap/core/6259/var/spool/rsyslog’: Permission denied
find: ‘/var/lib/fwupd/gnupg’: Permission denied
find: ‘/var/lib/private’: Permission denied
find: ‘/var/lib/gdm3/.cache/libgweather’: Permission denied
find: ‘/var/lib/gdm3/.config/gnome-session’: Permission denied
find: ‘/var/lib/gdm3/.config/pulse’: Permission denied
find: ‘/var/lib/gdm3/.config/ibus’: Permission denied
find: ‘/var/lib/gdm3/.gnupg’: Permission denied
find: ‘/var/lib/gdm3/.local’: Permission denied
find: ‘/var/lib/geoclue/.cache’: Permission denied
find: ‘/var/lib/php/sessions’: Permission denied
find: ‘/var/lib/update-notifier/package-data-downloads/partial’: Permission denied
find: ‘/var/lib/snapd/cookie’: Permission denied
find: ‘/var/lib/snapd/cache’: Permission denied
find: ‘/var/lib/colord/.cache’: Permission denied
find: ‘/var/lib/apt/lists/partial’: Permission denied
find: ‘/var/lib/polkit-1’: Permission denied
find: ‘/var/lib/udisks2’: Permission denied
find: ‘/var/tmp/systemd-private-83b29986ea8d4e98a4ab38b42f634e58-fwupd.service-SRBawn’: Permission denied
find: ‘/var/tmp/systemd-private-83b29986ea8d4e98a4ab38b42f634e58-rtkit-daemon.service-isUCON’: Permission denied
find: ‘/var/tmp/systemd-private-83b29986ea8d4e98a4ab38b42f634e58-bolt.service-KRFMe1’: Permission denied
find: ‘/var/tmp/systemd-private-83b29986ea8d4e98a4ab38b42f634e58-colord.service-gTDxIH’: Permission denied
find: ‘/var/tmp/systemd-private-83b29986ea8d4e98a4ab38b42f634e58-systemd-resolved.service-lJN9ge’: Permission denied
find: ‘/var/tmp/systemd-private-83b29986ea8d4e98a4ab38b42f634e58-systemd-timesyncd.service-OiEAh0’: Permission denied
find: ‘/var/spool/cron/crontabs’: Permission denied
find: ‘/var/spool/cups’: Permission denied
find: ‘/var/spool/rsyslog’: Permission denied
find: ‘/var/cache/ldconfig’: Permission denied
find: ‘/var/cache/cups’: Permission denied
find: ‘/var/cache/apt/archives/partial’: Permission denied
find: ‘/var/log/gdm3’: Permission denied
find: ‘/var/log/speech-dispatcher’: Permission denied
find: ‘/var/log/unattended-upgrades’: Permission denied
find: ‘/lost+found’: Permission denied
student@T14:~/ajce/mca/copy$ cd ..
student@T14:~/ajce/mca$ cd..
cd..: command not found
student@T14:~/ajce/mca$ cd ..
student@T14:~/ajce$ cd ..
student@T14:~$ find ~ -name file1.txt
/home/student/ajce/mca/copy/merge/file1.txt
/home/student/ajce/mca/copy/file1.txt
student@T14:~$ find ~ -name mca
/home/student/ajce/mca
/home/student/.local/share/Trash/files/mca
student@T14:~$ find . -name f1.txt
./ajce/mca/copy/fake/n1/f1.txt
./ajce/mca/copy/fake/f1.txt
./ajce/mca/p/f1.txt
./mcale/f1.txt
./.local/share/Trash/files/f1.txt
student@T14:~$ find . /mca -name a.txt
./ajce/mca/a.txt
./ajce/mca/p/a.txt
find: ‘/mca’: No such file or directory
student@T14:~$ find . /copy -name file1.txt
./ajce/mca/copy/merge/file1.txt
./ajce/mca/copy/file1.txt
find: ‘/copy’: No such file or directory
student@T14:~$ find . /merge -name file1.txt
./ajce/mca/copy/merge/file1.txt
./ajce/mca/copy/file1.txt
find: ‘/merge’: No such file or directory
student@T14:~$ find . /copy -name *.txt
find: paths must precede expression: `g2.txt'
find: possible unquoted pattern after predicate `-name'?
student@T14:~$ find ./copy -name *.txt
find: paths must precede expression: `g2.txt'
find: possible unquoted pattern after predicate `-name'?
student@T14:~$ cd ajce
student@T14:~/ajce$ cd mca
student@T14:~/ajce/mca$ cd copy
student@T14:~/ajce/mca/copy$ find ./copy -name *.txt
find: paths must precede expression: `file1.txt'
find: possible unquoted pattern after predicate `-name'?
student@T14:~/ajce/mca/copy$ find ./copy -name  *.txt;
find: paths must precede expression: `file1.txt'
find: possible unquoted pattern after predicate `-name'?
student@T14:~/ajce/mca/copy$ find ./copy  *.txt
find: ‘./copy’: No such file or directory
c1.txt
file1.txt
file2.txt
g3.txt
grep2.txt
grep.txt
new.txt
student@T14:~/ajce/mca/copy$ find ./copy -name  "*.txt"
find: ‘./copy’: No such file or directory
student@T14:~/ajce/mca/copy$ find -name "*.txt"
./grep2.txt
./merge/c1.txt
./merge/g1.txt
./merge/file2.txt
./merge/file1.txt
./c1.txt
./fake/n1/f2.txt
./fake/n1/f1.txt
./fake/f2.txt
./fake/f3.txt
./fake/f1.txt
./n2/head.txt
./grep.txt
./g3.txt
./new.txt
./file2.txt
./file1.txt
student@T14:~/ajce/mca/copy$ find . -name  "*.txt"
./grep2.txt
./merge/c1.txt
./merge/g1.txt
./merge/file2.txt
./merge/file1.txt
./c1.txt
./fake/n1/f2.txt
./fake/n1/f1.txt
./fake/f2.txt
./fake/f3.txt
./fake/f1.txt
./n2/head.txt
./grep.txt
./g3.txt
./new.txt
./file2.txt
./file1.txt
student@T14:~/ajce/mca/copy$ cd ..
student@T14:~/ajce/mca$ cd ..
student@T14:~/ajce$ cd ..
student@T14:~$ find ./copy -name  "*.txt"
find: ‘./copy’: No such file or directory
student@T14:~$ cd ajce
student@T14:~/ajce$ cd mca
student@T14:~/ajce/mca$ find ./copy -name  "*.txt"
./copy/grep2.txt
./copy/merge/c1.txt
./copy/merge/g1.txt
./copy/merge/file2.txt
./copy/merge/file1.txt
./copy/c1.txt
./copy/fake/n1/f2.txt
./copy/fake/n1/f1.txt
./copy/fake/f2.txt
./copy/fake/f3.txt
./copy/fake/f1.txt
./copy/n2/head.txt
./copy/grep.txt
./copy/g3.txt
./copy/new.txt
./copy/file2.txt
./copy/file1.txt
student@T14:~/ajce/mca$ find ./merge -name  "*.txt"
find: ‘./merge’: No such file or directory
student@T14:~/ajce/mca$ cd copy
student@T14:~/ajce/mca/copy$ find ./merge -name  "*.txt"
./merge/c1.txt
./merge/g1.txt
./merge/file2.txt
./merge/file1.txt
student@T14:~/ajce/mca/copy$ cd ..
student@T14:~/ajce/mca$ cd ..
student@T14:~/ajce$ cd ..
student@T14:~$ find ./mca -perm 664
find: ‘./mca’: No such file or directory
student@T14:~$ cd ~
student@T14:~$ find ~ -perm 777
/home/student/snap/vlc/common/.cache/gio-modules/libgiolibproxy.so
/home/student/snap/vlc/common/.cache/gio-modules/libdconfsettings.so
/home/student/snap/vlc/common/.cache/gio-modules/libgiognutls.so
/home/student/snap/vlc/common/.cache/gio-modules/libgiognomeproxy.so
/home/student/snap/vlc/current
/home/student/snap/vlc/770/.themes
/home/student/snap/vlc/770/.config/gtk-2.0/gtkfilechooser.ini
/home/student/snap/vlc/770/.config/dconf/user
/home/student/snap/vlc/770/.config/ibus/bus
/home/student/snap/vlc/770/.config/gtk-3.0/bookmarks
/home/student/snap/vlc/770/.config/gtk-3.0/settings.ini
/home/student/snap/vlc/770/.local/share/glib-2.0/schemas/org.gnome.desktop.wm.keybindings.gschema.xml
/home/student/snap/vlc/770/.local/share/glib-2.0/schemas/org.gnome.desktop.thumbnail-cache.gschema.xml
/home/student/snap/vlc/770/.local/share/glib-2.0/schemas/org.gnome.desktop.a11y.applications.gschema.xml
/home/student/snap/vlc/770/.local/share/glib-2.0/schemas/org.gnome.system.location.gschema.xml
/home/student/snap/vlc/770/.local/share/glib-2.0/schemas/org.gnome.desktop.lockdown.gschema.xml
/home/student/snap/vlc/770/.local/share/glib-2.0/schemas/org.gnome.desktop.notifications.gschema.xml
/home/student/snap/vlc/770/.local/share/glib-2.0/schemas/org.gnome.desktop.session.gschema.xml
/home/student/snap/vlc/770/.local/share/glib-2.0/schemas/org.gnome.desktop.default-applications.gschema.xml
/home/student/snap/vlc/770/.local/share/glib-2.0/schemas/org.gnome.desktop.app-folders.gschema.xml
/home/student/snap/vlc/770/.local/share/glib-2.0/schemas/org.gnome.desktop.enums.xml
/home/student/snap/vlc/770/.local/share/glib-2.0/schemas/org.gnome.desktop.datetime.gschema.xml
/home/student/snap/vlc/770/.local/share/glib-2.0/schemas/org.gnome.desktop.media-handling.gschema.xml
/home/student/snap/vlc/770/.local/share/glib-2.0/schemas/10_gsettings-desktop-schemas.gschema.override
/home/student/snap/vlc/770/.local/share/glib-2.0/schemas/org.gnome.desktop.a11y.gschema.xml
/home/student/snap/vlc/770/.local/share/glib-2.0/schemas/org.gnome.desktop.screensaver.gschema.xml
/home/student/snap/vlc/770/.local/share/glib-2.0/schemas/org.gnome.desktop.search-providers.gschema.xml
/home/student/snap/vlc/770/.local/share/glib-2.0/schemas/org.gtk.Settings.ColorChooser.gschema.xml
/home/student/snap/vlc/770/.local/share/glib-2.0/schemas/org.gnome.system.locale.gschema.xml
/home/student/snap/vlc/770/.local/share/glib-2.0/schemas/org.gnome.desktop.interface.gschema.xml
/home/student/snap/vlc/770/.local/share/glib-2.0/schemas/org.gnome.desktop.input-sources.gschema.xml
/home/student/snap/vlc/770/.local/share/glib-2.0/schemas/org.gnome.desktop.a11y.mouse.gschema.xml
/home/student/snap/vlc/770/.local/share/glib-2.0/schemas/org.gtk.Settings.FileChooser.gschema.xml
/home/student/snap/vlc/770/.local/share/glib-2.0/schemas/org.gnome.system.proxy.gschema.xml
/home/student/snap/vlc/770/.local/share/glib-2.0/schemas/org.gnome.desktop.thumbnailers.gschema.xml
/home/student/snap/vlc/770/.local/share/glib-2.0/schemas/org.gnome.desktop.wm.preferences.gschema.xml
/home/student/snap/vlc/770/.local/share/glib-2.0/schemas/org.gnome.desktop.privacy.gschema.xml
/home/student/snap/vlc/770/.local/share/glib-2.0/schemas/org.gnome.desktop.a11y.keyboard.gschema.xml
/home/student/snap/vlc/770/.local/share/glib-2.0/schemas/10_libgtk-3-common.gschema.override
/home/student/snap/vlc/770/.local/share/glib-2.0/schemas/org.gnome.desktop.a11y.magnifier.gschema.xml
/home/student/snap/vlc/770/.local/share/glib-2.0/schemas/org.gnome.desktop.peripherals.gschema.xml
/home/student/snap/vlc/770/.local/share/glib-2.0/schemas/org.gnome.desktop.background.gschema.xml
/home/student/snap/vlc/770/.local/share/glib-2.0/schemas/org.gnome.desktop.sound.gschema.xml
/home/student/snap/vlc/770/.local/share/themes
/home/student/snap/vlc/770/.local/share/icons/Humanity-Dark/COPYING
/home/student/snap/vlc/770/.local/share/icons/Humanity-Dark/actions@2
/home/student/snap/vlc/770/.local/share/icons/Humanity-Dark/actions
/home/student/snap/vlc/770/.local/share/icons/Humanity-Dark/AUTHORS
/home/student/snap/vlc/770/.local/share/icons/Humanity-Dark/places
/home/student/snap/vlc/770/.local/share/icons/Humanity-Dark/places@2
/home/student/snap/vlc/770/.local/share/icons/Humanity-Dark/index.theme
/home/student/snap/vlc/770/.local/share/icons/Humanity-Dark/devices
/home/student/snap/vlc/770/.local/share/icons/Humanity-Dark/apps
/home/student/snap/vlc/770/.local/share/icons/Humanity-Dark/devices@2
/home/student/snap/vlc/770/.local/share/icons/Humanity-Dark/status@2
/home/student/snap/vlc/770/.local/share/icons/Humanity-Dark/status
/home/student/snap/vlc/770/.local/share/icons/Humanity-Dark/apps@2
/home/student/snap/vlc/770/.local/share/icons/Humanity/COPYING
/home/student/snap/vlc/770/.local/share/icons/Humanity/actions@2
/home/student/snap/vlc/770/.local/share/icons/Humanity/mimes
/home/student/snap/vlc/770/.local/share/icons/Humanity/actions
/home/student/snap/vlc/770/.local/share/icons/Humanity/AUTHORS
/home/student/snap/vlc/770/.local/share/icons/Humanity/mimes@2
/home/student/snap/vlc/770/.local/share/icons/Humanity/places
/home/student/snap/vlc/770/.local/share/icons/Humanity/places@2
/home/student/snap/vlc/770/.local/share/icons/Humanity/index.theme
/home/student/snap/vlc/770/.local/share/icons/Humanity/CONTRIBUTORS
/home/student/snap/vlc/770/.local/share/icons/Humanity/stock@2
/home/student/snap/vlc/770/.local/share/icons/Humanity/devices
/home/student/snap/vlc/770/.local/share/icons/Humanity/emblems
/home/student/snap/vlc/770/.local/share/icons/Humanity/apps
/home/student/snap/vlc/770/.local/share/icons/Humanity/emblems@2
/home/student/snap/vlc/770/.local/share/icons/Humanity/categories@2
/home/student/snap/vlc/770/.local/share/icons/Humanity/devices@2
/home/student/snap/vlc/770/.local/share/icons/Humanity/status@2
/home/student/snap/vlc/770/.local/share/icons/Humanity/categories
/home/student/snap/vlc/770/.local/share/icons/Humanity/stock
/home/student/snap/vlc/770/.local/share/icons/Humanity/animations@2
/home/student/snap/vlc/770/.local/share/icons/Humanity/animations
/home/student/snap/vlc/770/.local/share/icons/Humanity/status
/home/student/snap/vlc/770/.local/share/icons/Humanity/apps@2
/home/student/snap/vlc/770/.local/share/icons/ubuntu-mono-light/mimes
/home/student/snap/vlc/770/.local/share/icons/ubuntu-mono-light/actions
/home/student/snap/vlc/770/.local/share/icons/ubuntu-mono-light/places
/home/student/snap/vlc/770/.local/share/icons/ubuntu-mono-light/index.theme
/home/student/snap/vlc/770/.local/share/icons/ubuntu-mono-light/apps
/home/student/snap/vlc/770/.local/share/icons/ubuntu-mono-light/categories
/home/student/snap/vlc/770/.local/share/icons/ubuntu-mono-light/stock
/home/student/snap/vlc/770/.local/share/icons/ubuntu-mono-light/animations
/home/student/snap/vlc/770/.local/share/icons/ubuntu-mono-light/status
/home/student/snap/vlc/770/.local/share/icons/breeze-dark/actions
/home/student/snap/vlc/770/.local/share/icons/breeze-dark/places
/home/student/snap/vlc/770/.local/share/icons/breeze-dark/mimetypes
/home/student/snap/vlc/770/.local/share/icons/breeze-dark/index.theme
/home/student/snap/vlc/770/.local/share/icons/breeze-dark/devices
/home/student/snap/vlc/770/.local/share/icons/breeze-dark/applets
/home/student/snap/vlc/770/.local/share/icons/breeze-dark/emblems
/home/student/snap/vlc/770/.local/share/icons/breeze-dark/apps
/home/student/snap/vlc/770/.local/share/icons/breeze-dark/categories
/home/student/snap/vlc/770/.local/share/icons/breeze-dark/emotes
/home/student/snap/vlc/770/.local/share/icons/breeze-dark/animations
/home/student/snap/vlc/770/.local/share/icons/breeze-dark/preferences
/home/student/snap/vlc/770/.local/share/icons/breeze-dark/status
/home/student/snap/vlc/770/.local/share/icons/LoginIcons/index.theme
/home/student/snap/vlc/770/.local/share/icons/LoginIcons/apps
/home/student/snap/vlc/770/.local/share/icons/DMZ-Black/index.theme
/home/student/snap/vlc/770/.local/share/icons/DMZ-Black/cursors
/home/student/snap/vlc/770/.local/share/icons/DMZ-Black/cursor.theme
/home/student/snap/vlc/770/.local/share/icons/DMZ-White/index.theme
/home/student/snap/vlc/770/.local/share/icons/DMZ-White/cursors
/home/student/snap/vlc/770/.local/share/icons/DMZ-White/cursor.theme
/home/student/snap/vlc/770/.local/share/icons/breeze/actions
/home/student/snap/vlc/770/.local/share/icons/breeze/places
/home/student/snap/vlc/770/.local/share/icons/breeze/mimetypes
/home/student/snap/vlc/770/.local/share/icons/breeze/index.theme
/home/student/snap/vlc/770/.local/share/icons/breeze/devices
/home/student/snap/vlc/770/.local/share/icons/breeze/applets
/home/student/snap/vlc/770/.local/share/icons/breeze/emblems
/home/student/snap/vlc/770/.local/share/icons/breeze/apps
/home/student/snap/vlc/770/.local/share/icons/breeze/categories
/home/student/snap/vlc/770/.local/share/icons/breeze/emotes
/home/student/snap/vlc/770/.local/share/icons/breeze/animations
/home/student/snap/vlc/770/.local/share/icons/breeze/preferences
/home/student/snap/vlc/770/.local/share/icons/breeze/status
/home/student/snap/vlc/770/.local/share/icons/hicolor/512x512
/home/student/snap/vlc/770/.local/share/icons/hicolor/128x128
/home/student/snap/vlc/770/.local/share/icons/hicolor/192x192
/home/student/snap/vlc/770/.local/share/icons/hicolor/scalable
/home/student/snap/vlc/770/.local/share/icons/hicolor/index.theme
/home/student/snap/vlc/770/.local/share/icons/hicolor/72x72
/home/student/snap/vlc/770/.local/share/icons/hicolor/16x16
/home/student/snap/vlc/770/.local/share/icons/hicolor/256x256
/home/student/snap/vlc/770/.local/share/icons/hicolor/48x48
/home/student/snap/vlc/770/.local/share/icons/hicolor/96x96
/home/student/snap/vlc/770/.local/share/icons/hicolor/22x22
/home/student/snap/vlc/770/.local/share/icons/hicolor/24x24
/home/student/snap/vlc/770/.local/share/icons/hicolor/64x64
/home/student/snap/vlc/770/.local/share/icons/hicolor/symbolic
/home/student/snap/vlc/770/.local/share/icons/hicolor/36x36
/home/student/snap/vlc/770/.local/share/icons/hicolor/32x32
/home/student/snap/vlc/770/.local/share/icons/ubuntu-mono-dark/mimes
/home/student/snap/vlc/770/.local/share/icons/ubuntu-mono-dark/actions
/home/student/snap/vlc/770/.local/share/icons/ubuntu-mono-dark/places
/home/student/snap/vlc/770/.local/share/icons/ubuntu-mono-dark/index.theme
/home/student/snap/vlc/770/.local/share/icons/ubuntu-mono-dark/apps
/home/student/snap/vlc/770/.local/share/icons/ubuntu-mono-dark/categories
/home/student/snap/vlc/770/.local/share/icons/ubuntu-mono-dark/stock
/home/student/snap/vlc/770/.local/share/icons/ubuntu-mono-dark/animations
/home/student/snap/vlc/770/.local/share/icons/ubuntu-mono-dark/status
/home/student/snap/gnome-calculator/common/.cache/gio-modules/libgiolibproxy.so
/home/student/snap/gnome-calculator/common/.cache/gio-modules/libdconfsettings.so
/home/student/snap/gnome-calculator/common/.cache/gio-modules/libgiognutls.so
/home/student/snap/gnome-calculator/common/.cache/gio-modules/libgiognomeproxy.so
/home/student/snap/gnome-calculator/common/.cache/immodules/im-ibus.so
/home/student/snap/gnome-calculator/common/.cache/immodules/im-broadway.so
/home/student/snap/gnome-calculator/common/.cache/immodules/im-cedilla.so
/home/student/snap/gnome-calculator/common/.cache/immodules/im-cyrillic-translit.so
/home/student/snap/gnome-calculator/common/.cache/immodules/im-ti-er.so
/home/student/snap/gnome-calculator/common/.cache/immodules/im-multipress.so
/home/student/snap/gnome-calculator/common/.cache/immodules/im-am-et.so
/home/student/snap/gnome-calculator/common/.cache/immodules/im-fcitx.so
/home/student/snap/gnome-calculator/common/.cache/immodules/im-ipa.so
/home/student/snap/gnome-calculator/common/.cache/immodules/im-thai.so
/home/student/snap/gnome-calculator/common/.cache/immodules/im-ti-et.so
/home/student/snap/gnome-calculator/common/.cache/immodules/im-viqr.so
/home/student/snap/gnome-calculator/common/.cache/immodules/im-inuktitut.so
/home/student/snap/gnome-calculator/common/.cache/immodules/im-xim.so
/home/student/snap/gnome-calculator/current
/home/student/snap/gnome-calculator/260/.themes
/home/student/snap/gnome-calculator/260/.config/gtk-2.0/gtkfilechooser.ini
/home/student/snap/gnome-calculator/260/.config/dconf/user
/home/student/snap/gnome-calculator/260/.config/ibus/bus
/home/student/snap/gnome-calculator/260/.config/gtk-3.0/bookmarks
/home/student/snap/gnome-calculator/260/.config/gtk-3.0/settings.ini
/home/student/snap/gnome-calculator/260/.local/share/glib-2.0/schemas/org.gnome.calculator.gschema.xml
/home/student/snap/gnome-calculator/260/.local/share/themes
/home/student/snap/gnome-calculator/260/.local/share/icons/DMZ-Black/index.theme
/home/student/snap/gnome-calculator/260/.local/share/icons/DMZ-Black/cursors
/home/student/snap/gnome-calculator/260/.local/share/icons/DMZ-Black/cursor.theme
/home/student/snap/gnome-calculator/260/.local/share/icons/DMZ-White/index.theme
/home/student/snap/gnome-calculator/260/.local/share/icons/DMZ-White/cursors
/home/student/snap/gnome-calculator/260/.local/share/icons/DMZ-White/cursor.theme
/home/student/snap/gnome-calculator/260/.local/share/icons/hicolor/512x512
/home/student/snap/gnome-calculator/260/.local/share/icons/hicolor/128x128
/home/student/snap/gnome-calculator/260/.local/share/icons/hicolor/192x192
/home/student/snap/gnome-calculator/260/.local/share/icons/hicolor/scalable
/home/student/snap/gnome-calculator/260/.local/share/icons/hicolor/index.theme
/home/student/snap/gnome-calculator/260/.local/share/icons/hicolor/72x72
/home/student/snap/gnome-calculator/260/.local/share/icons/hicolor/16x16
/home/student/snap/gnome-calculator/260/.local/share/icons/hicolor/256x256
/home/student/snap/gnome-calculator/260/.local/share/icons/hicolor/48x48
/home/student/snap/gnome-calculator/260/.local/share/icons/hicolor/96x96
/home/student/snap/gnome-calculator/260/.local/share/icons/hicolor/22x22
/home/student/snap/gnome-calculator/260/.local/share/icons/hicolor/24x24
/home/student/snap/gnome-calculator/260/.local/share/icons/hicolor/64x64
/home/student/snap/gnome-calculator/260/.local/share/icons/hicolor/symbolic
/home/student/snap/gnome-calculator/260/.local/share/icons/hicolor/36x36
/home/student/snap/gnome-calculator/260/.local/share/icons/hicolor/32x32
/home/student/.mozilla/firefox/9vpf26pk.default/lock
student@T14:~$ find ~ -name copy
/home/student/ajce/mca/copy
student@T14:~$ find /home -name copy
find: ‘/home/mca/.ssh’: Permission denied
find: ‘/home/mca/.java/.userPrefs’: Permission denied
find: ‘/home/mca/.cache’: Permission denied
find: ‘/home/mca/.dbus’: Permission denied
find: ‘/home/mca/.config’: Permission denied
find: ‘/home/mca/.mozilla’: Permission denied
find: ‘/home/mca/.gnupg’: Permission denied
find: ‘/home/mca/.local’: Permission denied
/home/student/ajce/mca/copy
find: ‘/home/android/.ssh’: Permission denied
find: ‘/home/android/AndroidStudioProjects/mark/app/build/generated/source/r/debug/com’: Permission denied
find: ‘/home/android/AndroidStudioProjects/calculator/app/build/generated/source/r/debug/com’: Permission denied
find: ‘/home/android/AndroidStudioProjects/MyApplication4/app/build/generated/source/r/release/com’: Permission denied
find: ‘/home/android/AndroidStudioProjects/MyApplication4/app/build/generated/source/r/debug/com’: Permission denied
find: ‘/home/android/AndroidStudioProjects/AddNumbers/app/build/generated/source/r/debug/com’: Permission denied
find: ‘/home/android/AndroidStudioProjects/buttonclick/app/build/generated/source/r/debug/com’: Permission denied
find: ‘/home/android/AndroidStudioProjects/Sample/app/build/generated/source/r/debug/com’: Permission denied
find: ‘/home/android/AndroidStudioProjects/alert/app/build/generated/source/r/debug/com’: Permission denied
find: ‘/home/android/AndroidStudioProjects/Dani/app/build/generated/source/r/debug/com’: Permission denied
find: ‘/home/android/AndroidStudioProjects/MyApplication32/app/build/generated/source/r/debug/com’: Permission denied
find: ‘/home/android/AndroidStudioProjects/Listview/app/build/generated/source/r/debug/com’: Permission denied
find: ‘/home/android/AndroidStudioProjects/Listview2/app/build/generated/source/r/debug/com’: Permission denied
find: ‘/home/android/AndroidStudioProjects/SQL/app/build/generated/source/r/debug/com’: Permission denied
find: ‘/home/android/AndroidStudioProjects/MyApplication5/app/build/generated/source/r/debug/com’: Permission denied
find: ‘/home/android/AndroidStudioProjects/justcal/app/build/generated/source/r/debug/com’: Permission denied
find: ‘/home/android/AndroidStudioProjects/MyFirstApp/app/build/generated/source/r/debug/com’: Permission denied
find: ‘/home/android/AndroidStudioProjects/implcitmap/app/build/generated/source/r/debug/com’: Permission denied
find: ‘/home/android/AndroidStudioProjects/Dynamic/app/build/generated/source/r/debug/com’: Permission denied
find: ‘/home/android/AndroidStudioProjects/ListView/app/build/generated/source/r/debug/com’: Permission denied
find: ‘/home/android/AndroidStudioProjects/MyApplication2/app/build/generated/source/r/debug/com’: Permission denied
find: ‘/home/android/AndroidStudioProjects/MyApplication6/app/build/generated/source/r/debug/com’: Permission denied
find: ‘/home/android/AndroidStudioProjects/MyApplication22/app/build/generated/source/r/debug/com’: Permission denied
find: ‘/home/android/AndroidStudioProjects/MyApplication/app/build/generated/source/r/debug/com’: Permission denied
find: ‘/home/android/AndroidStudioProjects/Implicit/app/build/generated/source/r/debug/com’: Permission denied
find: ‘/home/android/AndroidStudioProjects/SQL1/app/build/generated/source/r/debug/com’: Permission denied
find: ‘/home/android/AndroidStudioProjects/Calculator/app/build/generated/source/r/debug/com’: Permission denied
find: ‘/home/android/AndroidStudioProjects/Mark2/app/build/generated/source/r/debug/com’: Permission denied
find: ‘/home/android/AndroidStudioProjects/Details/app/build/generated/source/r/debug/com’: Permission denied
find: ‘/home/android/.java/.userPrefs’: Permission denied
find: ‘/home/android/.cache’: Permission denied
find: ‘/home/android/.config’: Permission denied
find: ‘/home/android/.mozilla’: Permission denied
find: ‘/home/android/.gnupg’: Permission denied
find: ‘/home/android/.local’: Permission denied
find: ‘/home/android/.gradle/daemon/4.4’: Permission denied
/home/android/.gradle/wrapper/dists/gradle-4.4-all/9br9xq1tocpiv8o6njlyu5op1/gradle-4.4/samples/userguide/files/copy
/home/android/.gradle/wrapper/dists/gradle-4.4-all/9br9xq1tocpiv8o6njlyu5op1/gradle-4.4/src/core/org/gradle/api/internal/file/copy
find: ‘/home/android/.gnome’: Permission denied
student@T14:~$ find /home -iname file1.txt
find: ‘/home/mca/.ssh’: Permission denied
find: ‘/home/mca/.java/.userPrefs’: Permission denied
find: ‘/home/mca/.cache’: Permission denied
find: ‘/home/mca/.dbus’: Permission denied
find: ‘/home/mca/.config’: Permission denied
find: ‘/home/mca/.mozilla’: Permission denied
find: ‘/home/mca/.gnupg’: Permission denied
find: ‘/home/mca/.local’: Permission denied
/home/student/ajce/mca/copy/merge/file1.txt
/home/student/ajce/mca/copy/file1.txt
find: ‘/home/android/.ssh’: Permission denied
find: ‘/home/android/AndroidStudioProjects/mark/app/build/generated/source/r/debug/com’: Permission denied
find: ‘/home/android/AndroidStudioProjects/calculator/app/build/generated/source/r/debug/com’: Permission denied
find: ‘/home/android/AndroidStudioProjects/MyApplication4/app/build/generated/source/r/release/com’: Permission denied
find: ‘/home/android/AndroidStudioProjects/MyApplication4/app/build/generated/source/r/debug/com’: Permission denied
find: ‘/home/android/AndroidStudioProjects/AddNumbers/app/build/generated/source/r/debug/com’: Permission denied
find: ‘/home/android/AndroidStudioProjects/buttonclick/app/build/generated/source/r/debug/com’: Permission denied
find: ‘/home/android/AndroidStudioProjects/Sample/app/build/generated/source/r/debug/com’: Permission denied
find: ‘/home/android/AndroidStudioProjects/alert/app/build/generated/source/r/debug/com’: Permission denied
find: ‘/home/android/AndroidStudioProjects/Dani/app/build/generated/source/r/debug/com’: Permission denied
find: ‘/home/android/AndroidStudioProjects/MyApplication32/app/build/generated/source/r/debug/com’: Permission denied
find: ‘/home/android/AndroidStudioProjects/Listview/app/build/generated/source/r/debug/com’: Permission denied
find: ‘/home/android/AndroidStudioProjects/Listview2/app/build/generated/source/r/debug/com’: Permission denied
find: ‘/home/android/AndroidStudioProjects/SQL/app/build/generated/source/r/debug/com’: Permission denied
find: ‘/home/android/AndroidStudioProjects/MyApplication5/app/build/generated/source/r/debug/com’: Permission denied
find: ‘/home/android/AndroidStudioProjects/justcal/app/build/generated/source/r/debug/com’: Permission denied
find: ‘/home/android/AndroidStudioProjects/MyFirstApp/app/build/generated/source/r/debug/com’: Permission denied
find: ‘/home/android/AndroidStudioProjects/implcitmap/app/build/generated/source/r/debug/com’: Permission denied
find: ‘/home/android/AndroidStudioProjects/Dynamic/app/build/generated/source/r/debug/com’: Permission denied
find: ‘/home/android/AndroidStudioProjects/ListView/app/build/generated/source/r/debug/com’: Permission denied
find: ‘/home/android/AndroidStudioProjects/MyApplication2/app/build/generated/source/r/debug/com’: Permission denied
find: ‘/home/android/AndroidStudioProjects/MyApplication6/app/build/generated/source/r/debug/com’: Permission denied
find: ‘/home/android/AndroidStudioProjects/MyApplication22/app/build/generated/source/r/debug/com’: Permission denied
find: ‘/home/android/AndroidStudioProjects/MyApplication/app/build/generated/source/r/debug/com’: Permission denied
find: ‘/home/android/AndroidStudioProjects/Implicit/app/build/generated/source/r/debug/com’: Permission denied
find: ‘/home/android/AndroidStudioProjects/SQL1/app/build/generated/source/r/debug/com’: Permission denied
find: ‘/home/android/AndroidStudioProjects/Calculator/app/build/generated/source/r/debug/com’: Permission denied
find: ‘/home/android/AndroidStudioProjects/Mark2/app/build/generated/source/r/debug/com’: Permission denied
find: ‘/home/android/AndroidStudioProjects/Details/app/build/generated/source/r/debug/com’: Permission denied
find: ‘/home/android/.java/.userPrefs’: Permission denied
find: ‘/home/android/.cache’: Permission denied
find: ‘/home/android/.config’: Permission denied
find: ‘/home/android/.mozilla’: Permission denied
find: ‘/home/android/.gnupg’: Permission denied
find: ‘/home/android/.local’: Permission denied
find: ‘/home/android/.gradle/daemon/4.4’: Permission denied
find: ‘/home/android/.gnome’: Permission denied
student@T14:~$ cd ajce
student@T14:~/ajce$ cd mca
student@T14:~/ajce/mca$ cd copy
student@T14:~/ajce/mca/copy$ find / -iname file1.txt
find: ‘/tmp/systemd-private-83b29986ea8d4e98a4ab38b42f634e58-bolt.service-nmXTwH’: Permission denied
find: ‘/tmp/systemd-private-83b29986ea8d4e98a4ab38b42f634e58-systemd-resolved.service-1CJ1oQ’: Permission denied
find: ‘/tmp/systemd-private-83b29986ea8d4e98a4ab38b42f634e58-systemd-timesyncd.service-C6VmhC’: Permission denied
find: ‘/tmp/systemd-private-83b29986ea8d4e98a4ab38b42f634e58-rtkit-daemon.service-yVHBoC’: Permission denied
find: ‘/tmp/systemd-private-83b29986ea8d4e98a4ab38b42f634e58-fwupd.service-pNmdqF’: Permission denied
find: ‘/tmp/systemd-private-83b29986ea8d4e98a4ab38b42f634e58-colord.service-9mPEtm’: Permission denied
find: ‘/media’: Permission denied
find: ‘/proc/tty/driver’: Permission denied
find: ‘/proc/1/task/1/fd’: Permission denied
find: ‘/proc/1/task/1/fdinfo’: Permission denied
find: ‘/proc/1/task/1/ns’: Permission denied
find: ‘/proc/1/fd’: Permission denied
find: ‘/proc/1/map_files’: Permission denied
find: ‘/proc/1/fdinfo’: Permission denied
find: ‘/proc/1/ns’: Permission denied
find: ‘/proc/2/task/2/fd’: Permission denied
find: ‘/proc/2/task/2/fdinfo’: Permission denied
find: ‘/proc/2/task/2/ns’: Permission denied
find: ‘/proc/2/fd’: Permission denied
find: ‘/proc/2/map_files’: Permission denied
find: ‘/proc/2/fdinfo’: Permission denied
find: ‘/proc/2/ns’: Permission denied
find: ‘/proc/4/task/4/fd’: Permission denied
find: ‘/proc/4/task/4/fdinfo’: Permission denied
find: ‘/proc/4/task/4/ns’: Permission denied
find: ‘/proc/4/fd’: Permission denied
find: ‘/proc/4/map_files’: Permission denied
find: ‘/proc/4/fdinfo’: Permission denied
find: ‘/proc/4/ns’: Permission denied
find: ‘/proc/6/task/6/fd’: Permission denied
find: ‘/proc/6/task/6/fdinfo’: Permission denied
find: ‘/proc/6/task/6/ns’: Permission denied
find: ‘/proc/6/fd’: Permission denied
find: ‘/proc/6/map_files’: Permission denied
find: ‘/proc/6/fdinfo’: Permission denied
find: ‘/proc/6/ns’: Permission denied
find: ‘/proc/7/task/7/fd’: Permission denied
find: ‘/proc/7/task/7/fdinfo’: Permission denied
find: ‘/proc/7/task/7/ns’: Permission denied
find: ‘/proc/7/fd’: Permission denied
find: ‘/proc/7/map_files’: Permission denied
find: ‘/proc/7/fdinfo’: Permission denied
find: ‘/proc/7/ns’: Permission denied
find: ‘/proc/8/task/8/fd’: Permission denied
find: ‘/proc/8/task/8/fdinfo’: Permission denied
find: ‘/proc/8/task/8/ns’: Permission denied
find: ‘/proc/8/fd’: Permission denied
find: ‘/proc/8/map_files’: Permission denied
find: ‘/proc/8/fdinfo’: Permission denied
find: ‘/proc/8/ns’: Permission denied
find: ‘/proc/9/task/9/fd’: Permission denied
find: ‘/proc/9/task/9/fdinfo’: Permission denied
find: ‘/proc/9/task/9/ns’: Permission denied
find: ‘/proc/9/fd’: Permission denied
find: ‘/proc/9/map_files’: Permission denied
find: ‘/proc/9/fdinfo’: Permission denied
find: ‘/proc/9/ns’: Permission denied
find: ‘/proc/10/task/10/fd’: Permission denied
find: ‘/proc/10/task/10/fdinfo’: Permission denied
find: ‘/proc/10/task/10/ns’: Permission denied
find: ‘/proc/10/fd’: Permission denied
find: ‘/proc/10/map_files’: Permission denied
find: ‘/proc/10/fdinfo’: Permission denied
find: ‘/proc/10/ns’: Permission denied
find: ‘/proc/11/task/11/fd’: Permission denied
find: ‘/proc/11/task/11/fdinfo’: Permission denied
find: ‘/proc/11/task/11/ns’: Permission denied
find: ‘/proc/11/fd’: Permission denied
find: ‘/proc/11/map_files’: Permission denied
find: ‘/proc/11/fdinfo’: Permission denied
find: ‘/proc/11/ns’: Permission denied
find: ‘/proc/12/task/12/fd’: Permission denied
find: ‘/proc/12/task/12/fdinfo’: Permission denied
find: ‘/proc/12/task/12/ns’: Permission denied
find: ‘/proc/12/fd’: Permission denied
find: ‘/proc/12/map_files’: Permission denied
find: ‘/proc/12/fdinfo’: Permission denied
find: ‘/proc/12/ns’: Permission denied
find: ‘/proc/13/task/13/fd’: Permission denied
find: ‘/proc/13/task/13/fdinfo’: Permission denied
find: ‘/proc/13/task/13/ns’: Permission denied
find: ‘/proc/13/fd’: Permission denied
find: ‘/proc/13/map_files’: Permission denied
find: ‘/proc/13/fdinfo’: Permission denied
find: ‘/proc/13/ns’: Permission denied
find: ‘/proc/14/task/14/fd’: Permission denied
find: ‘/proc/14/task/14/fdinfo’: Permission denied
find: ‘/proc/14/task/14/ns’: Permission denied
find: ‘/proc/14/fd’: Permission denied
find: ‘/proc/14/map_files’: Permission denied
find: ‘/proc/14/fdinfo’: Permission denied
find: ‘/proc/14/ns’: Permission denied
find: ‘/proc/15/task/15/fd’: Permission denied
find: ‘/proc/15/task/15/fdinfo’: Permission denied
find: ‘/proc/15/task/15/ns’: Permission denied
find: ‘/proc/15/fd’: Permission denied
find: ‘/proc/15/map_files’: Permission denied
find: ‘/proc/15/fdinfo’: Permission denied
find: ‘/proc/15/ns’: Permission denied
find: ‘/proc/16/task/16/fd’: Permission denied
find: ‘/proc/16/task/16/fdinfo’: Permission denied
find: ‘/proc/16/task/16/ns’: Permission denied
find: ‘/proc/16/fd’: Permission denied
find: ‘/proc/16/map_files’: Permission denied
find: ‘/proc/16/fdinfo’: Permission denied
find: ‘/proc/16/ns’: Permission denied
find: ‘/proc/18/task/18/fd’: Permission denied
find: ‘/proc/18/task/18/fdinfo’: Permission denied
find: ‘/proc/18/task/18/ns’: Permission denied
find: ‘/proc/18/fd’: Permission denied
find: ‘/proc/18/map_files’: Permission denied
find: ‘/proc/18/fdinfo’: Permission denied
find: ‘/proc/18/ns’: Permission denied
find: ‘/proc/19/task/19/fd’: Permission denied
find: ‘/proc/19/task/19/fdinfo’: Permission denied
find: ‘/proc/19/task/19/ns’: Permission denied
find: ‘/proc/19/fd’: Permission denied
find: ‘/proc/19/map_files’: Permission denied
find: ‘/proc/19/fdinfo’: Permission denied
find: ‘/proc/19/ns’: Permission denied
find: ‘/proc/20/task/20/fd’: Permission denied
find: ‘/proc/20/task/20/fdinfo’: Permission denied
find: ‘/proc/20/task/20/ns’: Permission denied
find: ‘/proc/20/fd’: Permission denied
find: ‘/proc/20/map_files’: Permission denied
find: ‘/proc/20/fdinfo’: Permission denied
find: ‘/proc/20/ns’: Permission denied
find: ‘/proc/21/task/21/fd’: Permission denied
find: ‘/proc/21/task/21/fdinfo’: Permission denied
find: ‘/proc/21/task/21/ns’: Permission denied
find: ‘/proc/21/fd’: Permission denied
find: ‘/proc/21/map_files’: Permission denied
find: ‘/proc/21/fdinfo’: Permission denied
find: ‘/proc/21/ns’: Permission denied
find: ‘/proc/22/task/22/fd’: Permission denied
find: ‘/proc/22/task/22/fdinfo’: Permission denied
find: ‘/proc/22/task/22/ns’: Permission denied
find: ‘/proc/22/fd’: Permission denied
find: ‘/proc/22/map_files’: Permission denied
find: ‘/proc/22/fdinfo’: Permission denied
find: ‘/proc/22/ns’: Permission denied
find: ‘/proc/24/task/24/fd’: Permission denied
find: ‘/proc/24/task/24/fdinfo’: Permission denied
find: ‘/proc/24/task/24/ns’: Permission denied
find: ‘/proc/24/fd’: Permission denied
find: ‘/proc/24/map_files’: Permission denied
find: ‘/proc/24/fdinfo’: Permission denied
find: ‘/proc/24/ns’: Permission denied
find: ‘/proc/25/task/25/fd’: Permission denied
find: ‘/proc/25/task/25/fdinfo’: Permission denied
find: ‘/proc/25/task/25/ns’: Permission denied
find: ‘/proc/25/fd’: Permission denied
find: ‘/proc/25/map_files’: Permission denied
find: ‘/proc/25/fdinfo’: Permission denied
find: ‘/proc/25/ns’: Permission denied
find: ‘/proc/26/task/26/fd’: Permission denied
find: ‘/proc/26/task/26/fdinfo’: Permission denied
find: ‘/proc/26/task/26/ns’: Permission denied
find: ‘/proc/26/fd’: Permission denied
find: ‘/proc/26/map_files’: Permission denied
find: ‘/proc/26/fdinfo’: Permission denied
find: ‘/proc/26/ns’: Permission denied
find: ‘/proc/27/task/27/fd’: Permission denied
find: ‘/proc/27/task/27/fdinfo’: Permission denied
find: ‘/proc/27/task/27/ns’: Permission denied
find: ‘/proc/27/fd’: Permission denied
find: ‘/proc/27/map_files’: Permission denied
find: ‘/proc/27/fdinfo’: Permission denied
find: ‘/proc/27/ns’: Permission denied
find: ‘/proc/28/task/28/fd’: Permission denied
find: ‘/proc/28/task/28/fdinfo’: Permission denied
find: ‘/proc/28/task/28/ns’: Permission denied
find: ‘/proc/28/fd’: Permission denied
find: ‘/proc/28/map_files’: Permission denied
find: ‘/proc/28/fdinfo’: Permission denied
find: ‘/proc/28/ns’: Permission denied
find: ‘/proc/30/task/30/fd’: Permission denied
find: ‘/proc/30/task/30/fdinfo’: Permission denied
find: ‘/proc/30/task/30/ns’: Permission denied
find: ‘/proc/30/fd’: Permission denied
find: ‘/proc/30/map_files’: Permission denied
find: ‘/proc/30/fdinfo’: Permission denied
find: ‘/proc/30/ns’: Permission denied
find: ‘/proc/31/task/31/fd’: Permission denied
find: ‘/proc/31/task/31/fdinfo’: Permission denied
find: ‘/proc/31/task/31/ns’: Permission denied
find: ‘/proc/31/fd’: Permission denied
find: ‘/proc/31/map_files’: Permission denied
find: ‘/proc/31/fdinfo’: Permission denied
find: ‘/proc/31/ns’: Permission denied
find: ‘/proc/32/task/32/fd’: Permission denied
find: ‘/proc/32/task/32/fdinfo’: Permission denied
find: ‘/proc/32/task/32/ns’: Permission denied
find: ‘/proc/32/fd’: Permission denied
find: ‘/proc/32/map_files’: Permission denied
find: ‘/proc/32/fdinfo’: Permission denied
find: ‘/proc/32/ns’: Permission denied
find: ‘/proc/33/task/33/fd’: Permission denied
find: ‘/proc/33/task/33/fdinfo’: Permission denied
find: ‘/proc/33/task/33/ns’: Permission denied
find: ‘/proc/33/fd’: Permission denied
find: ‘/proc/33/map_files’: Permission denied
find: ‘/proc/33/fdinfo’: Permission denied
find: ‘/proc/33/ns’: Permission denied
find: ‘/proc/34/task/34/fd’: Permission denied
find: ‘/proc/34/task/34/fdinfo’: Permission denied
find: ‘/proc/34/task/34/ns’: Permission denied
find: ‘/proc/34/fd’: Permission denied
find: ‘/proc/34/map_files’: Permission denied
find: ‘/proc/34/fdinfo’: Permission denied
find: ‘/proc/34/ns’: Permission denied
find: ‘/proc/35/task/35/fd’: Permission denied
find: ‘/proc/35/task/35/fdinfo’: Permission denied
find: ‘/proc/35/task/35/ns’: Permission denied
find: ‘/proc/35/fd’: Permission denied
find: ‘/proc/35/map_files’: Permission denied
find: ‘/proc/35/fdinfo’: Permission denied
find: ‘/proc/35/ns’: Permission denied
find: ‘/proc/37/task/37/fd’: Permission denied
find: ‘/proc/37/task/37/fdinfo’: Permission denied
find: ‘/proc/37/task/37/ns’: Permission denied
find: ‘/proc/37/fd’: Permission denied
find: ‘/proc/37/map_files’: Permission denied
find: ‘/proc/37/fdinfo’: Permission denied
find: ‘/proc/37/ns’: Permission denied
find: ‘/proc/38/task/38/fd’: Permission denied
find: ‘/proc/38/task/38/fdinfo’: Permission denied
find: ‘/proc/38/task/38/ns’: Permission denied
find: ‘/proc/38/fd’: Permission denied
find: ‘/proc/38/map_files’: Permission denied
find: ‘/proc/38/fdinfo’: Permission denied
find: ‘/proc/38/ns’: Permission denied
find: ‘/proc/39/task/39/fd’: Permission denied
find: ‘/proc/39/task/39/fdinfo’: Permission denied
find: ‘/proc/39/task/39/ns’: Permission denied
find: ‘/proc/39/fd’: Permission denied
find: ‘/proc/39/map_files’: Permission denied
find: ‘/proc/39/fdinfo’: Permission denied
find: ‘/proc/39/ns’: Permission denied
find: ‘/proc/40/task/40/fd’: Permission denied
find: ‘/proc/40/task/40/fdinfo’: Permission denied
find: ‘/proc/40/task/40/ns’: Permission denied
find: ‘/proc/40/fd’: Permission denied
find: ‘/proc/40/map_files’: Permission denied
find: ‘/proc/40/fdinfo’: Permission denied
find: ‘/proc/40/ns’: Permission denied
find: ‘/proc/41/task/41/fd’: Permission denied
find: ‘/proc/41/task/41/fdinfo’: Permission denied
find: ‘/proc/41/task/41/ns’: Permission denied
find: ‘/proc/41/fd’: Permission denied
find: ‘/proc/41/map_files’: Permission denied
find: ‘/proc/41/fdinfo’: Permission denied
find: ‘/proc/41/ns’: Permission denied
find: ‘/proc/42/task/42/fd’: Permission denied
find: ‘/proc/42/task/42/fdinfo’: Permission denied
find: ‘/proc/42/task/42/ns’: Permission denied
find: ‘/proc/42/fd’: Permission denied
find: ‘/proc/42/map_files’: Permission denied
find: ‘/proc/42/fdinfo’: Permission denied
find: ‘/proc/42/ns’: Permission denied
find: ‘/proc/43/task/43/fd’: Permission denied
find: ‘/proc/43/task/43/fdinfo’: Permission denied
find: ‘/proc/43/task/43/ns’: Permission denied
find: ‘/proc/43/fd’: Permission denied
find: ‘/proc/43/map_files’: Permission denied
find: ‘/proc/43/fdinfo’: Permission denied
find: ‘/proc/43/ns’: Permission denied
find: ‘/proc/44/task/44/fd’: Permission denied
find: ‘/proc/44/task/44/fdinfo’: Permission denied
find: ‘/proc/44/task/44/ns’: Permission denied
find: ‘/proc/44/fd’: Permission denied
find: ‘/proc/44/map_files’: Permission denied
find: ‘/proc/44/fdinfo’: Permission denied
find: ‘/proc/44/ns’: Permission denied
find: ‘/proc/45/task/45/fd’: Permission denied
find: ‘/proc/45/task/45/fdinfo’: Permission denied
find: ‘/proc/45/task/45/ns’: Permission denied
find: ‘/proc/45/fd’: Permission denied
find: ‘/proc/45/map_files’: Permission denied
find: ‘/proc/45/fdinfo’: Permission denied
find: ‘/proc/45/ns’: Permission denied
find: ‘/proc/46/task/46/fd’: Permission denied
find: ‘/proc/46/task/46/fdinfo’: Permission denied
find: ‘/proc/46/task/46/ns’: Permission denied
find: ‘/proc/46/fd’: Permission denied
find: ‘/proc/46/map_files’: Permission denied
find: ‘/proc/46/fdinfo’: Permission denied
find: ‘/proc/46/ns’: Permission denied
find: ‘/proc/47/task/47/fd’: Permission denied
find: ‘/proc/47/task/47/fdinfo’: Permission denied
find: ‘/proc/47/task/47/ns’: Permission denied
find: ‘/proc/47/fd’: Permission denied
find: ‘/proc/47/map_files’: Permission denied
find: ‘/proc/47/fdinfo’: Permission denied
find: ‘/proc/47/ns’: Permission denied
find: ‘/proc/48/task/48/fd’: Permission denied
find: ‘/proc/48/task/48/fdinfo’: Permission denied
find: ‘/proc/48/task/48/ns’: Permission denied
find: ‘/proc/48/fd’: Permission denied
find: ‘/proc/48/map_files’: Permission denied
find: ‘/proc/48/fdinfo’: Permission denied
find: ‘/proc/48/ns’: Permission denied
find: ‘/proc/49/task/49/fd’: Permission denied
find: ‘/proc/49/task/49/fdinfo’: Permission denied
find: ‘/proc/49/task/49/ns’: Permission denied
find: ‘/proc/49/fd’: Permission denied
find: ‘/proc/49/map_files’: Permission denied
find: ‘/proc/49/fdinfo’: Permission denied
find: ‘/proc/49/ns’: Permission denied
find: ‘/proc/50/task/50/fd’: Permission denied
find: ‘/proc/50/task/50/fdinfo’: Permission denied
find: ‘/proc/50/task/50/ns’: Permission denied
find: ‘/proc/50/fd’: Permission denied
find: ‘/proc/50/map_files’: Permission denied
find: ‘/proc/50/fdinfo’: Permission denied
find: ‘/proc/50/ns’: Permission denied
find: ‘/proc/51/task/51/fd’: Permission denied
find: ‘/proc/51/task/51/fdinfo’: Permission denied
find: ‘/proc/51/task/51/ns’: Permission denied
find: ‘/proc/51/fd’: Permission denied
find: ‘/proc/51/map_files’: Permission denied
find: ‘/proc/51/fdinfo’: Permission denied
find: ‘/proc/51/ns’: Permission denied
find: ‘/proc/52/task/52/fd’: Permission denied
find: ‘/proc/52/task/52/fdinfo’: Permission denied
find: ‘/proc/52/task/52/ns’: Permission denied
find: ‘/proc/52/fd’: Permission denied
find: ‘/proc/52/map_files’: Permission denied
find: ‘/proc/52/fdinfo’: Permission denied
find: ‘/proc/52/ns’: Permission denied
find: ‘/proc/55/task/55/fd’: Permission denied
find: ‘/proc/55/task/55/fdinfo’: Permission denied
find: ‘/proc/55/task/55/ns’: Permission denied
find: ‘/proc/55/fd’: Permission denied
find: ‘/proc/55/map_files’: Permission denied
find: ‘/proc/55/fdinfo’: Permission denied
find: ‘/proc/55/ns’: Permission denied
find: ‘/proc/56/task/56/fd’: Permission denied
find: ‘/proc/56/task/56/fdinfo’: Permission denied
find: ‘/proc/56/task/56/ns’: Permission denied
find: ‘/proc/56/fd’: Permission denied
find: ‘/proc/56/map_files’: Permission denied
find: ‘/proc/56/fdinfo’: Permission denied
find: ‘/proc/56/ns’: Permission denied
find: ‘/proc/98/task/98/fd’: Permission denied
find: ‘/proc/98/task/98/fdinfo’: Permission denied
find: ‘/proc/98/task/98/ns’: Permission denied
find: ‘/proc/98/fd’: Permission denied
find: ‘/proc/98/map_files’: Permission denied
find: ‘/proc/98/fdinfo’: Permission denied
find: ‘/proc/98/ns’: Permission denied
find: ‘/proc/99/task/99/fd’: Permission denied
find: ‘/proc/99/task/99/fdinfo’: Permission denied
find: ‘/proc/99/task/99/ns’: Permission denied
find: ‘/proc/99/fd’: Permission denied
find: ‘/proc/99/map_files’: Permission denied
find: ‘/proc/99/fdinfo’: Permission denied
find: ‘/proc/99/ns’: Permission denied
find: ‘/proc/103/task/103/fd’: Permission denied
find: ‘/proc/103/task/103/fdinfo’: Permission denied
find: ‘/proc/103/task/103/ns’: Permission denied
find: ‘/proc/103/fd’: Permission denied
find: ‘/proc/103/map_files’: Permission denied
find: ‘/proc/103/fdinfo’: Permission denied
find: ‘/proc/103/ns’: Permission denied
find: ‘/proc/112/task/112/fd’: Permission denied
find: ‘/proc/112/task/112/fdinfo’: Permission denied
find: ‘/proc/112/task/112/ns’: Permission denied
find: ‘/proc/112/fd’: Permission denied
find: ‘/proc/112/map_files’: Permission denied
find: ‘/proc/112/fdinfo’: Permission denied
find: ‘/proc/112/ns’: Permission denied
find: ‘/proc/129/task/129/fd’: Permission denied
find: ‘/proc/129/task/129/fdinfo’: Permission denied
find: ‘/proc/129/task/129/ns’: Permission denied
find: ‘/proc/129/fd’: Permission denied
find: ‘/proc/129/map_files’: Permission denied
find: ‘/proc/129/fdinfo’: Permission denied
find: ‘/proc/129/ns’: Permission denied
find: ‘/proc/181/task/181/fd’: Permission denied
find: ‘/proc/181/task/181/fdinfo’: Permission denied
find: ‘/proc/181/task/181/ns’: Permission denied
find: ‘/proc/181/fd’: Permission denied
find: ‘/proc/181/map_files’: Permission denied
find: ‘/proc/181/fdinfo’: Permission denied
find: ‘/proc/181/ns’: Permission denied
find: ‘/proc/182/task/182/fd’: Permission denied
find: ‘/proc/182/task/182/fdinfo’: Permission denied
find: ‘/proc/182/task/182/ns’: Permission denied
find: ‘/proc/182/fd’: Permission denied
find: ‘/proc/182/map_files’: Permission denied
find: ‘/proc/182/fdinfo’: Permission denied
find: ‘/proc/182/ns’: Permission denied
find: ‘/proc/183/task/183/fd’: Permission denied
find: ‘/proc/183/task/183/fdinfo’: Permission denied
find: ‘/proc/183/task/183/ns’: Permission denied
find: ‘/proc/183/fd’: Permission denied
find: ‘/proc/183/map_files’: Permission denied
find: ‘/proc/183/fdinfo’: Permission denied
find: ‘/proc/183/ns’: Permission denied
find: ‘/proc/184/task/184/fd’: Permission denied
find: ‘/proc/184/task/184/fdinfo’: Permission denied
find: ‘/proc/184/task/184/ns’: Permission denied
find: ‘/proc/184/fd’: Permission denied
find: ‘/proc/184/map_files’: Permission denied
find: ‘/proc/184/fdinfo’: Permission denied
find: ‘/proc/184/ns’: Permission denied
find: ‘/proc/185/task/185/fd’: Permission denied
find: ‘/proc/185/task/185/fdinfo’: Permission denied
find: ‘/proc/185/task/185/ns’: Permission denied
find: ‘/proc/185/fd’: Permission denied
find: ‘/proc/185/map_files’: Permission denied
find: ‘/proc/185/fdinfo’: Permission denied
find: ‘/proc/185/ns’: Permission denied
find: ‘/proc/186/task/186/fd’: Permission denied
find: ‘/proc/186/task/186/fdinfo’: Permission denied
find: ‘/proc/186/task/186/ns’: Permission denied
find: ‘/proc/186/fd’: Permission denied
find: ‘/proc/186/map_files’: Permission denied
find: ‘/proc/186/fdinfo’: Permission denied
find: ‘/proc/186/ns’: Permission denied
find: ‘/proc/187/task/187/fd’: Permission denied
find: ‘/proc/187/task/187/fdinfo’: Permission denied
find: ‘/proc/187/task/187/ns’: Permission denied
find: ‘/proc/187/fd’: Permission denied
find: ‘/proc/187/map_files’: Permission denied
find: ‘/proc/187/fdinfo’: Permission denied
find: ‘/proc/187/ns’: Permission denied
find: ‘/proc/188/task/188/fd’: Permission denied
find: ‘/proc/188/task/188/fdinfo’: Permission denied
find: ‘/proc/188/task/188/ns’: Permission denied
find: ‘/proc/188/fd’: Permission denied
find: ‘/proc/188/map_files’: Permission denied
find: ‘/proc/188/fdinfo’: Permission denied
find: ‘/proc/188/ns’: Permission denied
find: ‘/proc/189/task/189/fd’: Permission denied
find: ‘/proc/189/task/189/fdinfo’: Permission denied
find: ‘/proc/189/task/189/ns’: Permission denied
find: ‘/proc/189/fd’: Permission denied
find: ‘/proc/189/map_files’: Permission denied
find: ‘/proc/189/fdinfo’: Permission denied
find: ‘/proc/189/ns’: Permission denied
find: ‘/proc/190/task/190/fd’: Permission denied
find: ‘/proc/190/task/190/fdinfo’: Permission denied
find: ‘/proc/190/task/190/ns’: Permission denied
find: ‘/proc/190/fd’: Permission denied
find: ‘/proc/190/map_files’: Permission denied
find: ‘/proc/190/fdinfo’: Permission denied
find: ‘/proc/190/ns’: Permission denied
find: ‘/proc/191/task/191/fd’: Permission denied
find: ‘/proc/191/task/191/fdinfo’: Permission denied
find: ‘/proc/191/task/191/ns’: Permission denied
find: ‘/proc/191/fd’: Permission denied
find: ‘/proc/191/map_files’: Permission denied
find: ‘/proc/191/fdinfo’: Permission denied
find: ‘/proc/191/ns’: Permission denied
find: ‘/proc/192/task/192/fd’: Permission denied
find: ‘/proc/192/task/192/fdinfo’: Permission denied
find: ‘/proc/192/task/192/ns’: Permission denied
find: ‘/proc/192/fd’: Permission denied
find: ‘/proc/192/map_files’: Permission denied
find: ‘/proc/192/fdinfo’: Permission denied
find: ‘/proc/192/ns’: Permission denied
find: ‘/proc/195/task/195/fd’: Permission denied
find: ‘/proc/195/task/195/fdinfo’: Permission denied
find: ‘/proc/195/task/195/ns’: Permission denied
find: ‘/proc/195/fd’: Permission denied
find: ‘/proc/195/map_files’: Permission denied
find: ‘/proc/195/fdinfo’: Permission denied
find: ‘/proc/195/ns’: Permission denied
find: ‘/proc/197/task/197/fd’: Permission denied
find: ‘/proc/197/task/197/fdinfo’: Permission denied
find: ‘/proc/197/task/197/ns’: Permission denied
find: ‘/proc/197/fd’: Permission denied
find: ‘/proc/197/map_files’: Permission denied
find: ‘/proc/197/fdinfo’: Permission denied
find: ‘/proc/197/ns’: Permission denied
find: ‘/proc/198/task/198/fd’: Permission denied
find: ‘/proc/198/task/198/fdinfo’: Permission denied
find: ‘/proc/198/task/198/ns’: Permission denied
find: ‘/proc/198/fd’: Permission denied
find: ‘/proc/198/map_files’: Permission denied
find: ‘/proc/198/fdinfo’: Permission denied
find: ‘/proc/198/ns’: Permission denied
find: ‘/proc/199/task/199/fd’: Permission denied
find: ‘/proc/199/task/199/fdinfo’: Permission denied
find: ‘/proc/199/task/199/ns’: Permission denied
find: ‘/proc/199/fd’: Permission denied
find: ‘/proc/199/map_files’: Permission denied
find: ‘/proc/199/fdinfo’: Permission denied
find: ‘/proc/199/ns’: Permission denied
find: ‘/proc/200/task/200/fd’: Permission denied
find: ‘/proc/200/task/200/fdinfo’: Permission denied
find: ‘/proc/200/task/200/ns’: Permission denied
find: ‘/proc/200/fd’: Permission denied
find: ‘/proc/200/map_files’: Permission denied
find: ‘/proc/200/fdinfo’: Permission denied
find: ‘/proc/200/ns’: Permission denied
find: ‘/proc/201/task/201/fd’: Permission denied
find: ‘/proc/201/task/201/fdinfo’: Permission denied
find: ‘/proc/201/task/201/ns’: Permission denied
find: ‘/proc/201/fd’: Permission denied
find: ‘/proc/201/map_files’: Permission denied
find: ‘/proc/201/fdinfo’: Permission denied
find: ‘/proc/201/ns’: Permission denied
find: ‘/proc/202/task/202/fd’: Permission denied
find: ‘/proc/202/task/202/fdinfo’: Permission denied
find: ‘/proc/202/task/202/ns’: Permission denied
find: ‘/proc/202/fd’: Permission denied
find: ‘/proc/202/map_files’: Permission denied
find: ‘/proc/202/fdinfo’: Permission denied
find: ‘/proc/202/ns’: Permission denied
find: ‘/proc/206/task/206/fd’: Permission denied
find: ‘/proc/206/task/206/fdinfo’: Permission denied
find: ‘/proc/206/task/206/ns’: Permission denied
find: ‘/proc/206/fd’: Permission denied
find: ‘/proc/206/map_files’: Permission denied
find: ‘/proc/206/fdinfo’: Permission denied
find: ‘/proc/206/ns’: Permission denied
find: ‘/proc/216/task/216/fd’: Permission denied
find: ‘/proc/216/task/216/fdinfo’: Permission denied
find: ‘/proc/216/task/216/ns’: Permission denied
find: ‘/proc/216/fd’: Permission denied
find: ‘/proc/216/map_files’: Permission denied
find: ‘/proc/216/fdinfo’: Permission denied
find: ‘/proc/216/ns’: Permission denied
find: ‘/proc/217/task/217/fd’: Permission denied
find: ‘/proc/217/task/217/fdinfo’: Permission denied
find: ‘/proc/217/task/217/ns’: Permission denied
find: ‘/proc/217/fd’: Permission denied
find: ‘/proc/217/map_files’: Permission denied
find: ‘/proc/217/fdinfo’: Permission denied
find: ‘/proc/217/ns’: Permission denied
find: ‘/proc/245/task/245/fd’: Permission denied
find: ‘/proc/245/task/245/fdinfo’: Permission denied
find: ‘/proc/245/task/245/ns’: Permission denied
find: ‘/proc/245/fd’: Permission denied
find: ‘/proc/245/map_files’: Permission denied
find: ‘/proc/245/fdinfo’: Permission denied
find: ‘/proc/245/ns’: Permission denied
find: ‘/proc/246/task/246/fd’: Permission denied
find: ‘/proc/246/task/246/fdinfo’: Permission denied
find: ‘/proc/246/task/246/ns’: Permission denied
find: ‘/proc/246/fd’: Permission denied
find: ‘/proc/246/map_files’: Permission denied
find: ‘/proc/246/fdinfo’: Permission denied
find: ‘/proc/246/ns’: Permission denied
find: ‘/proc/248/task/248/fd’: Permission denied
find: ‘/proc/248/task/248/fdinfo’: Permission denied
find: ‘/proc/248/task/248/ns’: Permission denied
find: ‘/proc/248/fd’: Permission denied
find: ‘/proc/248/map_files’: Permission denied
find: ‘/proc/248/fdinfo’: Permission denied
find: ‘/proc/248/ns’: Permission denied
find: ‘/proc/282/task/282/fd’: Permission denied
find: ‘/proc/282/task/282/fdinfo’: Permission denied
find: ‘/proc/282/task/282/ns’: Permission denied
find: ‘/proc/282/fd’: Permission denied
find: ‘/proc/282/map_files’: Permission denied
find: ‘/proc/282/fdinfo’: Permission denied
find: ‘/proc/282/ns’: Permission denied
find: ‘/proc/294/task/294/fd’: Permission denied
find: ‘/proc/294/task/294/fdinfo’: Permission denied
find: ‘/proc/294/task/294/ns’: Permission denied
find: ‘/proc/294/fd’: Permission denied
find: ‘/proc/294/map_files’: Permission denied
find: ‘/proc/294/fdinfo’: Permission denied
find: ‘/proc/294/ns’: Permission denied
find: ‘/proc/299/task/299/fd’: Permission denied
find: ‘/proc/299/task/299/fdinfo’: Permission denied
find: ‘/proc/299/task/299/ns’: Permission denied
find: ‘/proc/299/fd’: Permission denied
find: ‘/proc/299/map_files’: Permission denied
find: ‘/proc/299/fdinfo’: Permission denied
find: ‘/proc/299/ns’: Permission denied
find: ‘/proc/306/task/306/fd’: Permission denied
find: ‘/proc/306/task/306/fdinfo’: Permission denied
find: ‘/proc/306/task/306/ns’: Permission denied
find: ‘/proc/306/fd’: Permission denied
find: ‘/proc/306/map_files’: Permission denied
find: ‘/proc/306/fdinfo’: Permission denied
find: ‘/proc/306/ns’: Permission denied
find: ‘/proc/307/task/307/fd’: Permission denied
find: ‘/proc/307/task/307/fdinfo’: Permission denied
find: ‘/proc/307/task/307/ns’: Permission denied
find: ‘/proc/307/fd’: Permission denied
find: ‘/proc/307/map_files’: Permission denied
find: ‘/proc/307/fdinfo’: Permission denied
find: ‘/proc/307/ns’: Permission denied
find: ‘/proc/308/task/308/fd’: Permission denied
find: ‘/proc/308/task/308/fdinfo’: Permission denied
find: ‘/proc/308/task/308/ns’: Permission denied
find: ‘/proc/308/fd’: Permission denied
find: ‘/proc/308/map_files’: Permission denied
find: ‘/proc/308/fdinfo’: Permission denied
find: ‘/proc/308/ns’: Permission denied
find: ‘/proc/312/task/312/fd’: Permission denied
find: ‘/proc/312/task/312/fdinfo’: Permission denied
find: ‘/proc/312/task/312/ns’: Permission denied
find: ‘/proc/312/fd’: Permission denied
find: ‘/proc/312/map_files’: Permission denied
find: ‘/proc/312/fdinfo’: Permission denied
find: ‘/proc/312/ns’: Permission denied
find: ‘/proc/314/task/314/fd’: Permission denied
find: ‘/proc/314/task/314/fdinfo’: Permission denied
find: ‘/proc/314/task/314/ns’: Permission denied
find: ‘/proc/314/fd’: Permission denied
find: ‘/proc/314/map_files’: Permission denied
find: ‘/proc/314/fdinfo’: Permission denied
find: ‘/proc/314/ns’: Permission denied
find: ‘/proc/319/task/319/fd’: Permission denied
find: ‘/proc/319/task/319/fdinfo’: Permission denied
find: ‘/proc/319/task/319/ns’: Permission denied
find: ‘/proc/319/fd’: Permission denied
find: ‘/proc/319/map_files’: Permission denied
find: ‘/proc/319/fdinfo’: Permission denied
find: ‘/proc/319/ns’: Permission denied
find: ‘/proc/320/task/320/fd’: Permission denied
find: ‘/proc/320/task/320/fdinfo’: Permission denied
find: ‘/proc/320/task/320/ns’: Permission denied
find: ‘/proc/320/fd’: Permission denied
find: ‘/proc/320/map_files’: Permission denied
find: ‘/proc/320/fdinfo’: Permission denied
find: ‘/proc/320/ns’: Permission denied
find: ‘/proc/322/task/322/fd’: Permission denied
find: ‘/proc/322/task/322/fdinfo’: Permission denied
find: ‘/proc/322/task/322/ns’: Permission denied
find: ‘/proc/322/fd’: Permission denied
find: ‘/proc/322/map_files’: Permission denied
find: ‘/proc/322/fdinfo’: Permission denied
find: ‘/proc/322/ns’: Permission denied
find: ‘/proc/324/task/324/fd’: Permission denied
find: ‘/proc/324/task/324/fdinfo’: Permission denied
find: ‘/proc/324/task/324/ns’: Permission denied
find: ‘/proc/324/fd’: Permission denied
find: ‘/proc/324/map_files’: Permission denied
find: ‘/proc/324/fdinfo’: Permission denied
find: ‘/proc/324/ns’: Permission denied
find: ‘/proc/325/task/325/fd’: Permission denied
find: ‘/proc/325/task/325/fdinfo’: Permission denied
find: ‘/proc/325/task/325/ns’: Permission denied
find: ‘/proc/325/fd’: Permission denied
find: ‘/proc/325/map_files’: Permission denied
find: ‘/proc/325/fdinfo’: Permission denied
find: ‘/proc/325/ns’: Permission denied
find: ‘/proc/328/task/328/fd’: Permission denied
find: ‘/proc/328/task/328/fdinfo’: Permission denied
find: ‘/proc/328/task/328/ns’: Permission denied
find: ‘/proc/328/fd’: Permission denied
find: ‘/proc/328/map_files’: Permission denied
find: ‘/proc/328/fdinfo’: Permission denied
find: ‘/proc/328/ns’: Permission denied
find: ‘/proc/330/task/330/fd’: Permission denied
find: ‘/proc/330/task/330/fdinfo’: Permission denied
find: ‘/proc/330/task/330/ns’: Permission denied
find: ‘/proc/330/fd’: Permission denied
find: ‘/proc/330/map_files’: Permission denied
find: ‘/proc/330/fdinfo’: Permission denied
find: ‘/proc/330/ns’: Permission denied
find: ‘/proc/331/task/331/fd’: Permission denied
find: ‘/proc/331/task/331/fdinfo’: Permission denied
find: ‘/proc/331/task/331/ns’: Permission denied
find: ‘/proc/331/fd’: Permission denied
find: ‘/proc/331/map_files’: Permission denied
find: ‘/proc/331/fdinfo’: Permission denied
find: ‘/proc/331/ns’: Permission denied
find: ‘/proc/333/task/333/fd’: Permission denied
find: ‘/proc/333/task/333/fdinfo’: Permission denied
find: ‘/proc/333/task/333/ns’: Permission denied
find: ‘/proc/333/fd’: Permission denied
find: ‘/proc/333/map_files’: Permission denied
find: ‘/proc/333/fdinfo’: Permission denied
find: ‘/proc/333/ns’: Permission denied
find: ‘/proc/337/task/337/fd’: Permission denied
find: ‘/proc/337/task/337/fdinfo’: Permission denied
find: ‘/proc/337/task/337/ns’: Permission denied
find: ‘/proc/337/fd’: Permission denied
find: ‘/proc/337/map_files’: Permission denied
find: ‘/proc/337/fdinfo’: Permission denied
find: ‘/proc/337/ns’: Permission denied
find: ‘/proc/339/task/339/fd’: Permission denied
find: ‘/proc/339/task/339/fdinfo’: Permission denied
find: ‘/proc/339/task/339/ns’: Permission denied
find: ‘/proc/339/fd’: Permission denied
find: ‘/proc/339/map_files’: Permission denied
find: ‘/proc/339/fdinfo’: Permission denied
find: ‘/proc/339/ns’: Permission denied
find: ‘/proc/342/task/342/fd’: Permission denied
find: ‘/proc/342/task/342/fdinfo’: Permission denied
find: ‘/proc/342/task/342/ns’: Permission denied
find: ‘/proc/342/fd’: Permission denied
find: ‘/proc/342/map_files’: Permission denied
find: ‘/proc/342/fdinfo’: Permission denied
find: ‘/proc/342/ns’: Permission denied
find: ‘/proc/349/task/349/fd’: Permission denied
find: ‘/proc/349/task/349/fdinfo’: Permission denied
find: ‘/proc/349/task/349/ns’: Permission denied
find: ‘/proc/349/fd’: Permission denied
find: ‘/proc/349/map_files’: Permission denied
find: ‘/proc/349/fdinfo’: Permission denied
find: ‘/proc/349/ns’: Permission denied
find: ‘/proc/360/task/360/fd’: Permission denied
find: ‘/proc/360/task/360/fdinfo’: Permission denied
find: ‘/proc/360/task/360/ns’: Permission denied
find: ‘/proc/360/fd’: Permission denied
find: ‘/proc/360/map_files’: Permission denied
find: ‘/proc/360/fdinfo’: Permission denied
find: ‘/proc/360/ns’: Permission denied
find: ‘/proc/361/task/361/fd’: Permission denied
find: ‘/proc/361/task/361/fdinfo’: Permission denied
find: ‘/proc/361/task/361/ns’: Permission denied
find: ‘/proc/361/fd’: Permission denied
find: ‘/proc/361/map_files’: Permission denied
find: ‘/proc/361/fdinfo’: Permission denied
find: ‘/proc/361/ns’: Permission denied
find: ‘/proc/362/task/362/fd’: Permission denied
find: ‘/proc/362/task/362/fdinfo’: Permission denied
find: ‘/proc/362/task/362/ns’: Permission denied
find: ‘/proc/362/fd’: Permission denied
find: ‘/proc/362/map_files’: Permission denied
find: ‘/proc/362/fdinfo’: Permission denied
find: ‘/proc/362/ns’: Permission denied
find: ‘/proc/363/task/363/fd’: Permission denied
find: ‘/proc/363/task/363/fdinfo’: Permission denied
find: ‘/proc/363/task/363/ns’: Permission denied
find: ‘/proc/363/fd’: Permission denied
find: ‘/proc/363/map_files’: Permission denied
find: ‘/proc/363/fdinfo’: Permission denied
find: ‘/proc/363/ns’: Permission denied
find: ‘/proc/364/task/364/fd’: Permission denied
find: ‘/proc/364/task/364/fdinfo’: Permission denied
find: ‘/proc/364/task/364/ns’: Permission denied
find: ‘/proc/364/fd’: Permission denied
find: ‘/proc/364/map_files’: Permission denied
find: ‘/proc/364/fdinfo’: Permission denied
find: ‘/proc/364/ns’: Permission denied
find: ‘/proc/365/task/365/fd’: Permission denied
find: ‘/proc/365/task/365/fdinfo’: Permission denied
find: ‘/proc/365/task/365/ns’: Permission denied
find: ‘/proc/365/fd’: Permission denied
find: ‘/proc/365/map_files’: Permission denied
find: ‘/proc/365/fdinfo’: Permission denied
find: ‘/proc/365/ns’: Permission denied
find: ‘/proc/367/task/367/fd’: Permission denied
find: ‘/proc/367/task/367/fdinfo’: Permission denied
find: ‘/proc/367/task/367/ns’: Permission denied
find: ‘/proc/367/fd’: Permission denied
find: ‘/proc/367/map_files’: Permission denied
find: ‘/proc/367/fdinfo’: Permission denied
find: ‘/proc/367/ns’: Permission denied
find: ‘/proc/368/task/368/fd’: Permission denied
find: ‘/proc/368/task/368/fdinfo’: Permission denied
find: ‘/proc/368/task/368/ns’: Permission denied
find: ‘/proc/368/fd’: Permission denied
find: ‘/proc/368/map_files’: Permission denied
find: ‘/proc/368/fdinfo’: Permission denied
find: ‘/proc/368/ns’: Permission denied
find: ‘/proc/372/task/372/fd’: Permission denied
find: ‘/proc/372/task/372/fdinfo’: Permission denied
find: ‘/proc/372/task/372/ns’: Permission denied
find: ‘/proc/372/fd’: Permission denied
find: ‘/proc/372/map_files’: Permission denied
find: ‘/proc/372/fdinfo’: Permission denied
find: ‘/proc/372/ns’: Permission denied
find: ‘/proc/498/task/498/fd’: Permission denied
find: ‘/proc/498/task/498/fdinfo’: Permission denied
find: ‘/proc/498/task/498/ns’: Permission denied
find: ‘/proc/498/fd’: Permission denied
find: ‘/proc/498/map_files’: Permission denied
find: ‘/proc/498/fdinfo’: Permission denied
find: ‘/proc/498/ns’: Permission denied
find: ‘/proc/589/task/589/fd’: Permission denied
find: ‘/proc/589/task/589/fdinfo’: Permission denied
find: ‘/proc/589/task/589/ns’: Permission denied
find: ‘/proc/589/fd’: Permission denied
find: ‘/proc/589/map_files’: Permission denied
find: ‘/proc/589/fdinfo’: Permission denied
find: ‘/proc/589/ns’: Permission denied
find: ‘/proc/641/task/641/fd’: Permission denied
find: ‘/proc/641/task/641/fdinfo’: Permission denied
find: ‘/proc/641/task/641/ns’: Permission denied
find: ‘/proc/641/fd’: Permission denied
find: ‘/proc/641/map_files’: Permission denied
find: ‘/proc/641/fdinfo’: Permission denied
find: ‘/proc/641/ns’: Permission denied
find: ‘/proc/643/task/643/fd’: Permission denied
find: ‘/proc/643/task/643/fdinfo’: Permission denied
find: ‘/proc/643/task/643/ns’: Permission denied
find: ‘/proc/643/task/718/fd’: Permission denied
find: ‘/proc/643/task/718/fdinfo’: Permission denied
find: ‘/proc/643/task/718/ns’: Permission denied
find: ‘/proc/643/fd’: Permission denied
find: ‘/proc/643/map_files’: Permission denied
find: ‘/proc/643/fdinfo’: Permission denied
find: ‘/proc/643/ns’: Permission denied
find: ‘/proc/1036/task/1036/fd’: Permission denied
find: ‘/proc/1036/task/1036/fdinfo’: Permission denied
find: ‘/proc/1036/task/1036/ns’: Permission denied
find: ‘/proc/1036/task/1133/fd’: Permission denied
find: ‘/proc/1036/task/1133/fdinfo’: Permission denied
find: ‘/proc/1036/task/1133/ns’: Permission denied
find: ‘/proc/1036/fd’: Permission denied
find: ‘/proc/1036/map_files’: Permission denied
find: ‘/proc/1036/fdinfo’: Permission denied
find: ‘/proc/1036/ns’: Permission denied
find: ‘/proc/1038/task/1038/fd’: Permission denied
find: ‘/proc/1038/task/1038/fdinfo’: Permission denied
find: ‘/proc/1038/task/1038/ns’: Permission denied
find: ‘/proc/1038/fd’: Permission denied
find: ‘/proc/1038/map_files’: Permission denied
find: ‘/proc/1038/fdinfo’: Permission denied
find: ‘/proc/1038/ns’: Permission denied
find: ‘/proc/1039/task/1039/fd’: Permission denied
find: ‘/proc/1039/task/1039/fdinfo’: Permission denied
find: ‘/proc/1039/task/1039/ns’: Permission denied
find: ‘/proc/1039/task/1072/fd’: Permission denied
find: ‘/proc/1039/task/1072/fdinfo’: Permission denied
find: ‘/proc/1039/task/1072/ns’: Permission denied
find: ‘/proc/1039/task/1104/fd’: Permission denied
find: ‘/proc/1039/task/1104/fdinfo’: Permission denied
find: ‘/proc/1039/task/1104/ns’: Permission denied
find: ‘/proc/1039/fd’: Permission denied
find: ‘/proc/1039/map_files’: Permission denied
find: ‘/proc/1039/fdinfo’: Permission denied
find: ‘/proc/1039/ns’: Permission denied
find: ‘/proc/1044/task/1044/fd’: Permission denied
find: ‘/proc/1044/task/1044/fdinfo’: Permission denied
find: ‘/proc/1044/task/1044/ns’: Permission denied
find: ‘/proc/1044/task/1099/fd’: Permission denied
find: ‘/proc/1044/task/1099/fdinfo’: Permission denied
find: ‘/proc/1044/task/1099/ns’: Permission denied
find: ‘/proc/1044/task/1100/fd’: Permission denied
find: ‘/proc/1044/task/1100/fdinfo’: Permission denied
find: ‘/proc/1044/task/1100/ns’: Permission denied
find: ‘/proc/1044/task/1101/fd’: Permission denied
find: ‘/proc/1044/task/1101/fdinfo’: Permission denied
find: ‘/proc/1044/task/1101/ns’: Permission denied
find: ‘/proc/1044/fd’: Permission denied
find: ‘/proc/1044/map_files’: Permission denied
find: ‘/proc/1044/fdinfo’: Permission denied
find: ‘/proc/1044/ns’: Permission denied
find: ‘/proc/1045/task/1045/fd’: Permission denied
find: ‘/proc/1045/task/1045/fdinfo’: Permission denied
find: ‘/proc/1045/task/1045/ns’: Permission denied
find: ‘/proc/1045/task/1097/fd’: Permission denied
find: ‘/proc/1045/task/1097/fdinfo’: Permission denied
find: ‘/proc/1045/task/1097/ns’: Permission denied
find: ‘/proc/1045/task/1103/fd’: Permission denied
find: ‘/proc/1045/task/1103/fdinfo’: Permission denied
find: ‘/proc/1045/task/1103/ns’: Permission denied
find: ‘/proc/1045/task/1163/fd’: Permission denied
find: ‘/proc/1045/task/1163/fdinfo’: Permission denied
find: ‘/proc/1045/task/1163/ns’: Permission denied
find: ‘/proc/1045/task/1170/fd’: Permission denied
find: ‘/proc/1045/task/1170/fdinfo’: Permission denied
find: ‘/proc/1045/task/1170/ns’: Permission denied
find: ‘/proc/1045/fd’: Permission denied
find: ‘/proc/1045/map_files’: Permission denied
find: ‘/proc/1045/fdinfo’: Permission denied
find: ‘/proc/1045/ns’: Permission denied
find: ‘/proc/1065/task/1065/fd’: Permission denied
find: ‘/proc/1065/task/1065/fdinfo’: Permission denied
find: ‘/proc/1065/task/1065/ns’: Permission denied
find: ‘/proc/1065/fd’: Permission denied
find: ‘/proc/1065/map_files’: Permission denied
find: ‘/proc/1065/fdinfo’: Permission denied
find: ‘/proc/1065/ns’: Permission denied
find: ‘/proc/1066/task/1066/fd’: Permission denied
find: ‘/proc/1066/task/1066/fdinfo’: Permission denied
find: ‘/proc/1066/task/1066/ns’: Permission denied
find: ‘/proc/1066/task/1082/fd’: Permission denied
find: ‘/proc/1066/task/1082/fdinfo’: Permission denied
find: ‘/proc/1066/task/1082/ns’: Permission denied
find: ‘/proc/1066/task/1102/fd’: Permission denied
find: ‘/proc/1066/task/1102/fdinfo’: Permission denied
find: ‘/proc/1066/task/1102/ns’: Permission denied
find: ‘/proc/1066/fd’: Permission denied
find: ‘/proc/1066/map_files’: Permission denied
find: ‘/proc/1066/fdinfo’: Permission denied
find: ‘/proc/1066/ns’: Permission denied
find: ‘/proc/1071/task/1071/fd’: Permission denied
find: ‘/proc/1071/task/1071/fdinfo’: Permission denied
find: ‘/proc/1071/task/1071/ns’: Permission denied
find: ‘/proc/1071/fd’: Permission denied
find: ‘/proc/1071/map_files’: Permission denied
find: ‘/proc/1071/fdinfo’: Permission denied
find: ‘/proc/1071/ns’: Permission denied
find: ‘/proc/1105/task/1105/fd’: Permission denied
find: ‘/proc/1105/task/1105/fdinfo’: Permission denied
find: ‘/proc/1105/task/1105/ns’: Permission denied
find: ‘/proc/1105/fd’: Permission denied
find: ‘/proc/1105/map_files’: Permission denied
find: ‘/proc/1105/fdinfo’: Permission denied
find: ‘/proc/1105/ns’: Permission denied
find: ‘/proc/1109/task/1109/fd’: Permission denied
find: ‘/proc/1109/task/1109/fdinfo’: Permission denied
find: ‘/proc/1109/task/1109/ns’: Permission denied
find: ‘/proc/1109/task/1140/fd’: Permission denied
find: ‘/proc/1109/task/1140/fdinfo’: Permission denied
find: ‘/proc/1109/task/1140/ns’: Permission denied
find: ‘/proc/1109/fd’: Permission denied
find: ‘/proc/1109/map_files’: Permission denied
find: ‘/proc/1109/fdinfo’: Permission denied
find: ‘/proc/1109/ns’: Permission denied
find: ‘/proc/1110/task/1110/fd’: Permission denied
find: ‘/proc/1110/task/1110/fdinfo’: Permission denied
find: ‘/proc/1110/task/1110/ns’: Permission denied
find: ‘/proc/1110/task/1134/fd’: Permission denied
find: ‘/proc/1110/task/1134/fdinfo’: Permission denied
find: ‘/proc/1110/task/1134/ns’: Permission denied
find: ‘/proc/1110/fd’: Permission denied
find: ‘/proc/1110/map_files’: Permission denied
find: ‘/proc/1110/fdinfo’: Permission denied
find: ‘/proc/1110/ns’: Permission denied
find: ‘/proc/1111/task/1111/fd’: Permission denied
find: ‘/proc/1111/task/1111/fdinfo’: Permission denied
find: ‘/proc/1111/task/1111/ns’: Permission denied
find: ‘/proc/1111/fd’: Permission denied
find: ‘/proc/1111/map_files’: Permission denied
find: ‘/proc/1111/fdinfo’: Permission denied
find: ‘/proc/1111/ns’: Permission denied
find: ‘/proc/1112/task/1112/fd’: Permission denied
find: ‘/proc/1112/task/1112/fdinfo’: Permission denied
find: ‘/proc/1112/task/1112/ns’: Permission denied
find: ‘/proc/1112/fd’: Permission denied
find: ‘/proc/1112/map_files’: Permission denied
find: ‘/proc/1112/fdinfo’: Permission denied
find: ‘/proc/1112/ns’: Permission denied
find: ‘/proc/1113/task/1113/fd’: Permission denied
find: ‘/proc/1113/task/1113/fdinfo’: Permission denied
find: ‘/proc/1113/task/1113/ns’: Permission denied
find: ‘/proc/1113/task/1171/fd’: Permission denied
find: ‘/proc/1113/task/1171/fdinfo’: Permission denied
find: ‘/proc/1113/task/1171/ns’: Permission denied
find: ‘/proc/1113/task/1175/fd’: Permission denied
find: ‘/proc/1113/task/1175/fdinfo’: Permission denied
find: ‘/proc/1113/task/1175/ns’: Permission denied
find: ‘/proc/1113/fd’: Permission denied
find: ‘/proc/1113/map_files’: Permission denied
find: ‘/proc/1113/fdinfo’: Permission denied
find: ‘/proc/1113/ns’: Permission denied
find: ‘/proc/1114/task/1114/fd’: Permission denied
find: ‘/proc/1114/task/1114/fdinfo’: Permission denied
find: ‘/proc/1114/task/1114/ns’: Permission denied
find: ‘/proc/1114/task/1159/fd’: Permission denied
find: ‘/proc/1114/task/1159/fdinfo’: Permission denied
find: ‘/proc/1114/task/1159/ns’: Permission denied
find: ‘/proc/1114/task/1160/fd’: Permission denied
find: ‘/proc/1114/task/1160/fdinfo’: Permission denied
find: ‘/proc/1114/task/1160/ns’: Permission denied
find: ‘/proc/1114/task/1161/fd’: Permission denied
find: ‘/proc/1114/task/1161/fdinfo’: Permission denied
find: ‘/proc/1114/task/1161/ns’: Permission denied
find: ‘/proc/1114/task/1162/fd’: Permission denied
find: ‘/proc/1114/task/1162/fdinfo’: Permission denied
find: ‘/proc/1114/task/1162/ns’: Permission denied
find: ‘/proc/1114/task/1178/fd’: Permission denied
find: ‘/proc/1114/task/1178/fdinfo’: Permission denied
find: ‘/proc/1114/task/1178/ns’: Permission denied
find: ‘/proc/1114/task/1180/fd’: Permission denied
find: ‘/proc/1114/task/1180/fdinfo’: Permission denied
find: ‘/proc/1114/task/1180/ns’: Permission denied
find: ‘/proc/1114/task/1181/fd’: Permission denied
find: ‘/proc/1114/task/1181/fdinfo’: Permission denied
find: ‘/proc/1114/task/1181/ns’: Permission denied
find: ‘/proc/1114/task/1182/fd’: Permission denied
find: ‘/proc/1114/task/1182/fdinfo’: Permission denied
find: ‘/proc/1114/task/1182/ns’: Permission denied
find: ‘/proc/1114/task/1871/fd’: Permission denied
find: ‘/proc/1114/task/1871/fdinfo’: Permission denied
find: ‘/proc/1114/task/1871/ns’: Permission denied
find: ‘/proc/1114/task/1872/fd’: Permission denied
find: ‘/proc/1114/task/1872/fdinfo’: Permission denied
find: ‘/proc/1114/task/1872/ns’: Permission denied
find: ‘/proc/1114/fd’: Permission denied
find: ‘/proc/1114/map_files’: Permission denied
find: ‘/proc/1114/fdinfo’: Permission denied
find: ‘/proc/1114/ns’: Permission denied
find: ‘/proc/1131/task/1131/fd’: Permission denied
find: ‘/proc/1131/task/1131/fdinfo’: Permission denied
find: ‘/proc/1131/task/1131/ns’: Permission denied
find: ‘/proc/1131/task/1135/fd’: Permission denied
find: ‘/proc/1131/task/1135/fdinfo’: Permission denied
find: ‘/proc/1131/task/1135/ns’: Permission denied
find: ‘/proc/1131/task/1137/fd’: Permission denied
find: ‘/proc/1131/task/1137/fdinfo’: Permission denied
find: ‘/proc/1131/task/1137/ns’: Permission denied
find: ‘/proc/1131/fd’: Permission denied
find: ‘/proc/1131/map_files’: Permission denied
find: ‘/proc/1131/fdinfo’: Permission denied
find: ‘/proc/1131/ns’: Permission denied
find: ‘/proc/1138/task/1138/fd’: Permission denied
find: ‘/proc/1138/task/1138/fdinfo’: Permission denied
find: ‘/proc/1138/task/1138/ns’: Permission denied
find: ‘/proc/1138/fd’: Permission denied
find: ‘/proc/1138/map_files’: Permission denied
find: ‘/proc/1138/fdinfo’: Permission denied
find: ‘/proc/1138/ns’: Permission denied
find: ‘/proc/1235/task/1235/fd’: Permission denied
find: ‘/proc/1235/task/1235/fdinfo’: Permission denied
find: ‘/proc/1235/task/1235/ns’: Permission denied
find: ‘/proc/1235/task/1263/fd’: Permission denied
find: ‘/proc/1235/task/1263/fdinfo’: Permission denied
find: ‘/proc/1235/task/1263/ns’: Permission denied
find: ‘/proc/1235/task/1264/fd’: Permission denied
find: ‘/proc/1235/task/1264/fdinfo’: Permission denied
find: ‘/proc/1235/task/1264/ns’: Permission denied
find: ‘/proc/1235/fd’: Permission denied
find: ‘/proc/1235/map_files’: Permission denied
find: ‘/proc/1235/fdinfo’: Permission denied
find: ‘/proc/1235/ns’: Permission denied
find: ‘/proc/1240/task/1240/fd’: Permission denied
find: ‘/proc/1240/task/1240/fdinfo’: Permission denied
find: ‘/proc/1240/task/1240/ns’: Permission denied
find: ‘/proc/1240/fd’: Permission denied
find: ‘/proc/1240/map_files’: Permission denied
find: ‘/proc/1240/fdinfo’: Permission denied
find: ‘/proc/1240/ns’: Permission denied
find: ‘/proc/1244/task/1244/fd’: Permission denied
find: ‘/proc/1244/task/1244/fdinfo’: Permission denied
find: ‘/proc/1244/task/1244/ns’: Permission denied
find: ‘/proc/1244/fd’: Permission denied
find: ‘/proc/1244/map_files’: Permission denied
find: ‘/proc/1244/fdinfo’: Permission denied
find: ‘/proc/1244/ns’: Permission denied
find: ‘/proc/1342/task/1342/fd’: Permission denied
find: ‘/proc/1342/task/1342/fdinfo’: Permission denied
find: ‘/proc/1342/task/1342/ns’: Permission denied
find: ‘/proc/1342/fd’: Permission denied
find: ‘/proc/1342/map_files’: Permission denied
find: ‘/proc/1342/fdinfo’: Permission denied
find: ‘/proc/1342/ns’: Permission denied
find: ‘/proc/1351/task/1351/fd’: Permission denied
find: ‘/proc/1351/task/1351/fdinfo’: Permission denied
find: ‘/proc/1351/task/1351/ns’: Permission denied
find: ‘/proc/1351/fd’: Permission denied
find: ‘/proc/1351/map_files’: Permission denied
find: ‘/proc/1351/fdinfo’: Permission denied
find: ‘/proc/1351/ns’: Permission denied
find: ‘/proc/1355/task/1355/fd’: Permission denied
find: ‘/proc/1355/task/1355/fdinfo’: Permission denied
find: ‘/proc/1355/task/1355/ns’: Permission denied
find: ‘/proc/1355/fd’: Permission denied
find: ‘/proc/1355/map_files’: Permission denied
find: ‘/proc/1355/fdinfo’: Permission denied
find: ‘/proc/1355/ns’: Permission denied
find: ‘/proc/1356/task/1356/fd’: Permission denied
find: ‘/proc/1356/task/1356/fdinfo’: Permission denied
find: ‘/proc/1356/task/1356/ns’: Permission denied
find: ‘/proc/1356/fd’: Permission denied
find: ‘/proc/1356/map_files’: Permission denied
find: ‘/proc/1356/fdinfo’: Permission denied
find: ‘/proc/1356/ns’: Permission denied
find: ‘/proc/1357/task/1357/fd’: Permission denied
find: ‘/proc/1357/task/1357/fdinfo’: Permission denied
find: ‘/proc/1357/task/1357/ns’: Permission denied
find: ‘/proc/1357/fd’: Permission denied
find: ‘/proc/1357/map_files’: Permission denied
find: ‘/proc/1357/fdinfo’: Permission denied
find: ‘/proc/1357/ns’: Permission denied
find: ‘/proc/1358/task/1358/fd’: Permission denied
find: ‘/proc/1358/task/1358/fdinfo’: Permission denied
find: ‘/proc/1358/task/1358/ns’: Permission denied
find: ‘/proc/1358/fd’: Permission denied
find: ‘/proc/1358/map_files’: Permission denied
find: ‘/proc/1358/fdinfo’: Permission denied
find: ‘/proc/1358/ns’: Permission denied
find: ‘/proc/1359/task/1359/fd’: Permission denied
find: ‘/proc/1359/task/1359/fdinfo’: Permission denied
find: ‘/proc/1359/task/1359/ns’: Permission denied
find: ‘/proc/1359/fd’: Permission denied
find: ‘/proc/1359/map_files’: Permission denied
find: ‘/proc/1359/fdinfo’: Permission denied
find: ‘/proc/1359/ns’: Permission denied
find: ‘/proc/1368/task/1368/fd’: Permission denied
find: ‘/proc/1368/task/1368/fdinfo’: Permission denied
find: ‘/proc/1368/task/1368/ns’: Permission denied
find: ‘/proc/1368/fd’: Permission denied
find: ‘/proc/1368/map_files’: Permission denied
find: ‘/proc/1368/fdinfo’: Permission denied
find: ‘/proc/1368/ns’: Permission denied
find: ‘/proc/1476/task/1476/fd’: Permission denied
find: ‘/proc/1476/task/1476/fdinfo’: Permission denied
find: ‘/proc/1476/task/1476/ns’: Permission denied
find: ‘/proc/1476/fd’: Permission denied
find: ‘/proc/1476/map_files’: Permission denied
find: ‘/proc/1476/fdinfo’: Permission denied
find: ‘/proc/1476/ns’: Permission denied
find: ‘/proc/1511/task/1511/fd’: Permission denied
find: ‘/proc/1511/task/1511/fdinfo’: Permission denied
find: ‘/proc/1511/task/1511/ns’: Permission denied
find: ‘/proc/1511/task/1523/fd’: Permission denied
find: ‘/proc/1511/task/1523/fdinfo’: Permission denied
find: ‘/proc/1511/task/1523/ns’: Permission denied
find: ‘/proc/1511/task/1524/fd’: Permission denied
find: ‘/proc/1511/task/1524/fdinfo’: Permission denied
find: ‘/proc/1511/task/1524/ns’: Permission denied
find: ‘/proc/1511/fd’: Permission denied
find: ‘/proc/1511/map_files’: Permission denied
find: ‘/proc/1511/fdinfo’: Permission denied
find: ‘/proc/1511/ns’: Permission denied
find: ‘/proc/1521/task/1521/fd’: Permission denied
find: ‘/proc/1521/task/1521/fdinfo’: Permission denied
find: ‘/proc/1521/task/1521/ns’: Permission denied
find: ‘/proc/1521/task/1570/fd’: Permission denied
find: ‘/proc/1521/task/1570/fdinfo’: Permission denied
find: ‘/proc/1521/task/1570/ns’: Permission denied
find: ‘/proc/1521/task/1592/fd’: Permission denied
find: ‘/proc/1521/task/1592/fdinfo’: Permission denied
find: ‘/proc/1521/task/1592/ns’: Permission denied
find: ‘/proc/1521/task/1593/fd’: Permission denied
find: ‘/proc/1521/task/1593/fdinfo’: Permission denied
find: ‘/proc/1521/task/1593/ns’: Permission denied
find: ‘/proc/1521/task/1594/fd’: Permission denied
find: ‘/proc/1521/task/1594/fdinfo’: Permission denied
find: ‘/proc/1521/task/1594/ns’: Permission denied
find: ‘/proc/1521/task/1595/fd’: Permission denied
find: ‘/proc/1521/task/1595/fdinfo’: Permission denied
find: ‘/proc/1521/task/1595/ns’: Permission denied
find: ‘/proc/1521/task/1596/fd’: Permission denied
find: ‘/proc/1521/task/1596/fdinfo’: Permission denied
find: ‘/proc/1521/task/1596/ns’: Permission denied
find: ‘/proc/1521/task/1597/fd’: Permission denied
find: ‘/proc/1521/task/1597/fdinfo’: Permission denied
find: ‘/proc/1521/task/1597/ns’: Permission denied
find: ‘/proc/1521/task/1598/fd’: Permission denied
find: ‘/proc/1521/task/1598/fdinfo’: Permission denied
find: ‘/proc/1521/task/1598/ns’: Permission denied
find: ‘/proc/1521/task/1599/fd’: Permission denied
find: ‘/proc/1521/task/1599/fdinfo’: Permission denied
find: ‘/proc/1521/task/1599/ns’: Permission denied
find: ‘/proc/1521/task/1600/fd’: Permission denied
find: ‘/proc/1521/task/1600/fdinfo’: Permission denied
find: ‘/proc/1521/task/1600/ns’: Permission denied
find: ‘/proc/1521/task/1601/fd’: Permission denied
find: ‘/proc/1521/task/1601/fdinfo’: Permission denied
find: ‘/proc/1521/task/1601/ns’: Permission denied
find: ‘/proc/1521/task/1606/fd’: Permission denied
find: ‘/proc/1521/task/1606/fdinfo’: Permission denied
find: ‘/proc/1521/task/1606/ns’: Permission denied
find: ‘/proc/1521/task/1649/fd’: Permission denied
find: ‘/proc/1521/task/1649/fdinfo’: Permission denied
find: ‘/proc/1521/task/1649/ns’: Permission denied
find: ‘/proc/1521/task/1650/fd’: Permission denied
find: ‘/proc/1521/task/1650/fdinfo’: Permission denied
find: ‘/proc/1521/task/1650/ns’: Permission denied
find: ‘/proc/1521/task/1651/fd’: Permission denied
find: ‘/proc/1521/task/1651/fdinfo’: Permission denied
find: ‘/proc/1521/task/1651/ns’: Permission denied
find: ‘/proc/1521/task/1652/fd’: Permission denied
find: ‘/proc/1521/task/1652/fdinfo’: Permission denied
find: ‘/proc/1521/task/1652/ns’: Permission denied
find: ‘/proc/1521/task/1653/fd’: Permission denied
find: ‘/proc/1521/task/1653/fdinfo’: Permission denied
find: ‘/proc/1521/task/1653/ns’: Permission denied
find: ‘/proc/1521/task/1654/fd’: Permission denied
find: ‘/proc/1521/task/1654/fdinfo’: Permission denied
find: ‘/proc/1521/task/1654/ns’: Permission denied
find: ‘/proc/1521/task/1662/fd’: Permission denied
find: ‘/proc/1521/task/1662/fdinfo’: Permission denied
find: ‘/proc/1521/task/1662/ns’: Permission denied
find: ‘/proc/1521/task/1663/fd’: Permission denied
find: ‘/proc/1521/task/1663/fdinfo’: Permission denied
find: ‘/proc/1521/task/1663/ns’: Permission denied
find: ‘/proc/1521/task/1667/fd’: Permission denied
find: ‘/proc/1521/task/1667/fdinfo’: Permission denied
find: ‘/proc/1521/task/1667/ns’: Permission denied
find: ‘/proc/1521/task/1668/fd’: Permission denied
find: ‘/proc/1521/task/1668/fdinfo’: Permission denied
find: ‘/proc/1521/task/1668/ns’: Permission denied
find: ‘/proc/1521/task/1669/fd’: Permission denied
find: ‘/proc/1521/task/1669/fdinfo’: Permission denied
find: ‘/proc/1521/task/1669/ns’: Permission denied
find: ‘/proc/1521/task/1670/fd’: Permission denied
find: ‘/proc/1521/task/1670/fdinfo’: Permission denied
find: ‘/proc/1521/task/1670/ns’: Permission denied
find: ‘/proc/1521/task/1671/fd’: Permission denied
find: ‘/proc/1521/task/1671/fdinfo’: Permission denied
find: ‘/proc/1521/task/1671/ns’: Permission denied
find: ‘/proc/1521/fd’: Permission denied
find: ‘/proc/1521/map_files’: Permission denied
find: ‘/proc/1521/fdinfo’: Permission denied
find: ‘/proc/1521/ns’: Permission denied
find: ‘/proc/1540/task/1540/fd’: Permission denied
find: ‘/proc/1540/task/1540/fdinfo’: Permission denied
find: ‘/proc/1540/task/1540/ns’: Permission denied
find: ‘/proc/1540/task/1542/fd’: Permission denied
find: ‘/proc/1540/task/1542/fdinfo’: Permission denied
find: ‘/proc/1540/task/1542/ns’: Permission denied
find: ‘/proc/1540/task/1544/fd’: Permission denied
find: ‘/proc/1540/task/1544/fdinfo’: Permission denied
find: ‘/proc/1540/task/1544/ns’: Permission denied
find: ‘/proc/1540/fd’: Permission denied
find: ‘/proc/1540/map_files’: Permission denied
find: ‘/proc/1540/fdinfo’: Permission denied
find: ‘/proc/1540/ns’: Permission denied
find: ‘/proc/1590/task/1590/fd’: Permission denied
find: ‘/proc/1590/task/1590/fdinfo’: Permission denied
find: ‘/proc/1590/task/1590/ns’: Permission denied
find: ‘/proc/1590/fd’: Permission denied
find: ‘/proc/1590/map_files’: Permission denied
find: ‘/proc/1590/fdinfo’: Permission denied
find: ‘/proc/1590/ns’: Permission denied
find: ‘/proc/1591/task/1591/fd’: Permission denied
find: ‘/proc/1591/task/1591/fdinfo’: Permission denied
find: ‘/proc/1591/task/1591/ns’: Permission denied
find: ‘/proc/1591/fd’: Permission denied
find: ‘/proc/1591/map_files’: Permission denied
find: ‘/proc/1591/fdinfo’: Permission denied
find: ‘/proc/1591/ns’: Permission denied
find: ‘/proc/1657/task/1657/fd’: Permission denied
find: ‘/proc/1657/task/1657/fdinfo’: Permission denied
find: ‘/proc/1657/task/1657/ns’: Permission denied
find: ‘/proc/1657/task/1658/fd’: Permission denied
find: ‘/proc/1657/task/1658/fdinfo’: Permission denied
find: ‘/proc/1657/task/1658/ns’: Permission denied
find: ‘/proc/1657/task/1660/fd’: Permission denied
find: ‘/proc/1657/task/1660/fdinfo’: Permission denied
find: ‘/proc/1657/task/1660/ns’: Permission denied
find: ‘/proc/1657/fd’: Permission denied
find: ‘/proc/1657/map_files’: Permission denied
find: ‘/proc/1657/fdinfo’: Permission denied
find: ‘/proc/1657/ns’: Permission denied
find: ‘/proc/1659/task/1659/fd’: Permission denied
find: ‘/proc/1659/task/1659/fdinfo’: Permission denied
find: ‘/proc/1659/task/1659/ns’: Permission denied
find: ‘/proc/1659/fd’: Permission denied
find: ‘/proc/1659/map_files’: Permission denied
find: ‘/proc/1659/fdinfo’: Permission denied
find: ‘/proc/1659/ns’: Permission denied
find: ‘/proc/1661/task/1661/fd’: Permission denied
find: ‘/proc/1661/task/1661/fdinfo’: Permission denied
find: ‘/proc/1661/task/1661/ns’: Permission denied
find: ‘/proc/1661/task/1673/fd’: Permission denied
find: ‘/proc/1661/task/1673/fdinfo’: Permission denied
find: ‘/proc/1661/task/1673/ns’: Permission denied
find: ‘/proc/1661/task/1674/fd’: Permission denied
find: ‘/proc/1661/task/1674/fdinfo’: Permission denied
find: ‘/proc/1661/task/1674/ns’: Permission denied
find: ‘/proc/1661/task/1676/fd’: Permission denied
find: ‘/proc/1661/task/1676/fdinfo’: Permission denied
find: ‘/proc/1661/task/1676/ns’: Permission denied
find: ‘/proc/1661/fd’: Permission denied
find: ‘/proc/1661/map_files’: Permission denied
find: ‘/proc/1661/fdinfo’: Permission denied
find: ‘/proc/1661/ns’: Permission denied
find: ‘/proc/1680/task/1680/fd’: Permission denied
find: ‘/proc/1680/task/1680/fdinfo’: Permission denied
find: ‘/proc/1680/task/1680/ns’: Permission denied
find: ‘/proc/1680/task/1683/fd’: Permission denied
find: ‘/proc/1680/task/1683/fdinfo’: Permission denied
find: ‘/proc/1680/task/1683/ns’: Permission denied
find: ‘/proc/1680/task/1684/fd’: Permission denied
find: ‘/proc/1680/task/1684/fdinfo’: Permission denied
find: ‘/proc/1680/task/1684/ns’: Permission denied
find: ‘/proc/1680/task/1707/fd’: Permission denied
find: ‘/proc/1680/task/1707/fdinfo’: Permission denied
find: ‘/proc/1680/task/1707/ns’: Permission denied
find: ‘/proc/1680/task/1725/fd’: Permission denied
find: ‘/proc/1680/task/1725/fdinfo’: Permission denied
find: ‘/proc/1680/task/1725/ns’: Permission denied
find: ‘/proc/1680/task/1732/fd’: Permission denied
find: ‘/proc/1680/task/1732/fdinfo’: Permission denied
find: ‘/proc/1680/task/1732/ns’: Permission denied
find: ‘/proc/1680/task/1733/fd’: Permission denied
find: ‘/proc/1680/task/1733/fdinfo’: Permission denied
find: ‘/proc/1680/task/1733/ns’: Permission denied
find: ‘/proc/1680/task/1734/fd’: Permission denied
find: ‘/proc/1680/task/1734/fdinfo’: Permission denied
find: ‘/proc/1680/task/1734/ns’: Permission denied
find: ‘/proc/1680/task/1735/fd’: Permission denied
find: ‘/proc/1680/task/1735/fdinfo’: Permission denied
find: ‘/proc/1680/task/1735/ns’: Permission denied
find: ‘/proc/1680/task/1736/fd’: Permission denied
find: ‘/proc/1680/task/1736/fdinfo’: Permission denied
find: ‘/proc/1680/task/1736/ns’: Permission denied
find: ‘/proc/1680/task/1737/fd’: Permission denied
find: ‘/proc/1680/task/1737/fdinfo’: Permission denied
find: ‘/proc/1680/task/1737/ns’: Permission denied
find: ‘/proc/1680/task/1738/fd’: Permission denied
find: ‘/proc/1680/task/1738/fdinfo’: Permission denied
find: ‘/proc/1680/task/1738/ns’: Permission denied
find: ‘/proc/1680/task/1739/fd’: Permission denied
find: ‘/proc/1680/task/1739/fdinfo’: Permission denied
find: ‘/proc/1680/task/1739/ns’: Permission denied
find: ‘/proc/1680/fd’: Permission denied
find: ‘/proc/1680/map_files’: Permission denied
find: ‘/proc/1680/fdinfo’: Permission denied
find: ‘/proc/1680/ns’: Permission denied
find: ‘/proc/1685/task/1685/fd’: Permission denied
find: ‘/proc/1685/task/1685/fdinfo’: Permission denied
find: ‘/proc/1685/task/1685/ns’: Permission denied
find: ‘/proc/1685/task/1686/fd’: Permission denied
find: ‘/proc/1685/task/1686/fdinfo’: Permission denied
find: ‘/proc/1685/task/1686/ns’: Permission denied
find: ‘/proc/1685/task/1687/fd’: Permission denied
find: ‘/proc/1685/task/1687/fdinfo’: Permission denied
find: ‘/proc/1685/task/1687/ns’: Permission denied
find: ‘/proc/1685/fd’: Permission denied
find: ‘/proc/1685/map_files’: Permission denied
find: ‘/proc/1685/fdinfo’: Permission denied
find: ‘/proc/1685/ns’: Permission denied
find: ‘/proc/1708/task/1708/fd’: Permission denied
find: ‘/proc/1708/task/1708/fdinfo’: Permission denied
find: ‘/proc/1708/task/1708/ns’: Permission denied
find: ‘/proc/1708/task/1709/fd’: Permission denied
find: ‘/proc/1708/task/1709/fdinfo’: Permission denied
find: ‘/proc/1708/task/1709/ns’: Permission denied
find: ‘/proc/1708/task/1710/fd’: Permission denied
find: ‘/proc/1708/task/1710/fdinfo’: Permission denied
find: ‘/proc/1708/task/1710/ns’: Permission denied
find: ‘/proc/1708/task/1711/fd’: Permission denied
find: ‘/proc/1708/task/1711/fdinfo’: Permission denied
find: ‘/proc/1708/task/1711/ns’: Permission denied
find: ‘/proc/1708/task/1712/fd’: Permission denied
find: ‘/proc/1708/task/1712/fdinfo’: Permission denied
find: ‘/proc/1708/task/1712/ns’: Permission denied
find: ‘/proc/1708/fd’: Permission denied
find: ‘/proc/1708/map_files’: Permission denied
find: ‘/proc/1708/fdinfo’: Permission denied
find: ‘/proc/1708/ns’: Permission denied
find: ‘/proc/1715/task/1715/fd’: Permission denied
find: ‘/proc/1715/task/1715/fdinfo’: Permission denied
find: ‘/proc/1715/task/1715/ns’: Permission denied
find: ‘/proc/1715/task/1716/fd’: Permission denied
find: ‘/proc/1715/task/1716/fdinfo’: Permission denied
find: ‘/proc/1715/task/1716/ns’: Permission denied
find: ‘/proc/1715/task/1717/fd’: Permission denied
find: ‘/proc/1715/task/1717/fdinfo’: Permission denied
find: ‘/proc/1715/task/1717/ns’: Permission denied
find: ‘/proc/1715/task/1719/fd’: Permission denied
find: ‘/proc/1715/task/1719/fdinfo’: Permission denied
find: ‘/proc/1715/task/1719/ns’: Permission denied
find: ‘/proc/1715/fd’: Permission denied
find: ‘/proc/1715/map_files’: Permission denied
find: ‘/proc/1715/fdinfo’: Permission denied
find: ‘/proc/1715/ns’: Permission denied
find: ‘/proc/1720/task/1720/fd’: Permission denied
find: ‘/proc/1720/task/1720/fdinfo’: Permission denied
find: ‘/proc/1720/task/1720/ns’: Permission denied
find: ‘/proc/1720/fd’: Permission denied
find: ‘/proc/1720/map_files’: Permission denied
find: ‘/proc/1720/fdinfo’: Permission denied
find: ‘/proc/1720/ns’: Permission denied
find: ‘/proc/1722/task/1722/fd’: Permission denied
find: ‘/proc/1722/task/1722/fdinfo’: Permission denied
find: ‘/proc/1722/task/1722/ns’: Permission denied
find: ‘/proc/1722/task/1723/fd’: Permission denied
find: ‘/proc/1722/task/1723/fdinfo’: Permission denied
find: ‘/proc/1722/task/1723/ns’: Permission denied
find: ‘/proc/1722/task/1724/fd’: Permission denied
find: ‘/proc/1722/task/1724/fdinfo’: Permission denied
find: ‘/proc/1722/task/1724/ns’: Permission denied
find: ‘/proc/1722/fd’: Permission denied
find: ‘/proc/1722/map_files’: Permission denied
find: ‘/proc/1722/fdinfo’: Permission denied
find: ‘/proc/1722/ns’: Permission denied
find: ‘/proc/1726/task/1726/fd’: Permission denied
find: ‘/proc/1726/task/1726/fdinfo’: Permission denied
find: ‘/proc/1726/task/1726/ns’: Permission denied
find: ‘/proc/1726/task/1730/fd’: Permission denied
find: ‘/proc/1726/task/1730/fdinfo’: Permission denied
find: ‘/proc/1726/task/1730/ns’: Permission denied
find: ‘/proc/1726/task/1731/fd’: Permission denied
find: ‘/proc/1726/task/1731/fdinfo’: Permission denied
find: ‘/proc/1726/task/1731/ns’: Permission denied
find: ‘/proc/1726/fd’: Permission denied
find: ‘/proc/1726/map_files’: Permission denied
find: ‘/proc/1726/fdinfo’: Permission denied
find: ‘/proc/1726/ns’: Permission denied
find: ‘/proc/1727/task/1727/fd’: Permission denied
find: ‘/proc/1727/task/1727/fdinfo’: Permission denied
find: ‘/proc/1727/task/1727/ns’: Permission denied
find: ‘/proc/1727/task/1728/fd’: Permission denied
find: ‘/proc/1727/task/1728/fdinfo’: Permission denied
find: ‘/proc/1727/task/1728/ns’: Permission denied
find: ‘/proc/1727/task/1729/fd’: Permission denied
find: ‘/proc/1727/task/1729/fdinfo’: Permission denied
find: ‘/proc/1727/task/1729/ns’: Permission denied
find: ‘/proc/1727/fd’: Permission denied
find: ‘/proc/1727/map_files’: Permission denied
find: ‘/proc/1727/fdinfo’: Permission denied
find: ‘/proc/1727/ns’: Permission denied
find: ‘/proc/1741/task/1741/fd’: Permission denied
find: ‘/proc/1741/task/1741/fdinfo’: Permission denied
find: ‘/proc/1741/task/1741/ns’: Permission denied
find: ‘/proc/1741/task/1742/fd’: Permission denied
find: ‘/proc/1741/task/1742/fdinfo’: Permission denied
find: ‘/proc/1741/task/1742/ns’: Permission denied
find: ‘/proc/1741/task/1747/fd’: Permission denied
find: ‘/proc/1741/task/1747/fdinfo’: Permission denied
find: ‘/proc/1741/task/1747/ns’: Permission denied
find: ‘/proc/1741/fd’: Permission denied
find: ‘/proc/1741/map_files’: Permission denied
find: ‘/proc/1741/fdinfo’: Permission denied
find: ‘/proc/1741/ns’: Permission denied
find: ‘/proc/1744/task/1744/fd’: Permission denied
find: ‘/proc/1744/task/1744/fdinfo’: Permission denied
find: ‘/proc/1744/task/1744/ns’: Permission denied
find: ‘/proc/1744/task/1754/fd’: Permission denied
find: ‘/proc/1744/task/1754/fdinfo’: Permission denied
find: ‘/proc/1744/task/1754/ns’: Permission denied
find: ‘/proc/1744/task/1755/fd’: Permission denied
find: ‘/proc/1744/task/1755/fdinfo’: Permission denied
find: ‘/proc/1744/task/1755/ns’: Permission denied
find: ‘/proc/1744/task/1756/fd’: Permission denied
find: ‘/proc/1744/task/1756/fdinfo’: Permission denied
find: ‘/proc/1744/task/1756/ns’: Permission denied
find: ‘/proc/1744/fd’: Permission denied
find: ‘/proc/1744/map_files’: Permission denied
find: ‘/proc/1744/fdinfo’: Permission denied
find: ‘/proc/1744/ns’: Permission denied
find: ‘/proc/1746/task/1746/fd’: Permission denied
find: ‘/proc/1746/task/1746/fdinfo’: Permission denied
find: ‘/proc/1746/task/1746/ns’: Permission denied
find: ‘/proc/1746/task/1829/fd’: Permission denied
find: ‘/proc/1746/task/1829/fdinfo’: Permission denied
find: ‘/proc/1746/task/1829/ns’: Permission denied
find: ‘/proc/1746/task/1830/fd’: Permission denied
find: ‘/proc/1746/task/1830/fdinfo’: Permission denied
find: ‘/proc/1746/task/1830/ns’: Permission denied
find: ‘/proc/1746/fd’: Permission denied
find: ‘/proc/1746/map_files’: Permission denied
find: ‘/proc/1746/fdinfo’: Permission denied
find: ‘/proc/1746/ns’: Permission denied
find: ‘/proc/1749/task/1749/fd’: Permission denied
find: ‘/proc/1749/task/1749/fdinfo’: Permission denied
find: ‘/proc/1749/task/1749/ns’: Permission denied
find: ‘/proc/1749/task/1750/fd’: Permission denied
find: ‘/proc/1749/task/1750/fdinfo’: Permission denied
find: ‘/proc/1749/task/1750/ns’: Permission denied
find: ‘/proc/1749/task/1752/fd’: Permission denied
find: ‘/proc/1749/task/1752/fdinfo’: Permission denied
find: ‘/proc/1749/task/1752/ns’: Permission denied
find: ‘/proc/1749/fd’: Permission denied
find: ‘/proc/1749/map_files’: Permission denied
find: ‘/proc/1749/fdinfo’: Permission denied
find: ‘/proc/1749/ns’: Permission denied
find: ‘/proc/1761/task/1761/fd’: Permission denied
find: ‘/proc/1761/task/1761/fdinfo’: Permission denied
find: ‘/proc/1761/task/1761/ns’: Permission denied
find: ‘/proc/1761/task/1766/fd’: Permission denied
find: ‘/proc/1761/task/1766/fdinfo’: Permission denied
find: ‘/proc/1761/task/1766/ns’: Permission denied
find: ‘/proc/1761/task/1768/fd’: Permission denied
find: ‘/proc/1761/task/1768/fdinfo’: Permission denied
find: ‘/proc/1761/task/1768/ns’: Permission denied
find: ‘/proc/1761/fd’: Permission denied
find: ‘/proc/1761/map_files’: Permission denied
find: ‘/proc/1761/fdinfo’: Permission denied
find: ‘/proc/1761/ns’: Permission denied
find: ‘/proc/1762/task/1762/fd’: Permission denied
find: ‘/proc/1762/task/1762/fdinfo’: Permission denied
find: ‘/proc/1762/task/1762/ns’: Permission denied
find: ‘/proc/1762/task/1786/fd’: Permission denied
find: ‘/proc/1762/task/1786/fdinfo’: Permission denied
find: ‘/proc/1762/task/1786/ns’: Permission denied
find: ‘/proc/1762/task/1788/fd’: Permission denied
find: ‘/proc/1762/task/1788/fdinfo’: Permission denied
find: ‘/proc/1762/task/1788/ns’: Permission denied
find: ‘/proc/1762/fd’: Permission denied
find: ‘/proc/1762/map_files’: Permission denied
find: ‘/proc/1762/fdinfo’: Permission denied
find: ‘/proc/1762/ns’: Permission denied
find: ‘/proc/1763/task/1763/fd’: Permission denied
find: ‘/proc/1763/task/1763/fdinfo’: Permission denied
find: ‘/proc/1763/task/1763/ns’: Permission denied
find: ‘/proc/1763/task/1831/fd’: Permission denied
find: ‘/proc/1763/task/1831/fdinfo’: Permission denied
find: ‘/proc/1763/task/1831/ns’: Permission denied
find: ‘/proc/1763/task/1832/fd’: Permission denied
find: ‘/proc/1763/task/1832/fdinfo’: Permission denied
find: ‘/proc/1763/task/1832/ns’: Permission denied
find: ‘/proc/1763/task/1837/fd’: Permission denied
find: ‘/proc/1763/task/1837/fdinfo’: Permission denied
find: ‘/proc/1763/task/1837/ns’: Permission denied
find: ‘/proc/1763/fd’: Permission denied
find: ‘/proc/1763/map_files’: Permission denied
find: ‘/proc/1763/fdinfo’: Permission denied
find: ‘/proc/1763/ns’: Permission denied
find: ‘/proc/1764/task/1764/fd’: Permission denied
find: ‘/proc/1764/task/1764/fdinfo’: Permission denied
find: ‘/proc/1764/task/1764/ns’: Permission denied
find: ‘/proc/1764/task/1770/fd’: Permission denied
find: ‘/proc/1764/task/1770/fdinfo’: Permission denied
find: ‘/proc/1764/task/1770/ns’: Permission denied
find: ‘/proc/1764/task/1771/fd’: Permission denied
find: ‘/proc/1764/task/1771/fdinfo’: Permission denied
find: ‘/proc/1764/task/1771/ns’: Permission denied
find: ‘/proc/1764/task/1809/fd’: Permission denied
find: ‘/proc/1764/task/1809/fdinfo’: Permission denied
find: ‘/proc/1764/task/1809/ns’: Permission denied
find: ‘/proc/1764/fd’: Permission denied
find: ‘/proc/1764/map_files’: Permission denied
find: ‘/proc/1764/fdinfo’: Permission denied
find: ‘/proc/1764/ns’: Permission denied
find: ‘/proc/1769/task/1769/fd’: Permission denied
find: ‘/proc/1769/task/1769/fdinfo’: Permission denied
find: ‘/proc/1769/task/1769/ns’: Permission denied
find: ‘/proc/1769/task/1840/fd’: Permission denied
find: ‘/proc/1769/task/1840/fdinfo’: Permission denied
find: ‘/proc/1769/task/1840/ns’: Permission denied
find: ‘/proc/1769/task/1844/fd’: Permission denied
find: ‘/proc/1769/task/1844/fdinfo’: Permission denied
find: ‘/proc/1769/task/1844/ns’: Permission denied
find: ‘/proc/1769/fd’: Permission denied
find: ‘/proc/1769/map_files’: Permission denied
find: ‘/proc/1769/fdinfo’: Permission denied
find: ‘/proc/1769/ns’: Permission denied
find: ‘/proc/1772/task/1772/fd’: Permission denied
find: ‘/proc/1772/task/1772/fdinfo’: Permission denied
find: ‘/proc/1772/task/1772/ns’: Permission denied
find: ‘/proc/1772/task/1841/fd’: Permission denied
find: ‘/proc/1772/task/1841/fdinfo’: Permission denied
find: ‘/proc/1772/task/1841/ns’: Permission denied
find: ‘/proc/1772/task/1842/fd’: Permission denied
find: ‘/proc/1772/task/1842/fdinfo’: Permission denied
find: ‘/proc/1772/task/1842/ns’: Permission denied
find: ‘/proc/1772/task/1845/fd’: Permission denied
find: ‘/proc/1772/task/1845/fdinfo’: Permission denied
find: ‘/proc/1772/task/1845/ns’: Permission denied
find: ‘/proc/1772/fd’: Permission denied
find: ‘/proc/1772/map_files’: Permission denied
find: ‘/proc/1772/fdinfo’: Permission denied
find: ‘/proc/1772/ns’: Permission denied
find: ‘/proc/1773/task/1773/fd’: Permission denied
find: ‘/proc/1773/task/1773/fdinfo’: Permission denied
find: ‘/proc/1773/task/1773/ns’: Permission denied
find: ‘/proc/1773/task/1814/fd’: Permission denied
find: ‘/proc/1773/task/1814/fdinfo’: Permission denied
find: ‘/proc/1773/task/1814/ns’: Permission denied
find: ‘/proc/1773/task/1815/fd’: Permission denied
find: ‘/proc/1773/task/1815/fdinfo’: Permission denied
find: ‘/proc/1773/task/1815/ns’: Permission denied
find: ‘/proc/1773/fd’: Permission denied
find: ‘/proc/1773/map_files’: Permission denied
find: ‘/proc/1773/fdinfo’: Permission denied
find: ‘/proc/1773/ns’: Permission denied
find: ‘/proc/1774/task/1774/fd’: Permission denied
find: ‘/proc/1774/task/1774/fdinfo’: Permission denied
find: ‘/proc/1774/task/1774/ns’: Permission denied
find: ‘/proc/1774/task/1776/fd’: Permission denied
find: ‘/proc/1774/task/1776/fdinfo’: Permission denied
find: ‘/proc/1774/task/1776/ns’: Permission denied
find: ‘/proc/1774/task/1779/fd’: Permission denied
find: ‘/proc/1774/task/1779/fdinfo’: Permission denied
find: ‘/proc/1774/task/1779/ns’: Permission denied
find: ‘/proc/1774/fd’: Permission denied
find: ‘/proc/1774/map_files’: Permission denied
find: ‘/proc/1774/fdinfo’: Permission denied
find: ‘/proc/1774/ns’: Permission denied
find: ‘/proc/1775/task/1775/fd’: Permission denied
find: ‘/proc/1775/task/1775/fdinfo’: Permission denied
find: ‘/proc/1775/task/1775/ns’: Permission denied
find: ‘/proc/1775/task/1838/fd’: Permission denied
find: ‘/proc/1775/task/1838/fdinfo’: Permission denied
find: ‘/proc/1775/task/1838/ns’: Permission denied
find: ‘/proc/1775/task/1839/fd’: Permission denied
find: ‘/proc/1775/task/1839/fdinfo’: Permission denied
find: ‘/proc/1775/task/1839/ns’: Permission denied
find: ‘/proc/1775/task/1843/fd’: Permission denied
find: ‘/proc/1775/task/1843/fdinfo’: Permission denied
find: ‘/proc/1775/task/1843/ns’: Permission denied
find: ‘/proc/1775/fd’: Permission denied
find: ‘/proc/1775/map_files’: Permission denied
find: ‘/proc/1775/fdinfo’: Permission denied
find: ‘/proc/1775/ns’: Permission denied
find: ‘/proc/1777/task/1777/fd’: Permission denied
find: ‘/proc/1777/task/1777/fdinfo’: Permission denied
find: ‘/proc/1777/task/1777/ns’: Permission denied
find: ‘/proc/1777/task/1823/fd’: Permission denied
find: ‘/proc/1777/task/1823/fdinfo’: Permission denied
find: ‘/proc/1777/task/1823/ns’: Permission denied
find: ‘/proc/1777/task/1824/fd’: Permission denied
find: ‘/proc/1777/task/1824/fdinfo’: Permission denied
find: ‘/proc/1777/task/1824/ns’: Permission denied
find: ‘/proc/1777/task/1854/fd’: Permission denied
find: ‘/proc/1777/task/1854/fdinfo’: Permission denied
find: ‘/proc/1777/task/1854/ns’: Permission denied
find: ‘/proc/1777/fd’: Permission denied
find: ‘/proc/1777/map_files’: Permission denied
find: ‘/proc/1777/fdinfo’: Permission denied
find: ‘/proc/1777/ns’: Permission denied
find: ‘/proc/1780/task/1780/fd’: Permission denied
find: ‘/proc/1780/task/1780/fdinfo’: Permission denied
find: ‘/proc/1780/task/1780/ns’: Permission denied
find: ‘/proc/1780/task/1782/fd’: Permission denied
find: ‘/proc/1780/task/1782/fdinfo’: Permission denied
find: ‘/proc/1780/task/1782/ns’: Permission denied
find: ‘/proc/1780/task/1783/fd’: Permission denied
find: ‘/proc/1780/task/1783/fdinfo’: Permission denied
find: ‘/proc/1780/task/1783/ns’: Permission denied
find: ‘/proc/1780/fd’: Permission denied
find: ‘/proc/1780/map_files’: Permission denied
find: ‘/proc/1780/fdinfo’: Permission denied
find: ‘/proc/1780/ns’: Permission denied
find: ‘/proc/1781/task/1781/fd’: Permission denied
find: ‘/proc/1781/task/1781/fdinfo’: Permission denied
find: ‘/proc/1781/task/1781/ns’: Permission denied
find: ‘/proc/1781/task/1833/fd’: Permission denied
find: ‘/proc/1781/task/1833/fdinfo’: Permission denied
find: ‘/proc/1781/task/1833/ns’: Permission denied
find: ‘/proc/1781/task/1835/fd’: Permission denied
find: ‘/proc/1781/task/1835/fdinfo’: Permission denied
find: ‘/proc/1781/task/1835/ns’: Permission denied
find: ‘/proc/1781/task/1853/fd’: Permission denied
find: ‘/proc/1781/task/1853/fdinfo’: Permission denied
find: ‘/proc/1781/task/1853/ns’: Permission denied
find: ‘/proc/1781/fd’: Permission denied
find: ‘/proc/1781/map_files’: Permission denied
find: ‘/proc/1781/fdinfo’: Permission denied
find: ‘/proc/1781/ns’: Permission denied
find: ‘/proc/1784/task/1784/fd’: Permission denied
find: ‘/proc/1784/task/1784/fdinfo’: Permission denied
find: ‘/proc/1784/task/1784/ns’: Permission denied
find: ‘/proc/1784/task/1792/fd’: Permission denied
find: ‘/proc/1784/task/1792/fdinfo’: Permission denied
find: ‘/proc/1784/task/1792/ns’: Permission denied
find: ‘/proc/1784/task/1793/fd’: Permission denied
find: ‘/proc/1784/task/1793/fdinfo’: Permission denied
find: ‘/proc/1784/task/1793/ns’: Permission denied
find: ‘/proc/1784/fd’: Permission denied
find: ‘/proc/1784/map_files’: Permission denied
find: ‘/proc/1784/fdinfo’: Permission denied
find: ‘/proc/1784/ns’: Permission denied
find: ‘/proc/1785/task/1785/fd’: Permission denied
find: ‘/proc/1785/task/1785/fdinfo’: Permission denied
find: ‘/proc/1785/task/1785/ns’: Permission denied
find: ‘/proc/1785/task/1789/fd’: Permission denied
find: ‘/proc/1785/task/1789/fdinfo’: Permission denied
find: ‘/proc/1785/task/1789/ns’: Permission denied
find: ‘/proc/1785/task/1790/fd’: Permission denied
find: ‘/proc/1785/task/1790/fdinfo’: Permission denied
find: ‘/proc/1785/task/1790/ns’: Permission denied
find: ‘/proc/1785/fd’: Permission denied
find: ‘/proc/1785/map_files’: Permission denied
find: ‘/proc/1785/fdinfo’: Permission denied
find: ‘/proc/1785/ns’: Permission denied
find: ‘/proc/1787/task/1787/fd’: Permission denied
find: ‘/proc/1787/task/1787/fdinfo’: Permission denied
find: ‘/proc/1787/task/1787/ns’: Permission denied
find: ‘/proc/1787/task/1795/fd’: Permission denied
find: ‘/proc/1787/task/1795/fdinfo’: Permission denied
find: ‘/proc/1787/task/1795/ns’: Permission denied
find: ‘/proc/1787/task/1797/fd’: Permission denied
find: ‘/proc/1787/task/1797/fdinfo’: Permission denied
find: ‘/proc/1787/task/1797/ns’: Permission denied
find: ‘/proc/1787/fd’: Permission denied
find: ‘/proc/1787/map_files’: Permission denied
find: ‘/proc/1787/fdinfo’: Permission denied
find: ‘/proc/1787/ns’: Permission denied
find: ‘/proc/1794/task/1794/fd’: Permission denied
find: ‘/proc/1794/task/1794/fdinfo’: Permission denied
find: ‘/proc/1794/task/1794/ns’: Permission denied
find: ‘/proc/1794/task/1802/fd’: Permission denied
find: ‘/proc/1794/task/1802/fdinfo’: Permission denied
find: ‘/proc/1794/task/1802/ns’: Permission denied
find: ‘/proc/1794/task/1803/fd’: Permission denied
find: ‘/proc/1794/task/1803/fdinfo’: Permission denied
find: ‘/proc/1794/task/1803/ns’: Permission denied
find: ‘/proc/1794/task/1804/fd’: Permission denied
find: ‘/proc/1794/task/1804/fdinfo’: Permission denied
find: ‘/proc/1794/task/1804/ns’: Permission denied
find: ‘/proc/1794/fd’: Permission denied
find: ‘/proc/1794/map_files’: Permission denied
find: ‘/proc/1794/fdinfo’: Permission denied
find: ‘/proc/1794/ns’: Permission denied
find: ‘/proc/1798/task/1798/fd’: Permission denied
find: ‘/proc/1798/task/1798/fdinfo’: Permission denied
find: ‘/proc/1798/task/1798/ns’: Permission denied
find: ‘/proc/1798/task/1800/fd’: Permission denied
find: ‘/proc/1798/task/1800/fdinfo’: Permission denied
find: ‘/proc/1798/task/1800/ns’: Permission denied
find: ‘/proc/1798/task/1801/fd’: Permission denied
find: ‘/proc/1798/task/1801/fdinfo’: Permission denied
find: ‘/proc/1798/task/1801/ns’: Permission denied
find: ‘/proc/1798/task/1810/fd’: Permission denied
find: ‘/proc/1798/task/1810/fdinfo’: Permission denied
find: ‘/proc/1798/task/1810/ns’: Permission denied
find: ‘/proc/1798/task/1811/fd’: Permission denied
find: ‘/proc/1798/task/1811/fdinfo’: Permission denied
find: ‘/proc/1798/task/1811/ns’: Permission denied
find: ‘/proc/1798/fd’: Permission denied
find: ‘/proc/1798/map_files’: Permission denied
find: ‘/proc/1798/fdinfo’: Permission denied
find: ‘/proc/1798/ns’: Permission denied
find: ‘/proc/1799/task/1799/fd’: Permission denied
find: ‘/proc/1799/task/1799/fdinfo’: Permission denied
find: ‘/proc/1799/task/1799/ns’: Permission denied
find: ‘/proc/1799/task/1807/fd’: Permission denied
find: ‘/proc/1799/task/1807/fdinfo’: Permission denied
find: ‘/proc/1799/task/1807/ns’: Permission denied
find: ‘/proc/1799/task/1808/fd’: Permission denied
find: ‘/proc/1799/task/1808/fdinfo’: Permission denied
find: ‘/proc/1799/task/1808/ns’: Permission denied
find: ‘/proc/1799/task/1812/fd’: Permission denied
find: ‘/proc/1799/task/1812/fdinfo’: Permission denied
find: ‘/proc/1799/task/1812/ns’: Permission denied
find: ‘/proc/1799/fd’: Permission denied
find: ‘/proc/1799/map_files’: Permission denied
find: ‘/proc/1799/fdinfo’: Permission denied
find: ‘/proc/1799/ns’: Permission denied
find: ‘/proc/1805/task/1805/fd’: Permission denied
find: ‘/proc/1805/task/1805/fdinfo’: Permission denied
find: ‘/proc/1805/task/1805/ns’: Permission denied
find: ‘/proc/1805/task/1825/fd’: Permission denied
find: ‘/proc/1805/task/1825/fdinfo’: Permission denied
find: ‘/proc/1805/task/1825/ns’: Permission denied
find: ‘/proc/1805/task/1826/fd’: Permission denied
find: ‘/proc/1805/task/1826/fdinfo’: Permission denied
find: ‘/proc/1805/task/1826/ns’: Permission denied
find: ‘/proc/1805/fd’: Permission denied
find: ‘/proc/1805/map_files’: Permission denied
find: ‘/proc/1805/fdinfo’: Permission denied
find: ‘/proc/1805/ns’: Permission denied
find: ‘/proc/1818/task/1818/fd’: Permission denied
find: ‘/proc/1818/task/1818/fdinfo’: Permission denied
find: ‘/proc/1818/task/1818/ns’: Permission denied
find: ‘/proc/1818/task/1819/fd’: Permission denied
find: ‘/proc/1818/task/1819/fdinfo’: Permission denied
find: ‘/proc/1818/task/1819/ns’: Permission denied
find: ‘/proc/1818/task/1820/fd’: Permission denied
find: ‘/proc/1818/task/1820/fdinfo’: Permission denied
find: ‘/proc/1818/task/1820/ns’: Permission denied
find: ‘/proc/1818/fd’: Permission denied
find: ‘/proc/1818/map_files’: Permission denied
find: ‘/proc/1818/fdinfo’: Permission denied
find: ‘/proc/1818/ns’: Permission denied
find: ‘/proc/1851/task/1851/fd’: Permission denied
find: ‘/proc/1851/task/1851/fdinfo’: Permission denied
find: ‘/proc/1851/task/1851/ns’: Permission denied
find: ‘/proc/1851/task/1858/fd’: Permission denied
find: ‘/proc/1851/task/1858/fdinfo’: Permission denied
find: ‘/proc/1851/task/1858/ns’: Permission denied
find: ‘/proc/1851/task/1860/fd’: Permission denied
find: ‘/proc/1851/task/1860/fdinfo’: Permission denied
find: ‘/proc/1851/task/1860/ns’: Permission denied
find: ‘/proc/1851/fd’: Permission denied
find: ‘/proc/1851/map_files’: Permission denied
find: ‘/proc/1851/fdinfo’: Permission denied
find: ‘/proc/1851/ns’: Permission denied
find: ‘/proc/1877/task/1877/fd’: Permission denied
find: ‘/proc/1877/task/1877/fdinfo’: Permission denied
find: ‘/proc/1877/task/1877/ns’: Permission denied
find: ‘/proc/1877/task/1878/fd’: Permission denied
find: ‘/proc/1877/task/1878/fdinfo’: Permission denied
find: ‘/proc/1877/task/1878/ns’: Permission denied
find: ‘/proc/1877/task/1879/fd’: Permission denied
find: ‘/proc/1877/task/1879/fdinfo’: Permission denied
find: ‘/proc/1877/task/1879/ns’: Permission denied
find: ‘/proc/1877/fd’: Permission denied
find: ‘/proc/1877/map_files’: Permission denied
find: ‘/proc/1877/fdinfo’: Permission denied
find: ‘/proc/1877/ns’: Permission denied
find: ‘/proc/1888/task/1888/fd’: Permission denied
find: ‘/proc/1888/task/1888/fdinfo’: Permission denied
find: ‘/proc/1888/task/1888/ns’: Permission denied
find: ‘/proc/1888/fd’: Permission denied
find: ‘/proc/1888/map_files’: Permission denied
find: ‘/proc/1888/fdinfo’: Permission denied
find: ‘/proc/1888/ns’: Permission denied
find: ‘/proc/1901/task/1901/fd’: Permission denied
find: ‘/proc/1901/task/1901/fdinfo’: Permission denied
find: ‘/proc/1901/task/1901/ns’: Permission denied
find: ‘/proc/1901/task/1902/fd’: Permission denied
find: ‘/proc/1901/task/1902/fdinfo’: Permission denied
find: ‘/proc/1901/task/1902/ns’: Permission denied
find: ‘/proc/1901/task/1903/fd’: Permission denied
find: ‘/proc/1901/task/1903/fdinfo’: Permission denied
find: ‘/proc/1901/task/1903/ns’: Permission denied
find: ‘/proc/1901/task/2044/fd’: Permission denied
find: ‘/proc/1901/task/2044/fdinfo’: Permission denied
find: ‘/proc/1901/task/2044/ns’: Permission denied
find: ‘/proc/1901/fd’: Permission denied
find: ‘/proc/1901/map_files’: Permission denied
find: ‘/proc/1901/fdinfo’: Permission denied
find: ‘/proc/1901/ns’: Permission denied
find: ‘/proc/2007/task/2007/fd’: Permission denied
find: ‘/proc/2007/task/2007/fdinfo’: Permission denied
find: ‘/proc/2007/task/2007/ns’: Permission denied
find: ‘/proc/2007/fd’: Permission denied
find: ‘/proc/2007/map_files’: Permission denied
find: ‘/proc/2007/fdinfo’: Permission denied
find: ‘/proc/2007/ns’: Permission denied
find: ‘/proc/2342/task/2342/fd’: Permission denied
find: ‘/proc/2342/task/2342/fdinfo’: Permission denied
find: ‘/proc/2342/task/2342/ns’: Permission denied
find: ‘/proc/2342/task/2344/fd’: Permission denied
find: ‘/proc/2342/task/2344/fdinfo’: Permission denied
find: ‘/proc/2342/task/2344/ns’: Permission denied
find: ‘/proc/2342/task/2345/fd’: Permission denied
find: ‘/proc/2342/task/2345/fdinfo’: Permission denied
find: ‘/proc/2342/task/2345/ns’: Permission denied
find: ‘/proc/2342/task/2346/fd’: Permission denied
find: ‘/proc/2342/task/2346/fdinfo’: Permission denied
find: ‘/proc/2342/task/2346/ns’: Permission denied
find: ‘/proc/2342/task/2347/fd’: Permission denied
find: ‘/proc/2342/task/2347/fdinfo’: Permission denied
find: ‘/proc/2342/task/2347/ns’: Permission denied
find: ‘/proc/2342/fd’: Permission denied
find: ‘/proc/2342/map_files’: Permission denied
find: ‘/proc/2342/fdinfo’: Permission denied
find: ‘/proc/2342/ns’: Permission denied
find: ‘/proc/2772/task/2772/fd’: Permission denied
find: ‘/proc/2772/task/2772/fdinfo’: Permission denied
find: ‘/proc/2772/task/2772/ns’: Permission denied
find: ‘/proc/2772/fd’: Permission denied
find: ‘/proc/2772/map_files’: Permission denied
find: ‘/proc/2772/fdinfo’: Permission denied
find: ‘/proc/2772/ns’: Permission denied
find: ‘/proc/2773/task/2773/fd’: Permission denied
find: ‘/proc/2773/task/2773/fdinfo’: Permission denied
find: ‘/proc/2773/task/2773/ns’: Permission denied
find: ‘/proc/2773/task/2775/fd’: Permission denied
find: ‘/proc/2773/task/2775/fdinfo’: Permission denied
find: ‘/proc/2773/task/2775/ns’: Permission denied
find: ‘/proc/2773/task/2776/fd’: Permission denied
find: ‘/proc/2773/task/2776/fdinfo’: Permission denied
find: ‘/proc/2773/task/2776/ns’: Permission denied
find: ‘/proc/2773/fd’: Permission denied
find: ‘/proc/2773/map_files’: Permission denied
find: ‘/proc/2773/fdinfo’: Permission denied
find: ‘/proc/2773/ns’: Permission denied
find: ‘/proc/2862/task/2862/fd’: Permission denied
find: ‘/proc/2862/task/2862/fdinfo’: Permission denied
find: ‘/proc/2862/task/2862/ns’: Permission denied
find: ‘/proc/2862/fd’: Permission denied
find: ‘/proc/2862/map_files’: Permission denied
find: ‘/proc/2862/fdinfo’: Permission denied
find: ‘/proc/2862/ns’: Permission denied
find: ‘/proc/2938/task/2938/fd’: Permission denied
find: ‘/proc/2938/task/2938/fdinfo’: Permission denied
find: ‘/proc/2938/task/2938/ns’: Permission denied
find: ‘/proc/2938/fd’: Permission denied
find: ‘/proc/2938/map_files’: Permission denied
find: ‘/proc/2938/fdinfo’: Permission denied
find: ‘/proc/2938/ns’: Permission denied
find: ‘/proc/3149/task/3149/fd’: Permission denied
find: ‘/proc/3149/task/3149/fdinfo’: Permission denied
find: ‘/proc/3149/task/3149/ns’: Permission denied
find: ‘/proc/3149/fd’: Permission denied
find: ‘/proc/3149/map_files’: Permission denied
find: ‘/proc/3149/fdinfo’: Permission denied
find: ‘/proc/3149/ns’: Permission denied
find: ‘/proc/3172/task/3172/fd’: Permission denied
find: ‘/proc/3172/task/3172/fdinfo’: Permission denied
find: ‘/proc/3172/task/3172/ns’: Permission denied
find: ‘/proc/3172/fd’: Permission denied
find: ‘/proc/3172/map_files’: Permission denied
find: ‘/proc/3172/fdinfo’: Permission denied
find: ‘/proc/3172/ns’: Permission denied
find: ‘/proc/3224/task/3224/fd’: Permission denied
find: ‘/proc/3224/task/3224/fdinfo’: Permission denied
find: ‘/proc/3224/task/3224/ns’: Permission denied
find: ‘/proc/3224/fd’: Permission denied
find: ‘/proc/3224/map_files’: Permission denied
find: ‘/proc/3224/fdinfo’: Permission denied
find: ‘/proc/3224/ns’: Permission denied
find: ‘/proc/3294/task/3294/fd’: Permission denied
find: ‘/proc/3294/task/3294/fdinfo’: Permission denied
find: ‘/proc/3294/task/3294/ns’: Permission denied
find: ‘/proc/3294/fd’: Permission denied
find: ‘/proc/3294/map_files’: Permission denied
find: ‘/proc/3294/fdinfo’: Permission denied
find: ‘/proc/3294/ns’: Permission denied
find: ‘/proc/3300/task/3300/fd’: Permission denied
find: ‘/proc/3300/task/3300/fdinfo’: Permission denied
find: ‘/proc/3300/task/3300/ns’: Permission denied
find: ‘/proc/3300/fd’: Permission denied
find: ‘/proc/3300/map_files’: Permission denied
find: ‘/proc/3300/fdinfo’: Permission denied
find: ‘/proc/3300/ns’: Permission denied
find: ‘/run/gdm3’: Permission denied
find: ‘/run/udisks2’: Permission denied
find: ‘/run/cups/certs’: Permission denied
find: ‘/run/user/120’: Permission denied
find: ‘/run/sudo’: Permission denied
find: ‘/run/systemd/unit-root’: Permission denied
find: ‘/run/systemd/resolve/netif’: Permission denied
find: ‘/run/systemd/inaccessible’: Permission denied
find: ‘/opt/lampp/var/mysql/my_db’: Permission denied
find: ‘/opt/lampp/var/mysql/performance_schema’: Permission denied
find: ‘/opt/lampp/var/mysql/myuser’: Permission denied
find: ‘/opt/lampp/var/mysql/mysql’: Permission denied
find: ‘/opt/lampp/var/mysql/reg’: Permission denied
find: ‘/opt/lampp/var/mysql/student’: Permission denied
find: ‘/opt/lampp/var/mysql/stud’: Permission denied
find: ‘/opt/lampp/var/mysql/erect’: Permission denied
find: ‘/opt/lampp/var/mysql/test’: Permission denied
find: ‘/opt/lampp/var/mysql/books’: Permission denied
find: ‘/opt/lampp/var/mysql/Arya’: Permission denied
find: ‘/opt/lampp/var/mysql/phpmyadmin’: Permission denied
find: ‘/opt/lampp/var/mysql/user’: Permission denied
find: ‘/opt/lampp/phpmyadmin/tmp/twig’: Permission denied
find: ‘/sys/kernel/debug’: Permission denied
find: ‘/sys/fs/pstore’: Permission denied
find: ‘/home/mca/.ssh’: Permission denied
find: ‘/home/mca/.java/.userPrefs’: Permission denied
find: ‘/home/mca/.cache’: Permission denied
find: ‘/home/mca/.dbus’: Permission denied
find: ‘/home/mca/.config’: Permission denied
find: ‘/home/mca/.mozilla’: Permission denied
find: ‘/home/mca/.gnupg’: Permission denied
find: ‘/home/mca/.local’: Permission denied
/home/student/ajce/mca/copy/merge/file1.txt
/home/student/ajce/mca/copy/file1.txt
find: ‘/home/android/.ssh’: Permission denied
find: ‘/home/android/AndroidStudioProjects/mark/app/build/generated/source/r/debug/com’: Permission denied
find: ‘/home/android/AndroidStudioProjects/calculator/app/build/generated/source/r/debug/com’: Permission denied
find: ‘/home/android/AndroidStudioProjects/MyApplication4/app/build/generated/source/r/release/com’: Permission denied
find: ‘/home/android/AndroidStudioProjects/MyApplication4/app/build/generated/source/r/debug/com’: Permission denied
find: ‘/home/android/AndroidStudioProjects/AddNumbers/app/build/generated/source/r/debug/com’: Permission denied
find: ‘/home/android/AndroidStudioProjects/buttonclick/app/build/generated/source/r/debug/com’: Permission denied
find: ‘/home/android/AndroidStudioProjects/Sample/app/build/generated/source/r/debug/com’: Permission denied
find: ‘/home/android/AndroidStudioProjects/alert/app/build/generated/source/r/debug/com’: Permission denied
find: ‘/home/android/AndroidStudioProjects/Dani/app/build/generated/source/r/debug/com’: Permission denied
find: ‘/home/android/AndroidStudioProjects/MyApplication32/app/build/generated/source/r/debug/com’: Permission denied
find: ‘/home/android/AndroidStudioProjects/Listview/app/build/generated/source/r/debug/com’: Permission denied
find: ‘/home/android/AndroidStudioProjects/Listview2/app/build/generated/source/r/debug/com’: Permission denied
find: ‘/home/android/AndroidStudioProjects/SQL/app/build/generated/source/r/debug/com’: Permission denied
find: ‘/home/android/AndroidStudioProjects/MyApplication5/app/build/generated/source/r/debug/com’: Permission denied
find: ‘/home/android/AndroidStudioProjects/justcal/app/build/generated/source/r/debug/com’: Permission denied
find: ‘/home/android/AndroidStudioProjects/MyFirstApp/app/build/generated/source/r/debug/com’: Permission denied
find: ‘/home/android/AndroidStudioProjects/implcitmap/app/build/generated/source/r/debug/com’: Permission denied
find: ‘/home/android/AndroidStudioProjects/Dynamic/app/build/generated/source/r/debug/com’: Permission denied
find: ‘/home/android/AndroidStudioProjects/ListView/app/build/generated/source/r/debug/com’: Permission denied
find: ‘/home/android/AndroidStudioProjects/MyApplication2/app/build/generated/source/r/debug/com’: Permission denied
find: ‘/home/android/AndroidStudioProjects/MyApplication6/app/build/generated/source/r/debug/com’: Permission denied
find: ‘/home/android/AndroidStudioProjects/MyApplication22/app/build/generated/source/r/debug/com’: Permission denied
find: ‘/home/android/AndroidStudioProjects/MyApplication/app/build/generated/source/r/debug/com’: Permission denied
find: ‘/home/android/AndroidStudioProjects/Implicit/app/build/generated/source/r/debug/com’: Permission denied
find: ‘/home/android/AndroidStudioProjects/SQL1/app/build/generated/source/r/debug/com’: Permission denied
find: ‘/home/android/AndroidStudioProjects/Calculator/app/build/generated/source/r/debug/com’: Permission denied
find: ‘/home/android/AndroidStudioProjects/Mark2/app/build/generated/source/r/debug/com’: Permission denied
find: ‘/home/android/AndroidStudioProjects/Details/app/build/generated/source/r/debug/com’: Permission denied
find: ‘/home/android/.java/.userPrefs’: Permission denied
find: ‘/home/android/.cache’: Permission denied
find: ‘/home/android/.config’: Permission denied
find: ‘/home/android/.mozilla’: Permission denied
find: ‘/home/android/.gnupg’: Permission denied
find: ‘/home/android/.local’: Permission denied
find: ‘/home/android/.gradle/daemon/4.4’: Permission denied
find: ‘/home/android/.gnome’: Permission denied
find: ‘/etc/chatscripts’: Permission denied
find: ‘/etc/ppp/peers’: Permission denied
find: ‘/etc/cups/ssl’: Permission denied
find: ‘/etc/ssl/private’: Permission denied
find: ‘/etc/polkit-1/localauthority’: Permission denied
find: ‘/root’: Permission denied
find: ‘/snap/core/6350/etc/chatscripts’: Permission denied
find: ‘/snap/core/6350/etc/ppp/peers’: Permission denied
find: ‘/snap/core/6350/etc/ssl/private’: Permission denied
find: ‘/snap/core/6350/root’: Permission denied
find: ‘/snap/core/6350/var/cache/ldconfig’: Permission denied
find: ‘/snap/core/6350/var/lib/machines’: Permission denied
find: ‘/snap/core/6350/var/lib/waagent’: Permission denied
find: ‘/snap/core/6350/var/spool/cron/crontabs’: Permission denied
find: ‘/snap/core/6350/var/spool/rsyslog’: Permission denied
find: ‘/snap/core/6405/etc/chatscripts’: Permission denied
find: ‘/snap/core/6405/etc/ppp/peers’: Permission denied
find: ‘/snap/core/6405/etc/ssl/private’: Permission denied
find: ‘/snap/core/6405/root’: Permission denied
find: ‘/snap/core/6405/var/cache/ldconfig’: Permission denied
find: ‘/snap/core/6405/var/lib/machines’: Permission denied
find: ‘/snap/core/6405/var/lib/waagent’: Permission denied
find: ‘/snap/core/6405/var/spool/cron/crontabs’: Permission denied
find: ‘/snap/core/6405/var/spool/rsyslog’: Permission denied
find: ‘/snap/core/6259/etc/chatscripts’: Permission denied
find: ‘/snap/core/6259/etc/ppp/peers’: Permission denied
find: ‘/snap/core/6259/etc/ssl/private’: Permission denied
find: ‘/snap/core/6259/root’: Permission denied
find: ‘/snap/core/6259/var/cache/ldconfig’: Permission denied
find: ‘/snap/core/6259/var/lib/machines’: Permission denied
find: ‘/snap/core/6259/var/lib/waagent’: Permission denied
find: ‘/snap/core/6259/var/spool/cron/crontabs’: Permission denied
find: ‘/snap/core/6259/var/spool/rsyslog’: Permission denied
find: ‘/var/lib/fwupd/gnupg’: Permission denied
find: ‘/var/lib/private’: Permission denied
find: ‘/var/lib/gdm3/.cache/libgweather’: Permission denied
find: ‘/var/lib/gdm3/.config/gnome-session’: Permission denied
find: ‘/var/lib/gdm3/.config/pulse’: Permission denied
find: ‘/var/lib/gdm3/.config/ibus’: Permission denied
find: ‘/var/lib/gdm3/.gnupg’: Permission denied
find: ‘/var/lib/gdm3/.local’: Permission denied
find: ‘/var/lib/geoclue/.cache’: Permission denied
find: ‘/var/lib/php/sessions’: Permission denied
find: ‘/var/lib/update-notifier/package-data-downloads/partial’: Permission denied
find: ‘/var/lib/snapd/cookie’: Permission denied
find: ‘/var/lib/snapd/cache’: Permission denied
find: ‘/var/lib/colord/.cache’: Permission denied
find: ‘/var/lib/apt/lists/partial’: Permission denied
find: ‘/var/lib/polkit-1’: Permission denied
find: ‘/var/lib/udisks2’: Permission denied
find: ‘/var/tmp/systemd-private-83b29986ea8d4e98a4ab38b42f634e58-fwupd.service-SRBawn’: Permission denied
find: ‘/var/tmp/systemd-private-83b29986ea8d4e98a4ab38b42f634e58-rtkit-daemon.service-isUCON’: Permission denied
find: ‘/var/tmp/systemd-private-83b29986ea8d4e98a4ab38b42f634e58-bolt.service-KRFMe1’: Permission denied
find: ‘/var/tmp/systemd-private-83b29986ea8d4e98a4ab38b42f634e58-colord.service-gTDxIH’: Permission denied
find: ‘/var/tmp/systemd-private-83b29986ea8d4e98a4ab38b42f634e58-systemd-resolved.service-lJN9ge’: Permission denied
find: ‘/var/tmp/systemd-private-83b29986ea8d4e98a4ab38b42f634e58-systemd-timesyncd.service-OiEAh0’: Permission denied
find: ‘/var/spool/cron/crontabs’: Permission denied
find: ‘/var/spool/cups’: Permission denied
find: ‘/var/spool/rsyslog’: Permission denied
find: ‘/var/cache/ldconfig’: Permission denied
find: ‘/var/cache/cups’: Permission denied
find: ‘/var/cache/apt/archives/partial’: Permission denied
find: ‘/var/log/gdm3’: Permission denied
find: ‘/var/log/speech-dispatcher’: Permission denied
find: ‘/var/log/unattended-upgrades’: Permission denied
find: ‘/lost+found’: Permission denied
student@T14:~/ajce/mca/copy$ find -iname file1.txt
./merge/file1.txt
./file1.txt
student@T14:~/ajce/mca/copy$ find -type d -name "*.txt"
student@T14:~/ajce/mca/copy$ find -type d -name file1.txt
student@T14:~/ajce/mca/copy$ ls
c1.txt  file1.txt  g3.txt     grep.txt  n1  new.txt
fake    file2.txt  grep2.txt  merge     n2
student@T14:~/ajce/mca/copy$ tar -czvf n123.tar.gz   
tar: Cowardly refusing to create an empty archive
Try 'tar --help' or 'tar --usage' for more information.
student@T14:~/ajce/mca/copy$ tar -czvf n123.tar.gz copy  
tar: copy: Cannot stat: No such file or directory
tar: Exiting with failure status due to previous errors
student@T14:~/ajce/mca/copy$ tar -xzvf n123.tar.gz
student@T14:~/ajce/mca/copy$ cd n1
student@T14:~/ajce/mca/copy/n1$ ls
n123.tar.gz
student@T14:~/ajce/mca/copy/n1$ tar -xzvf n123.tar.gz
student@T14:~/ajce/mca/copy/n1$ tar -xzvf n123.tar.gz *.txt
tar: Pattern matching characters used in file names
tar: Use --wildcards to enable pattern matching, or --no-wildcards to suppress this warning
tar: *.txt: Not found in archive
tar: Exiting with failure status due to previous errors
student@T14:~/ajce/mca/copy/n1$ cd ..  
student@T14:~/ajce/mca/copy$ tar -czvf new.tar.gz *.txt  
c1.txt
file1.txt
file2.txt
g3.txt
grep2.txt
grep.txt
new.txt
student@T14:~/ajce/mca/copy$ tar -czvf new.tar.gz merge
merge/
merge/c1.txt
merge/g1.txt
merge/file2.txt
merge/file1.txt
student@T14:~/ajce/mca/copy$ cd zip
student@T14:~/ajce/mca/copy/zip$ tar -xzvf new.tar.gz
merge/
merge/c1.txt
merge/g1.txt
merge/file2.txt
merge/file1.txt
student@T14:~/ajce/mca/copy/zip$ 

